Component: ARM Compiler 5.06 update 7 (build 960) Tool: armlink [4d3601]

==============================================================================

Section Cross References

    startup_stm32f103xb.o(STACK) refers (Special) to heapauxi.o(.text) for __use_two_region_memory
    startup_stm32f103xb.o(HEAP) refers (Special) to heapauxi.o(.text) for __use_two_region_memory
    startup_stm32f103xb.o(RESET) refers (Special) to heapauxi.o(.text) for __use_two_region_memory
    startup_stm32f103xb.o(RESET) refers to startup_stm32f103xb.o(STACK) for __initial_sp
    startup_stm32f103xb.o(RESET) refers to startup_stm32f103xb.o(.text) for Reset_Handler
    startup_stm32f103xb.o(RESET) refers to stm32f1xx_it.o(i.NMI_Handler) for NMI_Handler
    startup_stm32f103xb.o(RESET) refers to stm32f1xx_it.o(i.HardFault_Handler) for HardFault_Handler
    startup_stm32f103xb.o(RESET) refers to stm32f1xx_it.o(i.MemManage_Handler) for MemManage_Handler
    startup_stm32f103xb.o(RESET) refers to stm32f1xx_it.o(i.BusFault_Handler) for BusFault_Handler
    startup_stm32f103xb.o(RESET) refers to stm32f1xx_it.o(i.UsageFault_Handler) for UsageFault_Handler
    startup_stm32f103xb.o(RESET) refers to port.o(.emb_text) for SVC_Handler
    startup_stm32f103xb.o(RESET) refers to stm32f1xx_it.o(i.DebugMon_Handler) for DebugMon_Handler
    startup_stm32f103xb.o(RESET) refers to cmsis_os2.o(i.SysTick_Handler) for SysTick_Handler
    startup_stm32f103xb.o(RESET) refers to stm32f1xx_it.o(i.TIM4_IRQHandler) for TIM4_IRQHandler
    startup_stm32f103xb.o(.text) refers (Special) to heapauxi.o(.text) for __use_two_region_memory
    startup_stm32f103xb.o(.text) refers to system_stm32f1xx.o(i.SystemInit) for SystemInit
    startup_stm32f103xb.o(.text) refers to __main.o(!!!main) for __main
    startup_stm32f103xb.o(.text) refers to startup_stm32f103xb.o(HEAP) for Heap_Mem
    startup_stm32f103xb.o(.text) refers to startup_stm32f103xb.o(STACK) for Stack_Mem
    main.o(i.HAL_TIM_PeriodElapsedCallback) refers to stm32f1xx_hal.o(i.HAL_IncTick) for HAL_IncTick
    main.o(i.SystemClock_Config) refers to rt_memclr_w.o(.text) for __aeabi_memclr4
    main.o(i.SystemClock_Config) refers to stm32f1xx_hal_rcc.o(i.HAL_RCC_OscConfig) for HAL_RCC_OscConfig
    main.o(i.SystemClock_Config) refers to stm32f1xx_hal_rcc.o(i.HAL_RCC_ClockConfig) for HAL_RCC_ClockConfig
    main.o(i.main) refers to stm32f1xx_hal.o(i.HAL_Init) for HAL_Init
    main.o(i.main) refers to main.o(i.SystemClock_Config) for SystemClock_Config
    main.o(i.main) refers to gpio.o(i.MX_GPIO_Init) for MX_GPIO_Init
    main.o(i.main) refers to i2c.o(i.MX_I2C1_Init) for MX_I2C1_Init
    main.o(i.main) refers to i2c.o(i.MX_I2C2_Init) for MX_I2C2_Init
    main.o(i.main) refers to cmsis_os2.o(i.osKernelInitialize) for osKernelInitialize
    main.o(i.main) refers to freertos.o(i.MX_FREERTOS_Init) for MX_FREERTOS_Init
    main.o(i.main) refers to cmsis_os2.o(i.osKernelStart) for osKernelStart
    freertos.o(i.MX_FREERTOS_Init) refers to cmsis_os2.o(i.osThreadNew) for osThreadNew
    freertos.o(i.MX_FREERTOS_Init) refers to tasks.o(i.xTaskCreate) for xTaskCreate
    freertos.o(i.MX_FREERTOS_Init) refers to freertos.o(.constdata) for .constdata
    freertos.o(i.MX_FREERTOS_Init) refers to freertos.o(i.StartDefaultTask) for StartDefaultTask
    freertos.o(i.MX_FREERTOS_Init) refers to freertos.o(.data) for .data
    freertos.o(i.MX_FREERTOS_Init) refers to showbmp280.o(i.ShowBMP280Task) for ShowBMP280Task
    freertos.o(i.StartDefaultTask) refers to cmsis_os2.o(i.osDelay) for osDelay
    freertos.o(.constdata) refers to freertos.o(.conststring) for .conststring
    i2c.o(i.HAL_I2C_MspDeInit) refers to stm32f1xx_hal_gpio.o(i.HAL_GPIO_DeInit) for HAL_GPIO_DeInit
    i2c.o(i.HAL_I2C_MspInit) refers to stm32f1xx_hal_gpio.o(i.HAL_GPIO_Init) for HAL_GPIO_Init
    i2c.o(i.MX_I2C1_Init) refers to stm32f1xx_hal_i2c.o(i.HAL_I2C_Init) for HAL_I2C_Init
    i2c.o(i.MX_I2C1_Init) refers to main.o(i.Error_Handler) for Error_Handler
    i2c.o(i.MX_I2C1_Init) refers to i2c.o(.bss) for .bss
    i2c.o(i.MX_I2C2_Init) refers to stm32f1xx_hal_i2c.o(i.HAL_I2C_Init) for HAL_I2C_Init
    i2c.o(i.MX_I2C2_Init) refers to main.o(i.Error_Handler) for Error_Handler
    i2c.o(i.MX_I2C2_Init) refers to i2c.o(.bss) for .bss
    stm32f1xx_it.o(i.TIM4_IRQHandler) refers to stm32f1xx_hal_tim.o(i.HAL_TIM_IRQHandler) for HAL_TIM_IRQHandler
    stm32f1xx_it.o(i.TIM4_IRQHandler) refers to stm32f1xx_hal_timebase_tim.o(.bss) for htim4
    stm32f1xx_hal_msp.o(i.HAL_MspInit) refers to stm32f1xx_hal_cortex.o(i.HAL_NVIC_SetPriority) for HAL_NVIC_SetPriority
    stm32f1xx_hal_timebase_tim.o(i.HAL_InitTick) refers to stm32f1xx_hal_rcc.o(i.HAL_RCC_GetClockConfig) for HAL_RCC_GetClockConfig
    stm32f1xx_hal_timebase_tim.o(i.HAL_InitTick) refers to stm32f1xx_hal_rcc.o(i.HAL_RCC_GetPCLK1Freq) for HAL_RCC_GetPCLK1Freq
    stm32f1xx_hal_timebase_tim.o(i.HAL_InitTick) refers to stm32f1xx_hal_tim.o(i.HAL_TIM_Base_Init) for HAL_TIM_Base_Init
[...]
    _printf_f                                0x08000161   Thumb Code     0  _printf_f.o(.ARM.Collect$$_printf_percent$$00000003)
    _printf_percent                          0x08000161   Thumb Code     0  _printf_percent.o(.ARM.Collect$$_printf_percent$$00000000)
    _printf_percent_end                      0x08000167   Thumb Code     0  _printf_percent_end.o(.ARM.Collect$$_printf_percent$$00000017)
    __rt_lib_init                            0x0800016b   Thumb Code     0  libinit.o(.ARM.Collect$$libinit$$00000000)
    __rt_lib_init_fp_1                       0x0800016d   Thumb Code     0  libinit2.o(.ARM.Collect$$libinit$$00000002)
    __rt_lib_init_heap_1                     0x0800016d   Thumb Code     0  libinit2.o(.ARM.Collect$$libinit$$0000000A)
    __rt_lib_init_lc_common                  0x0800016d   Thumb Code     0  libinit2.o(.ARM.Collect$$libinit$$0000000F)
    __rt_lib_init_preinit_1                  0x0800016d   Thumb Code     0  libinit2.o(.ARM.Collect$$libinit$$00000004)
    __rt_lib_init_rand_1                     0x0800016d   Thumb Code     0  libinit2.o(.ARM.Collect$$libinit$$0000000E)
    __rt_lib_init_user_alloc_1               0x0800016d   Thumb Code     0  libinit2.o(.ARM.Collect$$libinit$$0000000C)
    __rt_lib_init_lc_collate_1               0x08000173   Thumb Code     0  libinit2.o(.ARM.Collect$$libinit$$00000011)
    __rt_lib_init_lc_ctype_1                 0x08000173   Thumb Code     0  libinit2.o(.ARM.Collect$$libinit$$00000013)
    __rt_lib_init_lc_monetary_1              0x08000173   Thumb Code     0  libinit2.o(.ARM.Collect$$libinit$$00000015)
    __rt_lib_init_lc_numeric_2               0x08000173   Thumb Code     0  libinit2.o(.ARM.Collect$$libinit$$00000016)
    __rt_lib_init_alloca_1                   0x0800017d   Thumb Code     0  libinit2.o(.ARM.Collect$$libinit$$0000002E)
    __rt_lib_init_argv_1                     0x0800017d   Thumb Code     0  libinit2.o(.ARM.Collect$$libinit$$0000002C)
    __rt_lib_init_atexit_1                   0x0800017d   Thumb Code     0  libinit2.o(.ARM.Collect$$libinit$$0000001B)
    __rt_lib_init_clock_1                    0x0800017d   Thumb Code     0  libinit2.o(.ARM.Collect$$libinit$$00000021)
    __rt_lib_init_cpp_1                      0x0800017d   Thumb Code     0  libinit2.o(.ARM.Collect$$libinit$$00000032)
    __rt_lib_init_exceptions_1               0x0800017d   Thumb Code     0  libinit2.o(.ARM.Collect$$libinit$$00000030)
    __rt_lib_init_fp_trap_1                  0x0800017d   Thumb Code     0  libinit2.o(.ARM.Collect$$libinit$$0000001F)
    __rt_lib_init_getenv_1                   0x0800017d   Thumb Code     0  libinit2.o(.ARM.Collect$$libinit$$00000023)
    __rt_lib_init_lc_numeric_1               0x0800017d   Thumb Code     0  libinit2.o(.ARM.Collect$$libinit$$00000017)
    __rt_lib_init_lc_time_1                  0x0800017d   Thumb Code     0  libinit2.o(.ARM.Collect$$libinit$$00000019)
    __rt_lib_init_return                     0x0800017d   Thumb Code     0  libinit2.o(.ARM.Collect$$libinit$$00000033)
    __rt_lib_init_signal_1                   0x0800017d   Thumb Code     0  libinit2.o(.ARM.Collect$$libinit$$0000001D)
    __rt_lib_init_stdio_1                    0x0800017d   Thumb Code     0  libinit2.o(.ARM.Collect$$libinit$$00000025)
    __rt_lib_shutdown                        0x0800017f   Thumb Code     0  libshutdown.o(.ARM.Collect$$libshutdown$$00000000)
    __rt_lib_shutdown_cpp_1                  0x08000181   Thumb Code     0  libshutdown2.o(.ARM.Collect$$libshutdown$$00000004)
    __rt_lib_shutdown_fini_1                 0x08000181   Thumb Code     0  libshutdown2.o(.ARM.Collect$$libshutdown$$00000002)
    __rt_lib_shutdown_fp_trap_1              0x08000181   Thumb Code     0  libshutdown2.o(.ARM.Collect$$libshutdown$$00000009)
    __rt_lib_shutdown_heap_1                 0x08000181   Thumb Code     0  libshutdown2.o(.ARM.Collect$$libshutdown$$00000011)
    __rt_lib_shutdown_return                 0x08000181   Thumb Code     0  libshutdown2.o(.ARM.Collect$$libshutdown$$00000012)
    __rt_lib_shutdown_signal_1               0x08000181   Thumb Code     0  libshutdown2.o(.ARM.Collect$$libshutdown$$0000000C)
    __rt_lib_shutdown_stdio_1                0x08000181   Thumb Code     0  libshutdown2.o(.ARM.Collect$$libshutdown$$00000006)
    __rt_lib_shutdown_user_alloc_1           0x08000181   Thumb Code     0  libshutdown2.o(.ARM.Collect$$libshutdown$$0000000E)
    __rt_entry                               0x08000183   Thumb Code     0  __rtentry.o(.ARM.Collect$$rtentry$$00000000)
    __rt_entry_presh_1                       0x08000183   Thumb Code     0  __rtentry2.o(.ARM.Collect$$rtentry$$00000002)
    __rt_entry_sh                            0x08000183   Thumb Code     0  __rtentry4.o(.ARM.Collect$$rtentry$$00000004)
    __rt_entry_li                            0x08000189   Thumb Code     0  __rtentry2.o(.ARM.Collect$$rtentry$$0000000A)
    __rt_entry_postsh_1                      0x08000189   Thumb Code     0  __rtentry2.o(.ARM.Collect$$rtentry$$00000009)
    __rt_entry_main                          0x0800018d   Thumb Code     0  __rtentry2.o(.ARM.Collect$$rtentry$$0000000D)
    __rt_entry_postli_1                      0x0800018d   Thumb Code     0  __rtentry2.o(.ARM.Collect$$rtentry$$0000000C)
    __rt_exit                                0x08000195   Thumb Code     0  rtexit.o(.ARM.Collect$$rtexit$$00000000)
    __rt_exit_ls                             0x08000197   Thumb Code     0  rtexit2.o(.ARM.Collect$$rtexit$$00000003)
    __rt_exit_prels_1                        0x08000197   Thumb Code     0  rtexit2.o(.ARM.Collect$$rtexit$$00000002)
    __rt_exit_exit                           0x0800019b   Thumb Code     0  rtexit2.o(.ARM.Collect$$rtexit$$00000004)
    SVC_Handler                              0x080001a1   Thumb Code    32  port.o(.emb_text)
    __asm___6_port_c_39a90d8d__prvStartFirstTask 0x080001c5   Thumb Code    28  port.o(.emb_text)
    PendSV_Handler                           0x080001e5   Thumb Code    72  port.o(.emb_text)
    vPortGetIPSR                             0x08000231   Thumb Code     6  port.o(.emb_text)
    Reset_Handler                            0x08000239   Thumb Code     8  startup_stm32f103xb.o(.text)
    ADC1_2_IRQHandler                        0x08000253   Thumb Code     0  startup_stm32f103xb.o(.text)
    CAN1_RX1_IRQHandler                      0x08000253   Thumb Code     0  startup_stm32f103xb.o(.text)
    CAN1_SCE_IRQHandler                      0x08000253   Thumb Code     0  startup_stm32f103xb.o(.text)
    DMA1_Channel1_IRQHandler                 0x08000253   Thumb Code     0  startup_stm32f103xb.o(.text)
    DMA1_Channel2_IRQHandler                 0x08000253   Thumb Code     0  startup_stm32f103xb.o(.text)
    DMA1_Channel3_IRQHandler                 0x08000253   Thumb Code     0  startup_stm32f103xb.o(.text)
    DMA1_Channel4_IRQHandler                 0x08000253   Thumb Code     0  startup_stm32f103xb.o(.text)
    DMA1_Channel5_IRQHandler                 0x08000253   Thumb Code     0  startup_stm32f103xb.o(.text)
    DMA1_Channel6_IRQHandler                 0x08000253   Thumb Code     0  startup_stm32f103xb.o(.text)
    DMA1_Channel7_IRQHandler                 0x08000253   Thumb Code     0  startup_stm32f103xb.o(.text)
    EXTI0_IRQHandler                         0x08000253   Thumb Code     0  startup_stm32f103xb.o(.text)
    EXTI15_10_IRQHandler                     0x08000253   Thumb Code     0  startup_stm32f103xb.o(.text)
    EXTI1_IRQHandler                         0x08000253   Thumb Code     0  startup_stm32f103xb.o(.text)
    EXTI2_IRQHandler                         0x08000253   Thumb Code     0  startup_stm32f103xb.o(.text)
    EXTI3_IRQHandler                         0x08000253   Thumb Code     0  startup_stm32f103xb.o(.text)
    EXTI4_IRQHandler                         0x08000253   Thumb Code     0  startup_stm32f103xb.o(.text)
    EXTI9_5_IRQHandler                       0x08000253   Thumb Code     0  startup_stm32f103xb.o(.text)
    FLASH_IRQHandler                         0x08000253   Thumb Code     0  startup_stm32f103xb.o(.text)
    I2C1_ER_IRQHandler                       0x08000253   Thumb Code     0  startup_stm32f103xb.o(.text)
    I2C1_EV_IRQHandler                       0x08000253   Thumb Code     0  startup_stm32f103xb.o(.text)
    I2C2_ER_IRQHandler                       0x08000253   Thumb Code     0  startup_stm32f103xb.o(.text)
    I2C2_EV_IRQHandler                       0x08000253   Thumb Code     0  startup_stm32f103xb.o(.text)
    PVD_IRQHandler                           0x08000253   Thumb Code     0  startup_stm32f103xb.o(.text)
    RCC_IRQHandler                           0x08000253   Thumb Code     0  startup_stm32f103xb.o(.text)
    RTC_Alarm_IRQHandler                     0x08000253   Thumb Code     0  startup_stm32f103xb.o(.text)
    RTC_IRQHandler                           0x08000253   Thumb Code     0  startup_stm32f103xb.o(.text)
    SPI1_IRQHandler                          0x08000253   Thumb Code     0  startup_stm32f103xb.o(.text)
    SPI2_IRQHandler                          0x08000253   Thumb Code     0  startup_stm32f103xb.o(.text)
    TAMPER_IRQHandler                        0x08000253   Thumb Code     0  startup_stm32f103xb.o(.text)
    TIM1_BRK_IRQHandler                      0x08000253   Thumb Code     0  startup_stm32f103xb.o(.text)
    TIM1_CC_IRQHandler                       0x08000253   Thumb Code     0  startup_stm32f103xb.o(.text)
    TIM1_TRG_COM_IRQHandler                  0x08000253   Thumb Code     0  startup_stm32f103xb.o(.text)
    TIM1_UP_IRQHandler                       0x08000253   Thumb Code     0  startup_stm32f103xb.o(.text)
    TIM2_IRQHandler                          0x08000253   Thumb Code     0  startup_stm32f103xb.o(.text)
    TIM3_IRQHandler                          0x08000253   Thumb Code     0  startup_stm32f103xb.o(.text)
    USART1_IRQHandler                        0x08000253   Thumb Code     0  startup_stm32f103xb.o(.text)
    USART2_IRQHandler                        0x08000253   Thumb Code     0  startup_stm32f103xb.o(.text)
    USART3_IRQHandler                        0x08000253   Thumb Code     0  startup_stm32f103xb.o(.text)
    USBWakeUp_IRQHandler                     0x08000253   Thumb Code     0  startup_stm32f103xb.o(.text)
    USB_HP_CAN1_TX_IRQHandler                0x08000253   Thumb Code     0  startup_stm32f103xb.o(.text)
    USB_LP_CAN1_RX0_IRQHandler               0x08000253   Thumb Code     0  startup_stm32f103xb.o(.text)
    WWDG_IRQHandler                          0x08000253   Thumb Code     0  startup_stm32f103xb.o(.text)
    __user_initial_stackheap                 0x08000255   Thumb Code     0  startup_stm32f103xb.o(.text)
    __aeabi_ldivmod                          0x08000279   Thumb Code     0  llsdiv.o(.text)
    _ll_sdiv                                 0x08000279   Thumb Code    72  llsdiv.o(.text)
    __2sprintf                               0x080002c1   Thumb Code    34  noretval__2sprintf.o(.text)
    __printf                                 0x080002e9   Thumb Code   270  __printf_wp.o(.text)
    __aeabi_memcpy                           0x080003f7   Thumb Code     0  rt_memcpy_v6.o(.text)
    __rt_memcpy                              0x080003f7   Thumb Code   138  rt_memcpy_v6.o(.text)
    _memcpy_lastbytes                        0x0800045d   Thumb Code     0  rt_memcpy_v6.o(.text)
    __aeabi_memset                           0x08000481   Thumb Code    16  aeabi_memset.o(.text)
    __aeabi_memclr                           0x08000491   Thumb Code     0  rt_memclr.o(.text)
    __rt_memclr                              0x08000491   Thumb Code    68  rt_memclr.o(.text)
    _memset                                  0x08000495   Thumb Code     0  rt_memclr.o(.text)
    __aeabi_memclr4                          0x080004d5   Thumb Code     0  rt_memclr_w.o(.text)
    __aeabi_memclr8                          0x080004d5   Thumb Code     0  rt_memclr_w.o(.text)
    __rt_memclr_w                            0x080004d5   Thumb Code    78  rt_memclr_w.o(.text)
    _memset_w                                0x080004d9   Thumb Code     0  rt_memclr_w.o(.text)
    __use_two_region_memory                  0x08000523   Thumb Code     2  heapauxi.o(.text)
    __rt_heap_escrow$2region                 0x08000525   Thumb Code     2  heapauxi.o(.text)
    __rt_heap_expand$2region                 0x08000527   Thumb Code     2  heapauxi.o(.text)
    __aeabi_uldivmod                         0x08000529   Thumb Code     0  lludivv7m.o(.text)
    _ll_udiv                                 0x08000529   Thumb Code   238  lludivv7m.o(.text)
    __read_errno                             0x08000617   Thumb Code    10  _rserrno.o(.text)
    __set_errno                              0x08000621   Thumb Code    12  _rserrno.o(.text)
    __lib_sel_fp_printf                      0x0800062d   Thumb Code     2  _printf_fp_dec.o(.text)
    _printf_fp_dec_real                      0x080007df   Thumb Code   620  _printf_fp_dec.o(.text)
    _printf_char_common                      0x08000a57   Thumb Code    32  _printf_char_common.o(.text)
    _sputc                                   0x08000a7d   Thumb Code    10  _sputc.o(.text)
    __aeabi_memcpy4                          0x08000a87   Thumb Code     0  rt_memcpy_w.o(.text)
    __aeabi_memcpy8                          0x08000a87   Thumb Code     0  rt_memcpy_w.o(.text)
    __rt_memcpy_w                            0x08000a87   Thumb Code   100  rt_memcpy_w.o(.text)
    _memcpy_lastbytes_aligned                0x08000acf   Thumb Code     0  rt_memcpy_w.o(.text)
    __rt_locale                              0x08000aed   Thumb Code     8  rt_locale_intlibspace.o(.text)
    __aeabi_errno_addr                       0x08000af5   Thumb Code     8  rt_errno_addr_intlibspace.o(.text)
    __errno$intlibspace                      0x08000af5   Thumb Code     0  rt_errno_addr_intlibspace.o(.text)
    __rt_errno_addr$intlibspace              0x08000af5   Thumb Code     0  rt_errno_addr_intlibspace.o(.text)
    _ll_udiv10                               0x08000afd   Thumb Code   138  lludiv10.o(.text)
    _printf_fp_infnan                        0x08000b89   Thumb Code   112  _printf_fp_infnan.o(.text)
    _btod_etento                             0x08000c09   Thumb Code   224  bigflt0.o(.text)
    __user_libspace                          0x08000ced   Thumb Code     8  libspace.o(.text)
    __user_perproc_libspace                  0x08000ced   Thumb Code     0  libspace.o(.text)
    __user_perthread_libspace                0x08000ced   Thumb Code     0  libspace.o(.text)
    __user_setup_stackheap                   0x08000cf5   Thumb Code    74  sys_stackheap_outer.o(.text)
    exit                                     0x08000d3f   Thumb Code    18  exit.o(.text)
    strcmp                                   0x08000d51   Thumb Code   128  strcmpv7m.o(.text)
    _sys_exit                                0x08000dd1   Thumb Code     8  sys_exit.o(.text)
    __I$use$semihosting                      0x08000ddd   Thumb Code     0  use_no_semi.o(.text)
    __use_no_semihosting_swi                 0x08000ddd   Thumb Code     2  use_no_semi.o(.text)
    __semihosting_library_function           0x08000ddf   Thumb Code     0  indicate_semi.o(.text)
    _btod_d2e                                0x08000ddf   Thumb Code    62  btod.o(CL$$btod_d2e)
    _d2e_denorm_low                          0x08000e1d   Thumb Code    70  btod.o(CL$$btod_d2e_denorm_low)
    _d2e_norm_op1                            0x08000e63   Thumb Code    96  btod.o(CL$$btod_d2e_norm_op1)
    __btod_div_common                        0x08000ec3   Thumb Code   696  btod.o(CL$$btod_div_common)
    _e2e                                     0x080011fb   Thumb Code   220  btod.o(CL$$btod_e2e)
    _btod_ediv                               0x080012d7   Thumb Code    42  btod.o(CL$$btod_ediv)
    _btod_emul                               0x08001301   Thumb Code    42  btod.o(CL$$btod_emul)
    __btod_mult_common                       0x0800132b   Thumb Code   580  btod.o(CL$$btod_mult_common)
    BusFault_Handler                         0x0800156f   Thumb Code     2  stm32f1xx_it.o(i.BusFault_Handler)
    DebugMon_Handler                         0x08001571   Thumb Code     2  stm32f1xx_it.o(i.DebugMon_Handler)
    Error_Handler                            0x08001573   Thumb Code     4  main.o(i.Error_Handler)
    HAL_Delay                                0x08001579   Thumb Code    32  stm32f1xx_hal.o(i.HAL_Delay)
    HAL_GPIO_Init                            0x0800159d   Thumb Code   446  stm32f1xx_hal_gpio.o(i.HAL_GPIO_Init)
    HAL_GetTick                              0x0800177d   Thumb Code     6  stm32f1xx_hal.o(i.HAL_GetTick)
    HAL_I2C_Init                             0x08001789   Thumb Code   376  stm32f1xx_hal_i2c.o(i.HAL_I2C_Init)
    HAL_I2C_Master_Transmit                  0x08001911   Thumb Code   290  stm32f1xx_hal_i2c.o(i.HAL_I2C_Master_Transmit)
    HAL_I2C_Mem_Read                         0x08001a3d   Thumb Code   586  stm32f1xx_hal_i2c.o(i.HAL_I2C_Mem_Read)
    HAL_I2C_Mem_Write                        0x08001c99   Thumb Code   294  stm32f1xx_hal_i2c.o(i.HAL_I2C_Mem_Write)
    HAL_I2C_MspInit                          0x08001dc9   Thumb Code   134  i2c.o(i.HAL_I2C_MspInit)
    HAL_IncTick                              0x08001e61   Thumb Code    12  stm32f1xx_hal.o(i.HAL_IncTick)
    HAL_Init                                 0x08001e71   Thumb Code    32  stm32f1xx_hal.o(i.HAL_Init)
    HAL_InitTick                             0x08001e95   Thumb Code   132  stm32f1xx_hal_timebase_tim.o(i.HAL_InitTick)
    HAL_MspInit                              0x08001f2d   Thumb Code    62  stm32f1xx_hal_msp.o(i.HAL_MspInit)
    HAL_NVIC_EnableIRQ                       0x08001f75   Thumb Code    26  stm32f1xx_hal_cortex.o(i.HAL_NVIC_EnableIRQ)
    HAL_NVIC_SetPriority                     0x08001f91   Thumb Code    60  stm32f1xx_hal_cortex.o(i.HAL_NVIC_SetPriority)
    HAL_NVIC_SetPriorityGrouping             0x08001fd1   Thumb Code    26  stm32f1xx_hal_cortex.o(i.HAL_NVIC_SetPriorityGrouping)
    HAL_RCC_ClockConfig                      0x08001ff5   Thumb Code   280  stm32f1xx_hal_rcc.o(i.HAL_RCC_ClockConfig)
    HAL_RCC_GetClockConfig                   0x08002121   Thumb Code    54  stm32f1xx_hal_rcc.o(i.HAL_RCC_GetClockConfig)
    HAL_RCC_GetPCLK1Freq                     0x08002161   Thumb Code    20  stm32f1xx_hal_rcc.o(i.HAL_RCC_GetPCLK1Freq)
    HAL_RCC_GetSysClockFreq                  0x08002181   Thumb Code    58  stm32f1xx_hal_rcc.o(i.HAL_RCC_GetSysClockFreq)
    HAL_RCC_OscConfig                        0x080021cd   Thumb Code   778  stm32f1xx_hal_rcc.o(i.HAL_RCC_OscConfig)
    HAL_TIMEx_BreakCallback                  0x080024ed   Thumb Code     2  stm32f1xx_hal_tim_ex.o(i.HAL_TIMEx_BreakCallback)
    HAL_TIMEx_CommutCallback                 0x080024ef   Thumb Code     2  stm32f1xx_hal_tim_ex.o(i.HAL_TIMEx_CommutCallback)
    HAL_TIM_Base_Init                        0x080024f1   Thumb Code    90  stm32f1xx_hal_tim.o(i.HAL_TIM_Base_Init)
    HAL_TIM_Base_MspInit                     0x0800254b   Thumb Code     2  stm32f1xx_hal_tim.o(i.HAL_TIM_Base_MspInit)
    HAL_TIM_Base_Start_IT                    0x0800254d   Thumb Code    76  stm32f1xx_hal_tim.o(i.HAL_TIM_Base_Start_IT)
    HAL_TIM_IC_CaptureCallback               0x080025a5   Thumb Code     2  stm32f1xx_hal_tim.o(i.HAL_TIM_IC_CaptureCallback)
    HAL_TIM_IRQHandler                       0x080025a7   Thumb Code   304  stm32f1xx_hal_tim.o(i.HAL_TIM_IRQHandler)
    HAL_TIM_OC_DelayElapsedCallback          0x080026d7   Thumb Code     2  stm32f1xx_hal_tim.o(i.HAL_TIM_OC_DelayElapsedCallback)
    HAL_TIM_PWM_PulseFinishedCallback        0x080026d9   Thumb Code     2  stm32f1xx_hal_tim.o(i.HAL_TIM_PWM_PulseFinishedCallback)
    HAL_TIM_PeriodElapsedCallback            0x080026dd   Thumb Code    14  main.o(i.HAL_TIM_PeriodElapsedCallback)
    HAL_TIM_TriggerCallback                  0x080026f1   Thumb Code     2  stm32f1xx_hal_tim.o(i.HAL_TIM_TriggerCallback)
    HardFault_Handler                        0x080026f3   Thumb Code     2  stm32f1xx_it.o(i.HardFault_Handler)
    MX_FREERTOS_Init                         0x08002bd1   Thumb Code    36  freertos.o(i.MX_FREERTOS_Init)
    MX_GPIO_Init                             0x08002c15   Thumb Code    70  gpio.o(i.MX_GPIO_Init)
    MX_I2C1_Init                             0x08002c61   Thumb Code    50  i2c.o(i.MX_I2C1_Init)
    MX_I2C2_Init                             0x08002ca1   Thumb Code    50  i2c.o(i.MX_I2C2_Init)
    MemManage_Handler                        0x08002ce1   Thumb Code     2  stm32f1xx_it.o(i.MemManage_Handler)
    NMI_Handler                              0x08002ce3   Thumb Code     2  stm32f1xx_it.o(i.NMI_Handler)
    ShowBMP280Task                           0x08002ce5   Thumb Code   238  showbmp280.o(i.ShowBMP280Task)
    StartDefaultTask                         0x08002e1d   Thumb Code     8  freertos.o(i.StartDefaultTask)
    SysTick_Handler                          0x08002e25   Thumb Code    26  cmsis_os2.o(i.SysTick_Handler)
    SystemClock_Config                       0x08002e3f   Thumb Code    94  main.o(i.SystemClock_Config)
    SystemInit                               0x08002e9d   Thumb Code     2  system_stm32f1xx.o(i.SystemInit)
    TIM4_IRQHandler                          0x08002ea1   Thumb Code     6  stm32f1xx_it.o(i.TIM4_IRQHandler)
    TIM_Base_SetConfig                       0x08002ead   Thumb Code   108  stm32f1xx_hal_tim.o(i.TIM_Base_SetConfig)
    UsageFault_Handler                       0x08002f25   Thumb Code     2  stm32f1xx_it.o(i.UsageFault_Handler)
    __ARM_fpclassify                         0x08002f27   Thumb Code    40  fpclassify.o(i.__ARM_fpclassify)
    __kernel_poly                            0x08002f6f   Thumb Code   170  poly.o(i.__kernel_poly)
    __mathlib_dbl_divzero                    0x08003019   Thumb Code    12  dunder.o(i.__mathlib_dbl_divzero)
    __mathlib_dbl_infnan2                    0x08003029   Thumb Code     4  dunder.o(i.__mathlib_dbl_infnan2)
    __mathlib_dbl_invalid                    0x0800302d   Thumb Code    12  dunder.o(i.__mathlib_dbl_invalid)
    __mathlib_dbl_overflow                   0x08003039   Thumb Code    14  dunder.o(i.__mathlib_dbl_overflow)
    __mathlib_dbl_underflow                  0x08003049   Thumb Code    10  dunder.o(i.__mathlib_dbl_underflow)
    _is_digit                                0x08003059   Thumb Code    14  __printf_wp.o(i._is_digit)
    bmp280_init                              0x08003067   Thumb Code   200  bmp280.o(i.bmp280_init)
    bmp280_init_default_params               0x0800312f   Thumb Code    18  bmp280.o(i.bmp280_init_default_params)
    bmp280_read_fixed                        0x08003141   Thumb Code   270  bmp280.o(i.bmp280_read_fixed)
    bmp280_read_float                        0x08003251   Thumb Code    80  bmp280.o(i.bmp280_read_float)
    data_conversion                          0x080033fd   Thumb Code    56  showbmp280.o(i.data_conversion)
    main                                     0x08003449   Thumb Code    34  main.o(i.main)
    osDelay                                  0x0800346b   Thumb Code    26  cmsis_os2.o(i.osDelay)
    osKernelInitialize                       0x08003485   Thumb Code    32  cmsis_os2.o(i.osKernelInitialize)
    osKernelStart                            0x080034a9   Thumb Code    48  cmsis_os2.o(i.osKernelStart)
    osThreadNew                              0x080034e1   Thumb Code   138  cmsis_os2.o(i.osThreadNew)
    pow                                      0x0800356d   Thumb Code  2512  pow.o(i.pow)
    pvPortMalloc                             0x080046d9   Thumb Code   216  heap_4.o(i.pvPortMalloc)
    pxPortInitialiseStack                    0x080047b5   Thumb Code    32  port.o(i.pxPortInitialiseStack)
    sqrt                                     0x08004963   Thumb Code    76  sqrt.o(i.sqrt)
    u8g2_ClearBuffer                         0x080049af   Thumb Code    18  u8g2_buffer.o(i.u8g2_ClearBuffer)
    u8g2_ClearDisplay                        0x080049c1   Thumb Code    30  u8g2_cleardisplay.o(i.u8g2_ClearDisplay)
    u8g2_DrawGlyph                           0x080049df   Thumb Code   112  u8g2_font.o(i.u8g2_DrawGlyph)
    u8g2_DrawHVLine                          0x08004a51   Thumb Code   172  u8g2_hvline.o(i.u8g2_DrawHVLine)
    u8g2_DrawStr                             0x08004afd   Thumb Code    12  u8g2_font.o(i.u8g2_DrawStr)
    u8g2_FirstPage                           0x08004b0d   Thumb Code    28  u8g2_buffer.o(i.u8g2_FirstPage)
    u8g2_IsIntersection                      0x08004b29   Thumb Code    48  u8g2_intersection.o(i.u8g2_IsIntersection)
    u8g2_NextPage                            0x08004b59   Thumb Code    62  u8g2_buffer.o(i.u8g2_NextPage)
    u8g2_SendBuffer                          0x08004b97   Thumb Code    18  u8g2_buffer.o(i.u8g2_SendBuffer)
    u8g2_SetBufferCurrTileRow                0x08004ba9   Thumb Code    28  u8g2_buffer.o(i.u8g2_SetBufferCurrTileRow)
    u8g2_SetFont                             0x08004bc5   Thumb Code    32  u8g2_font.o(i.u8g2_SetFont)
    u8g2_SetFontPosBaseline                  0x08004be5   Thumb Code     6  u8g2_font.o(i.u8g2_SetFontPosBaseline)
    u8g2_SetMaxClipWindow                    0x08004bf1   Thumb Code    28  u8g2_setup.o(i.u8g2_SetMaxClipWindow)
    u8g2_SetupBuffer                         0x08004c0d   Thumb Code    70  u8g2_setup.o(i.u8g2_SetupBuffer)
    u8g2_Setup_ssd1306_i2c_128x64_noname_f   0x08004c55   Thumb Code    42  u8g2_d_setup.o(i.u8g2_Setup_ssd1306_i2c_128x64_noname_f)
    u8g2_UpdateRefHeight                     0x08004c8d   Thumb Code    82  u8g2_font.o(i.u8g2_UpdateRefHeight)
    u8g2_add_vector_x                        0x08004cdf   Thumb Code    28  u8g2_font.o(i.u8g2_add_vector_x)
    u8g2_add_vector_y                        0x08004cfb   Thumb Code    28  u8g2_font.o(i.u8g2_add_vector_y)
    u8g2_config                              0x08004dc1   Thumb Code    46  data.o(i.u8g2_config)
    u8g2_draw_hv_line_2dir                   0x08004e05   Thumb Code    18  u8g2_hvline.o(i.u8g2_draw_hv_line_2dir)
    u8g2_draw_l90_r0                         0x08004e17   Thumb Code    12  u8g2_setup.o(i.u8g2_draw_l90_r0)
    u8g2_font_calc_vref_font                 0x08004e99   Thumb Code     4  u8g2_font.o(i.u8g2_font_calc_vref_font)
    u8g2_font_decode_get_signed_bits         0x08004e9d   Thumb Code    20  u8g2_font.o(i.u8g2_font_decode_get_signed_bits)
    u8g2_font_decode_get_unsigned_bits       0x08004eb1   Thumb Code    52  u8g2_font.o(i.u8g2_font_decode_get_unsigned_bits)
    u8g2_font_decode_glyph                   0x08004ee5   Thumb Code   276  u8g2_font.o(i.u8g2_font_decode_glyph)
    u8g2_font_decode_len                     0x08004ff9   Thumb Code   140  u8g2_font.o(i.u8g2_font_decode_len)
    u8g2_font_get_glyph_data                 0x08005085   Thumb Code   114  u8g2_font.o(i.u8g2_font_get_glyph_data)
    u8g2_is_intersection_decision_tree       0x0800513f   Thumb Code    24  u8g2_intersection.o(i.u8g2_is_intersection_decision_tree)
    u8g2_ll_hvline_vertical_top_lsb          0x08005159   Thumb Code   144  u8g2_ll_hvline.o(i.u8g2_ll_hvline_vertical_top_lsb)
    u8g2_m_16_8_f                            0x080051e9   Thumb Code     8  u8g2_d_memory.o(i.u8g2_m_16_8_f)
    u8g2_read_font_info                      0x080051f5   Thumb Code   106  u8g2_font.o(i.u8g2_read_font_info)
    u8g2_stm32_delay                         0x080052ad   Thumb Code    24  u8g2_d_setup.o(i.u8g2_stm32_delay)
    u8g2_update_dimension_r0                 0x0800530b   Thumb Code     4  u8g2_setup.o(i.u8g2_update_dimension_r0)
    u8g2_update_page_win_r0                  0x0800530f   Thumb Code    34  u8g2_setup.o(i.u8g2_update_page_win_r0)
    u8x8_DrawTile                            0x08005331   Thumb Code    30  u8x8_display.o(i.u8x8_DrawTile)
    u8x8_InitDisplay                         0x0800534f   Thumb Code    16  u8x8_display.o(i.u8x8_InitDisplay)
    u8x8_RefreshDisplay                      0x0800535f   Thumb Code    16  u8x8_display.o(i.u8x8_RefreshDisplay)
    u8x8_SetPowerSave                        0x0800536f   Thumb Code    16  u8x8_display.o(i.u8x8_SetPowerSave)
    u8x8_Setup                               0x0800537f   Thumb Code    34  u8x8_setup.o(i.u8x8_Setup)
    u8x8_SetupDefaults                       0x080053a1   Thumb Code    32  u8x8_setup.o(i.u8x8_SetupDefaults)
    u8x8_SetupMemory                         0x080053c5   Thumb Code    16  u8x8_display.o(i.u8x8_SetupMemory)
    u8x8_ascii_next                          0x080053d5   Thumb Code    14  u8x8_8x8.o(i.u8x8_ascii_next)
    u8x8_byte_EndTransfer                    0x080053e3   Thumb Code    16  u8x8_byte.o(i.u8x8_byte_EndTransfer)
    u8x8_byte_SendByte                       0x080053f3   Thumb Code    14  u8x8_byte.o(i.u8x8_byte_SendByte)
    u8x8_byte_StartTransfer                  0x08005401   Thumb Code    16  u8x8_byte.o(i.u8x8_byte_StartTransfer)
    u8x8_byte_hw_i2c                         0x08005411   Thumb Code    88  u8x8_byte.o(i.u8x8_byte_hw_i2c)
    u8x8_cad_EndTransfer                     0x08005475   Thumb Code    16  u8x8_cad.o(i.u8x8_cad_EndTransfer)
    u8x8_cad_SendArg                         0x08005485   Thumb Code    16  u8x8_cad.o(i.u8x8_cad_SendArg)
    u8x8_cad_SendCmd                         0x08005495   Thumb Code    16  u8x8_cad.o(i.u8x8_cad_SendCmd)
    u8x8_cad_SendData                        0x080054a5   Thumb Code    16  u8x8_cad.o(i.u8x8_cad_SendData)
    u8x8_cad_SendSequence                    0x080054b5   Thumb Code   104  u8x8_cad.o(i.u8x8_cad_SendSequence)
    u8x8_cad_StartTransfer                   0x0800551d   Thumb Code    16  u8x8_cad.o(i.u8x8_cad_StartTransfer)
    u8x8_cad_ssd13xx_fast_i2c                0x0800552d   Thumb Code   182  u8x8_cad.o(i.u8x8_cad_ssd13xx_fast_i2c)
    u8x8_d_helper_display_init               0x080055e9   Thumb Code    96  u8x8_display.o(i.u8x8_d_helper_display_init)
    u8x8_d_helper_display_setup_memory       0x08005649   Thumb Code    10  u8x8_display.o(i.u8x8_d_helper_display_setup_memory)
    u8x8_d_ssd1306_128x64_noname             0x08005655   Thumb Code    52  u8x8_d_ssd1306_128x64_noname.o(i.u8x8_d_ssd1306_128x64_noname)
    u8x8_dummy_cb                            0x08005759   Thumb Code     4  u8x8_setup.o(i.u8x8_dummy_cb)
    u8x8_gpio_call                           0x0800575d   Thumb Code    12  u8x8_gpio.o(i.u8x8_gpio_call)
    u8x8_utf8_init                           0x08005795   Thumb Code     8  u8x8_8x8.o(i.u8x8_utf8_init)
    uxListRemove                             0x0800579d   Thumb Code    38  list.o(i.uxListRemove)
    vApplicationGetIdleTaskMemory            0x080057c5   Thumb Code    16  cmsis_os2.o(i.vApplicationGetIdleTaskMemory)
    vApplicationGetTimerTaskMemory           0x080057d9   Thumb Code    18  cmsis_os2.o(i.vApplicationGetTimerTaskMemory)
    vListInitialise                          0x080057f1   Thumb Code    22  list.o(i.vListInitialise)
    vListInitialiseItem                      0x08005807   Thumb Code     6  list.o(i.vListInitialiseItem)
    vListInsert                              0x0800580d   Thumb Code    48  list.o(i.vListInsert)
    vListInsertEnd                           0x0800583d   Thumb Code    24  list.o(i.vListInsertEnd)
    vPortEnterCritical                       0x08005855   Thumb Code    54  port.o(i.vPortEnterCritical)
    vPortExitCritical                        0x08005895   Thumb Code    34  port.o(i.vPortExitCritical)
    vPortFree                                0x080058bd   Thumb Code    94  heap_4.o(i.vPortFree)
    vPortSetupTimerInterrupt                 0x08005921   Thumb Code    32  port.o(i.vPortSetupTimerInterrupt)
    vPortValidateInterruptPriority           0x08005945   Thumb Code    74  port.o(i.vPortValidateInterruptPriority)
    vQueueAddToRegistry                      0x08005999   Thumb Code    34  queue.o(i.vQueueAddToRegistry)
    vQueueWaitForMessageRestricted           0x080059c1   Thumb Code    68  queue.o(i.vQueueWaitForMessageRestricted)
    vTaskDelay                               0x08005a05   Thumb Code    66  tasks.o(i.vTaskDelay)
    vTaskInternalSetTimeOutState             0x08005a51   Thumb Code    12  tasks.o(i.vTaskInternalSetTimeOutState)
    vTaskMissedYield                         0x08005a61   Thumb Code     8  tasks.o(i.vTaskMissedYield)
    vTaskPlaceOnEventList                    0x08005a6d   Thumb Code    44  tasks.o(i.vTaskPlaceOnEventList)
    vTaskPlaceOnEventListRestricted          0x08005a9d   Thumb Code    52  tasks.o(i.vTaskPlaceOnEventListRestricted)
    vTaskStartScheduler                      0x08005ad5   Thumb Code   118  tasks.o(i.vTaskStartScheduler)
    vTaskSuspendAll                          0x08005b5d   Thumb Code    10  tasks.o(i.vTaskSuspendAll)
    vTaskSwitchContext                       0x08005b6d   Thumb Code    90  tasks.o(i.vTaskSwitchContext)
    xPortStartScheduler                      0x08005c01   Thumb Code   154  port.o(i.xPortStartScheduler)
    xPortSysTickHandler                      0x08005ca9   Thumb Code    38  port.o(i.xPortSysTickHandler)
    xQueueGenericCreateStatic                0x08005cd5   Thumb Code   102  queue.o(i.xQueueGenericCreateStatic)
    xQueueGenericReset                       0x08005d3d   Thumb Code   132  queue.o(i.xQueueGenericReset)
    xQueueGenericSend                        0x08005dc5   Thumb Code   346  queue.o(i.xQueueGenericSend)
    xQueueGenericSendFromISR                 0x08005f25   Thumb Code   190  queue.o(i.xQueueGenericSendFromISR)
    xQueueReceive                            0x08005fe5   Thumb Code   308  queue.o(i.xQueueReceive)
    xTaskCheckForTimeOut                     0x0800611d   Thumb Code   112  tasks.o(i.xTaskCheckForTimeOut)
    xTaskCreate                              0x08006191   Thumb Code    90  tasks.o(i.xTaskCreate)
    xTaskCreateStatic                        0x080061eb   Thumb Code    86  tasks.o(i.xTaskCreateStatic)
    xTaskGetSchedulerState                   0x08006241   Thumb Code    22  tasks.o(i.xTaskGetSchedulerState)
    xTaskGetTickCount                        0x0800625d   Thumb Code     6  tasks.o(i.xTaskGetTickCount)
    xTaskIncrementTick                       0x08006269   Thumb Code   192  tasks.o(i.xTaskIncrementTick)
    xTaskPriorityDisinherit                  0x08006331   Thumb Code   118  tasks.o(i.xTaskPriorityDisinherit)
    xTaskRemoveFromEventList                 0x080063b1   Thumb Code    98  tasks.o(i.xTaskRemoveFromEventList)
    xTaskResumeAll                           0x08006421   Thumb Code   182  tasks.o(i.xTaskResumeAll)
    xTimerCreateTimerTask                    0x080064e5   Thumb Code    78  timers.o(i.xTimerCreateTimerTask)
    xTimerGenericCommand                     0x08006545   Thumb Code    98  timers.o(i.xTimerGenericCommand)
    _get_lc_numeric                          0x080065ad   Thumb Code    44  lc_numeric_c.o(locale$$code)
    __aeabi_dadd                             0x080065d9   Thumb Code     0  daddsub_clz.o(x$fpl$dadd)
    _dadd                                    0x080065d9   Thumb Code   332  daddsub_clz.o(x$fpl$dadd)
    __fpl_dcheck_NaN1                        0x08006729   Thumb Code    10  dcheck1.o(x$fpl$dcheck1)
    __fpl_dcmp_Inf                           0x08006739   Thumb Code    24  dcmpi.o(x$fpl$dcmpinf)
    __aeabi_ddiv                             0x08006751   Thumb Code     0  ddiv.o(x$fpl$ddiv)
    _ddiv                                    0x08006751   Thumb Code   552  ddiv.o(x$fpl$ddiv)
    __aeabi_i2d                              0x08006a01   Thumb Code     0  dflt_clz.o(x$fpl$dflt)
    _dflt                                    0x08006a01   Thumb Code    46  dflt_clz.o(x$fpl$dflt)
    __aeabi_cdcmple                          0x08006a31   Thumb Code     0  dleqf.o(x$fpl$dleqf)
    _dcmple                                  0x08006a31   Thumb Code   120  dleqf.o(x$fpl$dleqf)
    __fpl_dcmple_InfNaN                      0x08006a93   Thumb Code     0  dleqf.o(x$fpl$dleqf)
    __aeabi_dmul                             0x08006aa9   Thumb Code     0  dmul.o(x$fpl$dmul)
    _dmul                                    0x08006aa9   Thumb Code   332  dmul.o(x$fpl$dmul)
    __fpl_dnaninf                            0x08006bfd   Thumb Code   156  dnaninf.o(x$fpl$dnaninf)
    __fpl_dretinf                            0x08006c99   Thumb Code    12  dretinf.o(x$fpl$dretinf)
    __aeabi_cdrcmple                         0x08006ca5   Thumb Code     0  drleqf.o(x$fpl$drleqf)
    _drcmple                                 0x08006ca5   Thumb Code   108  drleqf.o(x$fpl$drleqf)
    __aeabi_drsub                            0x08006d11   Thumb Code     0  daddsub_clz.o(x$fpl$drsb)
    _drsb                                    0x08006d11   Thumb Code    22  daddsub_clz.o(x$fpl$drsb)
    _dsqrt                                   0x08006d29   Thumb Code   456  dsqrt_noumaal.o(x$fpl$dsqrt)
    __aeabi_dsub                             0x08006ef5   Thumb Code     0  daddsub_clz.o(x$fpl$dsub)
    _dsub                                    0x08006ef5   Thumb Code   464  daddsub_clz.o(x$fpl$dsub)
    __aeabi_f2d                              0x080070c9   Thumb Code     0  f2d.o(x$fpl$f2d)
    _f2d                                     0x080070c9   Thumb Code    86  f2d.o(x$fpl$f2d)
    __fpl_fcheck_NaN1                        0x08007121   Thumb Code     6  fcheck1.o(x$fpl$fcheck1)
    __aeabi_fdiv                             0x0800712d   Thumb Code     0  fdiv.o(x$fpl$fdiv)
    _fdiv                                    0x0800712d   Thumb Code   384  fdiv.o(x$fpl$fdiv)
    __aeabi_i2f                              0x080072b1   Thumb Code     0  fflt_clz.o(x$fpl$fflt)
    _fflt                                    0x080072b1   Thumb Code    48  fflt_clz.o(x$fpl$fflt)
    __aeabi_ui2f                             0x080072e1   Thumb Code     0  fflt_clz.o(x$fpl$ffltu)
    _ffltu                                   0x080072e1   Thumb Code    38  fflt_clz.o(x$fpl$ffltu)
    __fpl_fnaninf                            0x08007307   Thumb Code   140  fnaninf.o(x$fpl$fnaninf)
    __fpl_fretinf                            0x08007393   Thumb Code    10  fretinf.o(x$fpl$fretinf)
    _printf_fp_dec                           0x0800739d   Thumb Code     4  printf1.o(x$fpl$printf1)
    __fpl_return_NaN                         0x080073a1   Thumb Code   100  retnan.o(x$fpl$retnan)
    __ARM_scalbn                             0x08007405   Thumb Code    92  scalbn.o(x$fpl$scalbn)
    __ARM_scalbnf                            0x08007461   Thumb Code    76  scalbnf.o(x$fpl$scalbnf)
    __fpl_cmpreturn                          0x080074ad   Thumb Code    48  trapv.o(x$fpl$trapveneer)
    __I$use$fp                               0x080074dc   Number         0  usenofp.o(x$fpl$usenofp)
    defaultTask_attributes                   0x080074dc   Data          36  freertos.o(.constdata)
    AHBPrescTable                            0x08007512   Data          16  system_stm32f1xx.o(.constdata)
    APBPrescTable                            0x08007522   Data           8  system_stm32f1xx.o(.constdata)
    u8g2_font_t0_11_tf                       0x0800752a   Data        1994  u8g2_fonts.o(.constdata)
    u8g2_cb_r0                               0x08007cf4   Data          12  u8g2_setup.o(.constdata)
    __mathlib_zero                           0x08007ee0   Data           8  qnan.o(.constdata)
    Region$$Table$$Base                      0x08007f88   Number         0  anon$$obj.o(Region$$Table)
    Region$$Table$$Limit                     0x08007fa8   Number         0  anon$$obj.o(Region$$Table)
    xShowBMP280TaskHandle                    0x20000000   Data           4  freertos.o(.data)
    defaultTaskHandle                        0x20000004   Data           4  freertos.o(.data)
    uwTickFreq                               0x20000008   Data           1  stm32f1xx_hal.o(.data)
    uwTickPrio                               0x2000000c   Data           4  stm32f1xx_hal.o(.data)
    uwTick                                   0x20000010   Data           4  stm32f1xx_hal.o(.data)
    SystemCoreClock                          0x20000014   Data           4  system_stm32f1xx.o(.data)
    pxCurrentTCB                             0x20000018   Data           4  tasks.o(.data)
    hi2c1                                    0x200000a4   Data          84  i2c.o(.bss)
    hi2c2                                    0x200000f8   Data          84  i2c.o(.bss)
    htim4                                    0x2000014c   Data          72  stm32f1xx_hal_timebase_tim.o(.bss)
    xQueueRegistry                           0x20000194   Data          64  queue.o(.bss)
    u8g2                                     0x20001a68   Data         148  data.o(.bss)
    __libspace_start                         0x20001f1c   Data          96  libspace.o(.bss)
    __temporary_stack_top$libspace           0x20001f7c   Data           0  libspace.o(.bss)



==============================================================================

Memory Map of the image

  Image Entry point : 0x080000ed

  Load Region LR_IROM1 (Base: 0x08000000, Size: 0x00008068, Max: 0x00010000, ABSOLUTE)

    Execution Region ER_IROM1 (Exec base: 0x08000000, Load base: 0x08000000, Size: 0x00007fc4, Max: 0x00010000, ABSOLUTE)

    Exec Addr    Load Addr    Size         Type   Attr      Idx    E Section Name        Object

    0x08000000   0x08000000   0x000000ec   Data   RO            3    RESET               startup_stm32f103xb.o
    0x080000ec   0x080000ec   0x00000008   Code   RO         9483  * !!!main             c_w.l(__main.o)
    0x080000f4   0x080000f4   0x00000034   Code   RO         9811    !!!scatter          c_w.l(__scatter.o)
    0x08000128   0x08000128   0x0000001a   Code   RO         9813    !!handler_copy      c_w.l(__scatter_copy.o)
    0x08000142   0x08000142   0x00000002   PAD
    0x08000144   0x08000144   0x0000001c   Code   RO         9815    !!handler_zi        c_w.l(__scatter_zi.o)
    0x08000160   0x08000160   0x00000000   Code   RO         9470    .ARM.Collect$$_printf_percent$$00000000  c_w.l(_printf_percent.o)
    0x08000160   0x08000160   0x00000006   Code   RO         9469    .ARM.Collect$$_printf_percent$$00000003  c_w.l(_printf_f.o)
    0x08000166   0x08000166   0x00000004   Code   RO         9534    .ARM.Collect$$_printf_percent$$00000017  c_w.l(_printf_percent_end.o)
    0x0800016a   0x0800016a   0x00000002   Code   RO         9674    .ARM.Collect$$libinit$$00000000  c_w.l(libinit.o)
    0x0800016c   0x0800016c   0x00000000   Code   RO         9676    .ARM.Collect$$libinit$$00000002  c_w.l(libinit2.o)
    0x0800016c   0x0800016c   0x00000000   Code   RO         9678    .ARM.Collect$$libinit$$00000004  c_w.l(libinit2.o)
    0x0800016c   0x0800016c   0x00000000   Code   RO         9681    .ARM.Collect$$libinit$$0000000A  c_w.l(libinit2.o)
    0x0800016c   0x0800016c   0x00000000   Code   RO         9683    .ARM.Collect$$libinit$$0000000C  c_w.l(libinit2.o)
    0x0800016c   0x0800016c   0x00000000   Code   RO         9685    .ARM.Collect$$libinit$$0000000E  c_w.l(libinit2.o)
    0x0800016c   0x0800016c   0x00000006   Code   RO         9686    .ARM.Collect$$libinit$$0000000F  c_w.l(libinit2.o)
    0x08000172   0x08000172   0x00000000   Code   RO         9688    .ARM.Collect$$libinit$$00000011  c_w.l(libinit2.o)
    0x08000172   0x08000172   0x00000000   Code   RO         9690    .ARM.Collect$$libinit$$00000013  c_w.l(libinit2.o)
    0x08000172   0x08000172   0x00000000   Code   RO         9692    .ARM.Collect$$libinit$$00000015  c_w.l(libinit2.o)
    0x08000172   0x08000172   0x0000000a   Code   RO         9693    .ARM.Collect$$libinit$$00000016  c_w.l(libinit2.o)
    0x0800017c   0x0800017c   0x00000000   Code   RO         9694    .ARM.Collect$$libinit$$00000017  c_w.l(libinit2.o)
    0x0800017c   0x0800017c   0x00000000   Code   RO         9696    .ARM.Collect$$libinit$$00000019  c_w.l(libinit2.o)
    0x0800017c   0x0800017c   0x00000000   Code   RO         9698    .ARM.Collect$$libinit$$0000001B  c_w.l(libinit2.o)
    0x0800017c   0x0800017c   0x00000000   Code   RO         9700    .ARM.Collect$$libinit$$0000001D  c_w.l(libinit2.o)
    0x0800017c   0x0800017c   0x00000000   Code   RO         9702    .ARM.Collect$$libinit$$0000001F  c_w.l(libinit2.o)
    0x0800017c   0x0800017c   0x00000000   Code   RO         9704    .ARM.Collect$$libinit$$00000021  c_w.l(libinit2.o)
    0x0800017c   0x0800017c   0x00000000   Code   RO         9706    .ARM.Collect$$libinit$$00000023  c_w.l(libinit2.o)
    0x0800017c   0x0800017c   0x00000000   Code   RO         9708    .ARM.Collect$$libinit$$00000025  c_w.l(libinit2.o)
    0x0800017c   0x0800017c   0x00000000   Code   RO         9712    .ARM.Collect$$libinit$$0000002C  c_w.l(libinit2.o)
    0x0800017c   0x0800017c   0x00000000   Code   RO         9714    .ARM.Collect$$libinit$$0000002E  c_w.l(libinit2.o)
    0x0800017c   0x0800017c   0x00000000   Code   RO         9716    .ARM.Collect$$libinit$$00000030  c_w.l(libinit2.o)
    0x0800017c   0x0800017c   0x00000000   Code   RO         9718    .ARM.Collect$$libinit$$00000032  c_w.l(libinit2.o)
    0x0800017c   0x0800017c   0x00000002   Code   RO         9719    .ARM.Collect$$libinit$$00000033  c_w.l(libinit2.o)
    0x0800017e   0x0800017e   0x00000002   Code   RO         9767    .ARM.Collect$$libshutdown$$00000000  c_w.l(libshutdown.o)
    0x08000180   0x08000180   0x00000000   Code   RO         9778    .ARM.Collect$$libshutdown$$00000002  c_w.l(libshutdown2.o)
    0x08000180   0x08000180   0x00000000   Code   RO         9780    .ARM.Collect$$libshutdown$$00000004  c_w.l(libshutdown2.o)
    0x08000180   0x08000180   0x00000000   Code   RO         9782    .ARM.Collect$$libshutdown$$00000006  c_w.l(libshutdown2.o)
    0x08000180   0x08000180   0x00000000   Code   RO         9785    .ARM.Collect$$libshutdown$$00000009  c_w.l(libshutdown2.o)
    0x08000180   0x08000180   0x00000000   Code   RO         9788    .ARM.Collect$$libshutdown$$0000000C  c_w.l(libshutdown2.o)
    0x08000180   0x08000180   0x00000000   Code   RO         9790    .ARM.Collect$$libshutdown$$0000000E  c_w.l(libshutdown2.o)
    0x08000180   0x08000180   0x00000000   Code   RO         9793    .ARM.Collect$$libshutdown$$00000011  c_w.l(libshutdown2.o)
    0x08000180   0x08000180   0x00000002   Code   RO         9794    .ARM.Collect$$libshutdown$$00000012  c_w.l(libshutdown2.o)
    0x08000182   0x08000182   0x00000000   Code   RO         9523    .ARM.Collect$$rtentry$$00000000  c_w.l(__rtentry.o)
    0x08000182   0x08000182   0x00000000   Code   RO         9586    .ARM.Collect$$rtentry$$00000002  c_w.l(__rtentry2.o)
    0x08000182   0x08000182   0x00000006   Code   RO         9598    .ARM.Collect$$rtentry$$00000004  c_w.l(__rtentry4.o)
    0x08000188   0x08000188   0x00000000   Code   RO         9588    .ARM.Collect$$rtentry$$00000009  c_w.l(__rtentry2.o)
    0x08000188   0x08000188   0x00000004   Code   RO         9589    .ARM.Collect$$rtentry$$0000000A  c_w.l(__rtentry2.o)
    0x0800018c   0x0800018c   0x00000000   Code   RO         9591    .ARM.Collect$$rtentry$$0000000C  c_w.l(__rtentry2.o)
    0x0800018c   0x0800018c   0x00000008   Code   RO         9592    .ARM.Collect$$rtentry$$0000000D  c_w.l(__rtentry2.o)
    0x08000194   0x08000194   0x00000002   Code   RO         9724    .ARM.Collect$$rtexit$$00000000  c_w.l(rtexit.o)
    0x08000196   0x08000196   0x00000000   Code   RO         9735    .ARM.Collect$$rtexit$$00000002  c_w.l(rtexit2.o)
    0x08000196   0x08000196   0x00000004   Code   RO         9736    .ARM.Collect$$rtexit$$00000003  c_w.l(rtexit2.o)
    0x0800019a   0x0800019a   0x00000006   Code   RO         9737    .ARM.Collect$$rtexit$$00000004  c_w.l(rtexit2.o)
    0x080001a0   0x080001a0   0x00000096   Code   RO         4567    .emb_text           port.o
    0x08000236   0x08000236   0x00000002   PAD
    0x08000238   0x08000238   0x00000040   Code   RO            4    .text               startup_stm32f103xb.o
    0x08000278   0x08000278   0x00000048   Code   RO         9441    .text               c_w.l(llsdiv.o)
    0x080002c0   0x080002c0   0x00000028   Code   RO         9445    .text               c_w.l(noretval__2sprintf.o)
    0x080002e8   0x080002e8   0x0000010e   Code   RO         9457    .text               c_w.l(__printf_wp.o)
    0x080003f6   0x080003f6   0x0000008a   Code   RO         9471    .text               c_w.l(rt_memcpy_v6.o)
    0x08000480   0x08000480   0x00000010   Code   RO         9475    .text               c_w.l(aeabi_memset.o)
    0x08000490   0x08000490   0x00000044   Code   RO         9477    .text               c_w.l(rt_memclr.o)
    0x080004d4   0x080004d4   0x0000004e   Code   RO         9479    .text               c_w.l(rt_memclr_w.o)
    0x08000522   0x08000522   0x00000006   Code   RO         9481    .text               c_w.l(heapauxi.o)
    0x08000528   0x08000528   0x000000ee   Code   RO         9524    .text               c_w.l(lludivv7m.o)
    0x08000616   0x08000616   0x00000016   Code   RO         9526    .text               c_w.l(_rserrno.o)
    0x0800062c   0x0800062c   0x0000041e   Code   RO         9528    .text               c_w.l(_printf_fp_dec.o)
    0x08000a4a   0x08000a4a   0x00000002   PAD
    0x08000a4c   0x08000a4c   0x00000030   Code   RO         9530    .text               c_w.l(_printf_char_common.o)
    0x08000a7c   0x08000a7c   0x0000000a   Code   RO         9532    .text               c_w.l(_sputc.o)
    0x08000a86   0x08000a86   0x00000064   Code   RO         9535    .text               c_w.l(rt_memcpy_w.o)
    0x08000aea   0x08000aea   0x00000002   PAD
    0x08000aec   0x08000aec   0x00000008   Code   RO         9607    .text               c_w.l(rt_locale_intlibspace.o)
    0x08000af4   0x08000af4   0x00000008   Code   RO         9612    .text               c_w.l(rt_errno_addr_intlibspace.o)
    0x08000afc   0x08000afc   0x0000008a   Code   RO         9614    .text               c_w.l(lludiv10.o)
    0x08000b86   0x08000b86   0x00000002   PAD
    0x08000b88   0x08000b88   0x00000080   Code   RO         9616    .text               c_w.l(_printf_fp_infnan.o)
    0x08000c08   0x08000c08   0x000000e4   Code   RO         9620    .text               c_w.l(bigflt0.o)
    0x08000cec   0x08000cec   0x00000008   Code   RO         9658    .text               c_w.l(libspace.o)
    0x08000cf4   0x08000cf4   0x0000004a   Code   RO         9661    .text               c_w.l(sys_stackheap_outer.o)
    0x08000d3e   0x08000d3e   0x00000012   Code   RO         9665    .text               c_w.l(exit.o)
    0x08000d50   0x08000d50   0x00000080   Code   RO         9667    .text               c_w.l(strcmpv7m.o)
    0x08000dd0   0x08000dd0   0x0000000c   Code   RO         9753    .text               c_w.l(sys_exit.o)
    0x08000ddc   0x08000ddc   0x00000002   Code   RO         9770    .text               c_w.l(use_no_semi.o)
    0x08000dde   0x08000dde   0x00000000   Code   RO         9772    .text               c_w.l(indicate_semi.o)
    0x08000dde   0x08000dde   0x0000003e   Code   RO         9623    CL$$btod_d2e        c_w.l(btod.o)
    0x08000e1c   0x08000e1c   0x00000046   Code   RO         9625    CL$$btod_d2e_denorm_low  c_w.l(btod.o)
    0x08000e62   0x08000e62   0x00000060   Code   RO         9624    CL$$btod_d2e_norm_op1  c_w.l(btod.o)
    0x08000ec2   0x08000ec2   0x00000338   Code   RO         9633    CL$$btod_div_common  c_w.l(btod.o)
    0x080011fa   0x080011fa   0x000000dc   Code   RO         9630    CL$$btod_e2e        c_w.l(btod.o)
    0x080012d6   0x080012d6   0x0000002a   Code   RO         9627    CL$$btod_ediv       c_w.l(btod.o)
    0x08001300   0x08001300   0x0000002a   Code   RO         9626    CL$$btod_emul       c_w.l(btod.o)
    0x0800132a   0x0800132a   0x00000244   Code   RO         9632    CL$$btod_mult_common  c_w.l(btod.o)
    0x0800156e   0x0800156e   0x00000002   Code   RO          301    i.BusFault_Handler  stm32f1xx_it.o
    0x08001570   0x08001570   0x00000002   Code   RO          302    i.DebugMon_Handler  stm32f1xx_it.o
    0x08001572   0x08001572   0x00000004   Code   RO           13    i.Error_Handler     main.o
    0x08001576   0x08001576   0x00000002   PAD
    0x08001578   0x08001578   0x00000024   Code   RO         1444    i.HAL_Delay         stm32f1xx_hal.o
    0x0800159c   0x0800159c   0x000001e0   Code   RO         1754    i.HAL_GPIO_Init     stm32f1xx_hal_gpio.o
    0x0800177c   0x0800177c   0x0000000c   Code   RO         1448    i.HAL_GetTick       stm32f1xx_hal.o
    0x08001788   0x08001788   0x00000188   Code   RO         2425    i.HAL_I2C_Init      stm32f1xx_hal_i2c.o
    0x08001910   0x08001910   0x0000012c   Code   RO         2438    i.HAL_I2C_Master_Transmit  stm32f1xx_hal_i2c.o
    0x08001a3c   0x08001a3c   0x0000025c   Code   RO         2443    i.HAL_I2C_Mem_Read  stm32f1xx_hal_i2c.o
    0x08001c98   0x08001c98   0x00000130   Code   RO         2446    i.HAL_I2C_Mem_Write  stm32f1xx_hal_i2c.o
    0x08001dc8   0x08001dc8   0x00000098   Code   RO          254    i.HAL_I2C_MspInit   i2c.o
    0x08001e60   0x08001e60   0x00000010   Code   RO         1454    i.HAL_IncTick       stm32f1xx_hal.o
    0x08001e70   0x08001e70   0x00000024   Code   RO         1455    i.HAL_Init          stm32f1xx_hal.o
    0x08001e94   0x08001e94   0x00000098   Code   RO          389    i.HAL_InitTick      stm32f1xx_hal_timebase_tim.o
    0x08001f2c   0x08001f2c   0x00000048   Code   RO          365    i.HAL_MspInit       stm32f1xx_hal_msp.o
    0x08001f74   0x08001f74   0x0000001a   Code   RO         1914    i.HAL_NVIC_EnableIRQ  stm32f1xx_hal_cortex.o
    0x08001f8e   0x08001f8e   0x00000002   PAD
    0x08001f90   0x08001f90   0x00000040   Code   RO         1920    i.HAL_NVIC_SetPriority  stm32f1xx_hal_cortex.o
    0x08001fd0   0x08001fd0   0x00000024   Code   RO         1921    i.HAL_NVIC_SetPriorityGrouping  stm32f1xx_hal_cortex.o
    0x08001ff4   0x08001ff4   0x0000012c   Code   RO         1612    i.HAL_RCC_ClockConfig  stm32f1xx_hal_rcc.o
    0x08002120   0x08002120   0x00000040   Code   RO         1616    i.HAL_RCC_GetClockConfig  stm32f1xx_hal_rcc.o
    0x08002160   0x08002160   0x00000020   Code   RO         1619    i.HAL_RCC_GetPCLK1Freq  stm32f1xx_hal_rcc.o
    0x08002180   0x08002180   0x0000004c   Code   RO         1621    i.HAL_RCC_GetSysClockFreq  stm32f1xx_hal_rcc.o
    0x080021cc   0x080021cc   0x00000320   Code   RO         1624    i.HAL_RCC_OscConfig  stm32f1xx_hal_rcc.o
    0x080024ec   0x080024ec   0x00000002   Code   RO         1170    i.HAL_TIMEx_BreakCallback  stm32f1xx_hal_tim_ex.o
    0x080024ee   0x080024ee   0x00000002   Code   RO         1171    i.HAL_TIMEx_CommutCallback  stm32f1xx_hal_tim_ex.o
    0x080024f0   0x080024f0   0x0000005a   Code   RO          466    i.HAL_TIM_Base_Init  stm32f1xx_hal_tim.o
    0x0800254a   0x0800254a   0x00000002   Code   RO          468    i.HAL_TIM_Base_MspInit  stm32f1xx_hal_tim.o
    0x0800254c   0x0800254c   0x00000058   Code   RO          471    i.HAL_TIM_Base_Start_IT  stm32f1xx_hal_tim.o
    0x080025a4   0x080025a4   0x00000002   Code   RO          500    i.HAL_TIM_IC_CaptureCallback  stm32f1xx_hal_tim.o
    0x080025a6   0x080025a6   0x00000130   Code   RO          514    i.HAL_TIM_IRQHandler  stm32f1xx_hal_tim.o
    0x080026d6   0x080026d6   0x00000002   Code   RO          517    i.HAL_TIM_OC_DelayElapsedCallback  stm32f1xx_hal_tim.o
    0x080026d8   0x080026d8   0x00000002   Code   RO          544    i.HAL_TIM_PWM_PulseFinishedCallback  stm32f1xx_hal_tim.o
    0x080026da   0x080026da   0x00000002   PAD
    0x080026dc   0x080026dc   0x00000014   Code   RO           14    i.HAL_TIM_PeriodElapsedCallback  main.o
    0x080026f0   0x080026f0   0x00000002   Code   RO          557    i.HAL_TIM_TriggerCallback  stm32f1xx_hal_tim.o
    0x080026f2   0x080026f2   0x00000002   Code   RO          303    i.HardFault_Handler  stm32f1xx_it.o
    0x080026f4   0x080026f4   0x0000002e   Code   RO         2468    i.I2C_IsAcknowledgeFailed  stm32f1xx_hal_i2c.o
    0x08002722   0x08002722   0x00000002   PAD
    0x08002724   0x08002724   0x0000009c   Code   RO         2472    i.I2C_MasterRequestWrite  stm32f1xx_hal_i2c.o
    0x080027c0   0x080027c0   0x000000fc   Code   RO         2478    i.I2C_RequestMemoryRead  stm32f1xx_hal_i2c.o
    0x080028bc   0x080028bc   0x000000a8   Code   RO         2479    i.I2C_RequestMemoryWrite  stm32f1xx_hal_i2c.o
    0x08002964   0x08002964   0x00000056   Code   RO         2483    i.I2C_WaitOnBTFFlagUntilTimeout  stm32f1xx_hal_i2c.o
    0x080029ba   0x080029ba   0x00000002   PAD
    0x080029bc   0x080029bc   0x00000090   Code   RO         2484    i.I2C_WaitOnFlagUntilTimeout  stm32f1xx_hal_i2c.o
    0x08002a4c   0x08002a4c   0x000000bc   Code   RO         2485    i.I2C_WaitOnMasterAddressFlagUntilTimeout  stm32f1xx_hal_i2c.o
    0x08002b08   0x08002b08   0x00000070   Code   RO         2486    i.I2C_WaitOnRXNEFlagUntilTimeout  stm32f1xx_hal_i2c.o
    0x08002b78   0x08002b78   0x00000056   Code   RO         2487    i.I2C_WaitOnTXEFlagUntilTimeout  stm32f1xx_hal_i2c.o
    0x08002bce   0x08002bce   0x00000002   PAD
    0x08002bd0   0x08002bd0   0x00000044   Code   RO          207    i.MX_FREERTOS_Init  freertos.o
    0x08002c14   0x08002c14   0x0000004c   Code   RO          183    i.MX_GPIO_Init      gpio.o
    0x08002c60   0x08002c60   0x00000040   Code   RO          255    i.MX_I2C1_Init      i2c.o
    0x08002ca0   0x08002ca0   0x00000040   Code   RO          256    i.MX_I2C2_Init      i2c.o
    0x08002ce0   0x08002ce0   0x00000002   Code   RO          304    i.MemManage_Handler  stm32f1xx_it.o
    0x08002ce2   0x08002ce2   0x00000002   Code   RO          305    i.NMI_Handler       stm32f1xx_it.o
    0x08002ce4   0x08002ce4   0x00000138   Code   RO         4737    i.ShowBMP280Task    showbmp280.o
    0x08002e1c   0x08002e1c   0x00000008   Code   RO          208    i.StartDefaultTask  freertos.o
    0x08002e24   0x08002e24   0x0000001a   Code   RO         3999    i.SysTick_Handler   cmsis_os2.o
    0x08002e3e   0x08002e3e   0x0000005e   Code   RO           15    i.SystemClock_Config  main.o
    0x08002e9c   0x08002e9c   0x00000002   Code   RO         2852    i.SystemInit        system_stm32f1xx.o
    0x08002e9e   0x08002e9e   0x00000002   PAD
    0x08002ea0   0x08002ea0   0x0000000c   Code   RO          306    i.TIM4_IRQHandler   stm32f1xx_it.o
    0x08002eac   0x08002eac   0x00000078   Code   RO          559    i.TIM_Base_SetConfig  stm32f1xx_hal_tim.o
    0x08002f24   0x08002f24   0x00000002   Code   RO          307    i.UsageFault_Handler  stm32f1xx_it.o
    0x08002f26   0x08002f26   0x00000028   Code   RO         9572    i.__ARM_fpclassify  m_ws.l(fpclassify.o)
    0x08002f4e   0x08002f4e   0x00000020   Code   RO         1927    i.__NVIC_SetPriority  stm32f1xx_hal_cortex.o
    0x08002f6e   0x08002f6e   0x000000aa   Code   RO         9574    i.__kernel_poly     m_ws.l(poly.o)
    0x08003018   0x08003018   0x00000010   Code   RO         9558    i.__mathlib_dbl_divzero  m_ws.l(dunder.o)
    0x08003028   0x08003028   0x00000004   Code   RO         9560    i.__mathlib_dbl_infnan2  m_ws.l(dunder.o)
    0x0800302c   0x0800302c   0x0000000c   Code   RO         9561    i.__mathlib_dbl_invalid  m_ws.l(dunder.o)
    0x08003038   0x08003038   0x0000000e   Code   RO         9562    i.__mathlib_dbl_overflow  m_ws.l(dunder.o)
    0x08003046   0x08003046   0x00000002   PAD
    0x08003048   0x08003048   0x00000010   Code   RO         9564    i.__mathlib_dbl_underflow  m_ws.l(dunder.o)
    0x08003058   0x08003058   0x0000000e   Code   RO         9459    i._is_digit         c_w.l(__printf_wp.o)
    0x08003066   0x08003066   0x000000c8   Code   RO         4648    i.bmp280_init       bmp280.o
    0x0800312e   0x0800312e   0x00000012   Code   RO         4649    i.bmp280_init_default_params  bmp280.o
    0x08003140   0x08003140   0x0000010e   Code   RO         4651    i.bmp280_read_fixed  bmp280.o
    0x0800324e   0x0800324e   0x00000002   PAD
    0x08003250   0x08003250   0x00000054   Code   RO         4652    i.bmp280_read_float  bmp280.o
    0x080032a4   0x080032a4   0x00000158   Code   RO         4653    i.compensate_pressure  bmp280.o
    0x080033fc   0x080033fc   0x0000004c   Code   RO         4738    i.data_conversion   showbmp280.o
    0x08003448   0x08003448   0x00000022   Code   RO           16    i.main              main.o
    0x0800346a   0x0800346a   0x0000001a   Code   RO         4001    i.osDelay           cmsis_os2.o
    0x08003484   0x08003484   0x00000024   Code   RO         4015    i.osKernelInitialize  cmsis_os2.o
    0x080034a8   0x080034a8   0x00000038   Code   RO         4018    i.osKernelStart     cmsis_os2.o
    0x080034e0   0x080034e0   0x0000008a   Code   RO         4060    i.osThreadNew       cmsis_os2.o
    0x0800356a   0x0800356a   0x00000002   PAD
    0x0800356c   0x0800356c   0x000009d8   Code   RO         9514    i.pow               m_ws.l(pow.o)
    0x08003f44   0x08003f44   0x0000005c   Code   RO         3460    i.prvAddCurrentTaskToDelayedList  tasks.o
    0x08003fa0   0x08003fa0   0x000000d0   Code   RO         3461    i.prvAddNewTaskToReadyList  tasks.o
    0x08004070   0x08004070   0x00000058   Code   RO         3825    i.prvCheckForValidListAndQueue  timers.o
    0x080040c8   0x080040c8   0x00000026   Code   RO         3057    i.prvCopyDataFromQueue  queue.o
    0x080040ee   0x080040ee   0x0000006c   Code   RO         3058    i.prvCopyDataToQueue  queue.o
    0x0800415a   0x0800415a   0x00000034   Code   RO         3462    i.prvDeleteTCB      tasks.o
    0x0800418e   0x0800418e   0x00000002   PAD
    0x08004190   0x08004190   0x0000004c   Code   RO         4512    i.prvHeapInit       heap_4.o
    0x080041dc   0x080041dc   0x00000060   Code   RO         3463    i.prvIdleTask       tasks.o
    0x0800423c   0x0800423c   0x00000022   Code   RO         3060    i.prvInitialiseNewQueue  queue.o
    0x0800425e   0x0800425e   0x00000002   PAD
    0x08004260   0x08004260   0x000000b0   Code   RO         3464    i.prvInitialiseNewTask  tasks.o
    0x08004310   0x08004310   0x0000004c   Code   RO         4513    i.prvInsertBlockIntoFreeList  heap_4.o
    0x0800435c   0x0800435c   0x00000038   Code   RO         3827    i.prvInsertTimerInActiveList  timers.o
    0x08004394   0x08004394   0x0000001c   Code   RO         3061    i.prvIsQueueEmpty   queue.o
    0x080043b0   0x080043b0   0x000000fc   Code   RO         3828    i.prvProcessReceivedCommands  timers.o
    0x080044ac   0x080044ac   0x000000c0   Code   RO         3829    i.prvProcessTimerOrBlockTask  timers.o
    0x0800456c   0x0800456c   0x00000020   Code   RO         3466    i.prvResetNextTaskUnblockTime  tasks.o
    0x0800458c   0x0800458c   0x00000028   Code   RO         3830    i.prvSampleTimeNow  timers.o
    0x080045b4   0x080045b4   0x0000006c   Code   RO         3831    i.prvSwitchTimerLists  timers.o
    0x08004620   0x08004620   0x00000028   Code   RO         4568    i.prvTaskExitError  port.o
    0x08004648   0x08004648   0x00000024   Code   RO         3832    i.prvTimerTask      timers.o
    0x0800466c   0x0800466c   0x0000006a   Code   RO         3062    i.prvUnlockQueue    queue.o
    0x080046d6   0x080046d6   0x00000002   PAD
    0x080046d8   0x080046d8   0x000000dc   Code   RO         4514    i.pvPortMalloc      heap_4.o
    0x080047b4   0x080047b4   0x00000024   Code   RO         4569    i.pxPortInitialiseStack  port.o
    0x080047d8   0x080047d8   0x000000b0   Code   RO         4654    i.read_calibration_data  bmp280.o
    0x08004888   0x08004888   0x0000002a   Code   RO         4655    i.read_data         bmp280.o
    0x080048b2   0x080048b2   0x00000078   Code   RO         4656    i.read_hum_calibration_data  bmp280.o
    0x0800492a   0x0800492a   0x00000038   Code   RO         4657    i.read_register16   bmp280.o
    0x08004962   0x08004962   0x0000004c   Code   RO         9578    i.sqrt              m_ws.l(sqrt.o)
    0x080049ae   0x080049ae   0x00000012   Code   RO         5542    i.u8g2_ClearBuffer  u8g2_buffer.o
    0x080049c0   0x080049c0   0x0000001e   Code   RO         5706    i.u8g2_ClearDisplay  u8g2_cleardisplay.o
    0x080049de   0x080049de   0x00000070   Code   RO         5754    i.u8g2_DrawGlyph    u8g2_font.o
    0x08004a4e   0x08004a4e   0x00000002   PAD
    0x08004a50   0x08004a50   0x000000ac   Code   RO         8009    i.u8g2_DrawHVLine   u8g2_hvline.o
    0x08004afc   0x08004afc   0x00000010   Code   RO         5756    i.u8g2_DrawStr      u8g2_font.o
    0x08004b0c   0x08004b0c   0x0000001c   Code   RO         5543    i.u8g2_FirstPage    u8g2_buffer.o
    0x08004b28   0x08004b28   0x00000030   Code   RO         8070    i.u8g2_IsIntersection  u8g2_intersection.o
    0x08004b58   0x08004b58   0x0000003e   Code   RO         5544    i.u8g2_NextPage     u8g2_buffer.o
    0x08004b96   0x08004b96   0x00000012   Code   RO         5545    i.u8g2_SendBuffer   u8g2_buffer.o
    0x08004ba8   0x08004ba8   0x0000001c   Code   RO         5546    i.u8g2_SetBufferCurrTileRow  u8g2_buffer.o
    0x08004bc4   0x08004bc4   0x00000020   Code   RO         5772    i.u8g2_SetFont      u8g2_font.o
    0x08004be4   0x08004be4   0x0000000c   Code   RO         5775    i.u8g2_SetFontPosBaseline  u8g2_font.o
    0x08004bf0   0x08004bf0   0x0000001c   Code   RO         8258    i.u8g2_SetMaxClipWindow  u8g2_setup.o
    0x08004c0c   0x08004c0c   0x00000046   Code   RO         8259    i.u8g2_SetupBuffer  u8g2_setup.o
    0x08004c52   0x08004c52   0x00000002   PAD
    0x08004c54   0x08004c54   0x00000038   Code   RO         5731    i.u8g2_Setup_ssd1306_i2c_128x64_noname_f  u8g2_d_setup.o
    0x08004c8c   0x08004c8c   0x00000052   Code   RO         5782    i.u8g2_UpdateRefHeight  u8g2_font.o
    0x08004cde   0x08004cde   0x0000001c   Code   RO         5783    i.u8g2_add_vector_x  u8g2_font.o
    0x08004cfa   0x08004cfa   0x0000001c   Code   RO         5784    i.u8g2_add_vector_y  u8g2_font.o
    0x08004d16   0x08004d16   0x0000006e   Code   RO         8261    i.u8g2_apply_clip_window  u8g2_setup.o
    0x08004d84   0x08004d84   0x0000003c   Code   RO         8013    i.u8g2_clip_intersection2  u8g2_hvline.o
    0x08004dc0   0x08004dc0   0x00000044   Code   RO         4797    i.u8g2_config       data.o
    0x08004e04   0x08004e04   0x00000012   Code   RO         8014    i.u8g2_draw_hv_line_2dir  u8g2_hvline.o
    0x08004e16   0x08004e16   0x0000000c   Code   RO         8263    i.u8g2_draw_l90_r0  u8g2_setup.o
    0x08004e22   0x08004e22   0x00000076   Code   RO         5785    i.u8g2_draw_string  u8g2_font.o
    0x08004e98   0x08004e98   0x00000004   Code   RO         5791    i.u8g2_font_calc_vref_font  u8g2_font.o
    0x08004e9c   0x08004e9c   0x00000014   Code   RO         5793    i.u8g2_font_decode_get_signed_bits  u8g2_font.o
    0x08004eb0   0x08004eb0   0x00000034   Code   RO         5794    i.u8g2_font_decode_get_unsigned_bits  u8g2_font.o
    0x08004ee4   0x08004ee4   0x00000114   Code   RO         5795    i.u8g2_font_decode_glyph  u8g2_font.o
    0x08004ff8   0x08004ff8   0x0000008c   Code   RO         5796    i.u8g2_font_decode_len  u8g2_font.o
    0x08005084   0x08005084   0x00000072   Code   RO         5797    i.u8g2_font_get_glyph_data  u8g2_font.o
    0x080050f6   0x080050f6   0x00000014   Code   RO         5798    i.u8g2_font_get_word  u8g2_font.o
    0x0800510a   0x0800510a   0x00000034   Code   RO         5799    i.u8g2_font_setup_decode  u8g2_font.o
    0x0800513e   0x0800513e   0x00000018   Code   RO         8071    i.u8g2_is_intersection_decision_tree  u8g2_intersection.o
    0x08005156   0x08005156   0x00000002   PAD
    0x08005158   0x08005158   0x00000090   Code   RO         8119    i.u8g2_ll_hvline_vertical_top_lsb  u8g2_ll_hvline.o
    0x080051e8   0x080051e8   0x0000000c   Code   RO         5718    i.u8g2_m_16_8_f     u8g2_d_memory.o
    0x080051f4   0x080051f4   0x0000006a   Code   RO         5800    i.u8g2_read_font_info  u8g2_font.o
    0x0800525e   0x0800525e   0x0000004e   Code   RO         5553    i.u8g2_send_buffer  u8g2_buffer.o
    0x080052ac   0x080052ac   0x00000018   Code   RO         5732    i.u8g2_stm32_delay  u8g2_d_setup.o
    0x080052c4   0x080052c4   0x00000046   Code   RO         8268    i.u8g2_update_dimension_common  u8g2_setup.o
    0x0800530a   0x0800530a   0x00000004   Code   RO         8269    i.u8g2_update_dimension_r0  u8g2_setup.o
    0x0800530e   0x0800530e   0x00000022   Code   RO         8273    i.u8g2_update_page_win_r0  u8g2_setup.o
    0x08005330   0x08005330   0x0000001e   Code   RO         9018    i.u8x8_DrawTile     u8x8_display.o
    0x0800534e   0x0800534e   0x00000010   Code   RO         9020    i.u8x8_InitDisplay  u8x8_display.o
    0x0800535e   0x0800535e   0x00000010   Code   RO         9022    i.u8x8_RefreshDisplay  u8x8_display.o
    0x0800536e   0x0800536e   0x00000010   Code   RO         9025    i.u8x8_SetPowerSave  u8x8_display.o
    0x0800537e   0x0800537e   0x00000022   Code   RO         9324    i.u8x8_Setup        u8x8_setup.o
    0x080053a0   0x080053a0   0x00000024   Code   RO         9325    i.u8x8_SetupDefaults  u8x8_setup.o
    0x080053c4   0x080053c4   0x00000010   Code   RO         9026    i.u8x8_SetupMemory  u8x8_display.o
    0x080053d4   0x080053d4   0x0000000e   Code   RO         8547    i.u8x8_ascii_next   u8x8_8x8.o
    0x080053e2   0x080053e2   0x00000010   Code   RO         8668    i.u8x8_byte_EndTransfer  u8x8_byte.o
    0x080053f2   0x080053f2   0x0000000e   Code   RO         8669    i.u8x8_byte_SendByte  u8x8_byte.o
    0x08005400   0x08005400   0x00000010   Code   RO         8672    i.u8x8_byte_StartTransfer  u8x8_byte.o
    0x08005410   0x08005410   0x00000064   Code   RO         8674    i.u8x8_byte_hw_i2c  u8x8_byte.o
    0x08005474   0x08005474   0x00000010   Code   RO         8770    i.u8x8_cad_EndTransfer  u8x8_cad.o
    0x08005484   0x08005484   0x00000010   Code   RO         8771    i.u8x8_cad_SendArg  u8x8_cad.o
    0x08005494   0x08005494   0x00000010   Code   RO         8772    i.u8x8_cad_SendCmd  u8x8_cad.o
    0x080054a4   0x080054a4   0x00000010   Code   RO         8773    i.u8x8_cad_SendData  u8x8_cad.o
    0x080054b4   0x080054b4   0x00000068   Code   RO         8775    i.u8x8_cad_SendSequence  u8x8_cad.o
    0x0800551c   0x0800551c   0x00000010   Code   RO         8776    i.u8x8_cad_StartTransfer  u8x8_cad.o
    0x0800552c   0x0800552c   0x000000bc   Code   RO         8779    i.u8x8_cad_ssd13xx_fast_i2c  u8x8_cad.o
    0x080055e8   0x080055e8   0x00000060   Code   RO         9027    i.u8x8_d_helper_display_init  u8x8_display.o
    0x08005648   0x08005648   0x0000000a   Code   RO         9028    i.u8x8_d_helper_display_setup_memory  u8x8_display.o
    0x08005652   0x08005652   0x00000002   PAD
    0x08005654   0x08005654   0x0000003c   Code   RO         8952    i.u8x8_d_ssd1306_128x64_noname  u8x8_d_ssd1306_128x64_noname.o
    0x08005690   0x08005690   0x000000c8   Code   RO         8954    i.u8x8_d_ssd1306_sh1106_generic  u8x8_d_ssd1306_128x64_noname.o
    0x08005758   0x08005758   0x00000004   Code   RO         9327    i.u8x8_dummy_cb     u8x8_setup.o
    0x0800575c   0x0800575c   0x0000000c   Code   RO         9246    i.u8x8_gpio_call    u8x8_gpio.o
    0x08005768   0x08005768   0x0000002c   Code   RO         8787    i.u8x8_i2c_data_transfer  u8x8_cad.o
    0x08005794   0x08005794   0x00000008   Code   RO         8555    i.u8x8_utf8_init    u8x8_8x8.o
    0x0800579c   0x0800579c   0x00000026   Code   RO         3017    i.uxListRemove      list.o
    0x080057c2   0x080057c2   0x00000002   PAD
    0x080057c4   0x080057c4   0x00000014   Code   RO         4072    i.vApplicationGetIdleTaskMemory  cmsis_os2.o
    0x080057d8   0x080057d8   0x00000018   Code   RO         4073    i.vApplicationGetTimerTaskMemory  cmsis_os2.o
    0x080057f0   0x080057f0   0x00000016   Code   RO         3018    i.vListInitialise   list.o
    0x08005806   0x08005806   0x00000006   Code   RO         3019    i.vListInitialiseItem  list.o
    0x0800580c   0x0800580c   0x00000030   Code   RO         3020    i.vListInsert       list.o
    0x0800583c   0x0800583c   0x00000018   Code   RO         3021    i.vListInsertEnd    list.o
    0x08005854   0x08005854   0x00000040   Code   RO         4571    i.vPortEnterCritical  port.o
    0x08005894   0x08005894   0x00000028   Code   RO         4572    i.vPortExitCritical  port.o
    0x080058bc   0x080058bc   0x00000064   Code   RO         4515    i.vPortFree         heap_4.o
    0x08005920   0x08005920   0x00000024   Code   RO         4573    i.vPortSetupTimerInterrupt  port.o
    0x08005944   0x08005944   0x00000054   Code   RO         4574    i.vPortValidateInterruptPriority  port.o
    0x08005998   0x08005998   0x00000028   Code   RO         3068    i.vQueueAddToRegistry  queue.o
    0x080059c0   0x080059c0   0x00000044   Code   RO         3072    i.vQueueWaitForMessageRestricted  queue.o
    0x08005a04   0x08005a04   0x0000004c   Code   RO         3479    i.vTaskDelay        tasks.o
    0x08005a50   0x08005a50   0x00000010   Code   RO         3484    i.vTaskInternalSetTimeOutState  tasks.o
    0x08005a60   0x08005a60   0x0000000c   Code   RO         3485    i.vTaskMissedYield  tasks.o
    0x08005a6c   0x08005a6c   0x00000030   Code   RO         3487    i.vTaskPlaceOnEventList  tasks.o
    0x08005a9c   0x08005a9c   0x00000038   Code   RO         3488    i.vTaskPlaceOnEventListRestricted  tasks.o
    0x08005ad4   0x08005ad4   0x00000088   Code   RO         3496    i.vTaskStartScheduler  tasks.o
    0x08005b5c   0x08005b5c   0x00000010   Code   RO         3498    i.vTaskSuspendAll   tasks.o
    0x08005b6c   0x08005b6c   0x00000064   Code   RO         3499    i.vTaskSwitchContext  tasks.o
    0x08005bd0   0x08005bd0   0x0000002e   Code   RO         4658    i.write_register8   bmp280.o
    0x08005bfe   0x08005bfe   0x00000002   PAD
    0x08005c00   0x08005c00   0x000000a8   Code   RO         4575    i.xPortStartScheduler  port.o
    0x08005ca8   0x08005ca8   0x0000002c   Code   RO         4576    i.xPortSysTickHandler  port.o
    0x08005cd4   0x08005cd4   0x00000066   Code   RO         3078    i.xQueueGenericCreateStatic  queue.o
    0x08005d3a   0x08005d3a   0x00000002   PAD
    0x08005d3c   0x08005d3c   0x00000088   Code   RO         3079    i.xQueueGenericReset  queue.o
    0x08005dc4   0x08005dc4   0x00000160   Code   RO         3080    i.xQueueGenericSend  queue.o
    0x08005f24   0x08005f24   0x000000be   Code   RO         3081    i.xQueueGenericSendFromISR  queue.o
    0x08005fe2   0x08005fe2   0x00000002   PAD
    0x08005fe4   0x08005fe4   0x00000138   Code   RO         3090    i.xQueueReceive     queue.o
    0x0800611c   0x0800611c   0x00000074   Code   RO         3501    i.xTaskCheckForTimeOut  tasks.o
    0x08006190   0x08006190   0x0000005a   Code   RO         3502    i.xTaskCreate       tasks.o
    0x080061ea   0x080061ea   0x00000056   Code   RO         3503    i.xTaskCreateStatic  tasks.o
    0x08006240   0x08006240   0x0000001c   Code   RO         3507    i.xTaskGetSchedulerState  tasks.o
    0x0800625c   0x0800625c   0x0000000c   Code   RO         3508    i.xTaskGetTickCount  tasks.o
    0x08006268   0x08006268   0x000000c8   Code   RO         3510    i.xTaskIncrementTick  tasks.o
    0x08006330   0x08006330   0x00000080   Code   RO         3513    i.xTaskPriorityDisinherit  tasks.o
    0x080063b0   0x080063b0   0x00000070   Code   RO         3515    i.xTaskRemoveFromEventList  tasks.o
    0x08006420   0x08006420   0x000000c4   Code   RO         3516    i.xTaskResumeAll    tasks.o
    0x080064e4   0x080064e4   0x00000060   Code   RO         3841    i.xTimerCreateTimerTask  timers.o
    0x08006544   0x08006544   0x00000068   Code   RO         3842    i.xTimerGenericCommand  timers.o
    0x080065ac   0x080065ac   0x0000002c   Code   RO         9646    locale$$code        c_w.l(lc_numeric_c.o)
    0x080065d8   0x080065d8   0x00000150   Code   RO         9485    x$fpl$dadd          fz_ws.l(daddsub_clz.o)
    0x08006728   0x08006728   0x00000010   Code   RO         9648    x$fpl$dcheck1       fz_ws.l(dcheck1.o)
    0x08006738   0x08006738   0x00000018   Code   RO         9720    x$fpl$dcmpinf       fz_ws.l(dcmpi.o)
    0x08006750   0x08006750   0x000002b0   Code   RO         9492    x$fpl$ddiv          fz_ws.l(ddiv.o)
    0x08006a00   0x08006a00   0x0000002e   Code   RO         9538    x$fpl$dflt          fz_ws.l(dflt_clz.o)
    0x08006a2e   0x08006a2e   0x00000002   PAD
    0x08006a30   0x08006a30   0x00000078   Code   RO         9650    x$fpl$dleqf         fz_ws.l(dleqf.o)
    0x08006aa8   0x08006aa8   0x00000154   Code   RO         9495    x$fpl$dmul          fz_ws.l(dmul.o)
    0x08006bfc   0x08006bfc   0x0000009c   Code   RO         9543    x$fpl$dnaninf       fz_ws.l(dnaninf.o)
    0x08006c98   0x08006c98   0x0000000c   Code   RO         9545    x$fpl$dretinf       fz_ws.l(dretinf.o)
    0x08006ca4   0x08006ca4   0x0000006c   Code   RO         9547    x$fpl$drleqf        fz_ws.l(drleqf.o)
    0x08006d10   0x08006d10   0x00000016   Code   RO         9486    x$fpl$drsb          fz_ws.l(daddsub_clz.o)
    0x08006d26   0x08006d26   0x00000002   PAD
    0x08006d28   0x08006d28   0x000001cc   Code   RO         9652    x$fpl$dsqrt         fz_ws.l(dsqrt_noumaal.o)
    0x08006ef4   0x08006ef4   0x000001d4   Code   RO         9487    x$fpl$dsub          fz_ws.l(daddsub_clz.o)
    0x080070c8   0x080070c8   0x00000056   Code   RO         9497    x$fpl$f2d           fz_ws.l(f2d.o)
    0x0800711e   0x0800711e   0x00000002   PAD
    0x08007120   0x08007120   0x0000000c   Code   RO         9549    x$fpl$fcheck1       fz_ws.l(fcheck1.o)
    0x0800712c   0x0800712c   0x00000184   Code   RO         9500    x$fpl$fdiv          fz_ws.l(fdiv.o)
    0x080072b0   0x080072b0   0x00000030   Code   RO         9504    x$fpl$fflt          fz_ws.l(fflt_clz.o)
    0x080072e0   0x080072e0   0x00000026   Code   RO         9503    x$fpl$ffltu         fz_ws.l(fflt_clz.o)
    0x08007306   0x08007306   0x0000008c   Code   RO         9551    x$fpl$fnaninf       fz_ws.l(fnaninf.o)
    0x08007392   0x08007392   0x0000000a   Code   RO         9553    x$fpl$fretinf       fz_ws.l(fretinf.o)
    0x0800739c   0x0800739c   0x00000004   Code   RO         9509    x$fpl$printf1       fz_ws.l(printf1.o)
    0x080073a0   0x080073a0   0x00000064   Code   RO         9656    x$fpl$retnan        fz_ws.l(retnan.o)
    0x08007404   0x08007404   0x0000005c   Code   RO         9555    x$fpl$scalbn        fz_ws.l(scalbn.o)
    0x08007460   0x08007460   0x0000004c   Code   RO         9511    x$fpl$scalbnf       fz_ws.l(scalbnf.o)
    0x080074ac   0x080074ac   0x00000030   Code   RO         9722    x$fpl$trapveneer    fz_ws.l(trapv.o)
    0x080074dc   0x080074dc   0x00000000   Code   RO         9557    x$fpl$usenofp       fz_ws.l(usenofp.o)
    0x080074dc   0x080074dc   0x00000024   Data   RO          209    .constdata          freertos.o
    0x08007500   0x08007500   0x00000012   Data   RO         1625    .constdata          stm32f1xx_hal_rcc.o
    0x08007512   0x08007512   0x00000010   Data   RO         2853    .constdata          system_stm32f1xx.o
    0x08007522   0x08007522   0x00000008   Data   RO         2854    .constdata          system_stm32f1xx.o
    0x0800752a   0x0800752a   0x000007ca   Data   RO         6270    .constdata          u8g2_fonts.o
    0x08007cf4   0x08007cf4   0x0000000c   Data   RO         8277    .constdata          u8g2_setup.o
    0x08007d00   0x08007d00   0x00000158   Data   RO         8956    .constdata          u8x8_d_ssd1306_128x64_noname.o
    0x08007e58   0x08007e58   0x00000088   Data   RO         9515    .constdata          m_ws.l(pow.o)
    0x08007ee0   0x08007ee0   0x00000008   Data   RO         9576    .constdata          m_ws.l(qnan.o)
    0x08007ee8   0x08007ee8   0x00000094   Data   RO         9621    .constdata          c_w.l(bigflt0.o)
    0x08007f7c   0x08007f7c   0x0000000c   Data   RO          210    .conststring        freertos.o
    0x08007f88   0x08007f88   0x00000020   Data   RO         9809    Region$$Table       anon$$obj.o
    0x08007fa8   0x08007fa8   0x0000001c   Data   RO         9645    locale$$data        c_w.l(lc_numeric_c.o)


    Execution Region RW_IRAM1 (Exec base: 0x20000000, Load base: 0x08007fc4, Size: 0x00002580, Max: 0x00005000, ABSOLUTE)

    Exec Addr    Load Addr    Size         Type   Attr      Idx    E Section Name        Object

    0x20000000   0x08007fc4   0x00000008   Data   RW          211    .data               freertos.o
    0x20000008   0x08007fcc   0x0000000c   Data   RW         1462    .data               stm32f1xx_hal.o
    0x20000014   0x08007fd8   0x00000004   Data   RW         2855    .data               system_stm32f1xx.o
    0x20000018   0x08007fdc   0x0000003c   Data   RW         3519    .data               tasks.o
    0x20000054   0x08008018   0x00000014   Data   RW         3850    .data               timers.o
    0x20000068   0x0800802c   0x00000004   Data   RW         4075    .data               cmsis_os2.o
    0x2000006c   0x08008030   0x00000020   Data   RW         4521    .data               heap_4.o
    0x2000008c   0x08008050   0x0000000c   Data   RW         4577    .data               port.o
    0x20000098   0x0800805c   0x00000003   Data   RW         8679    .data               u8x8_byte.o
    0x2000009b   0x0800805f   0x00000006   Data   RW         8789    .data               u8x8_cad.o
    0x200000a1   0x08008065   0x00000003   PAD
    0x200000a4        -       0x000000a8   Zero   RW          257    .bss                i2c.o
    0x2000014c        -       0x00000048   Zero   RW          392    .bss                stm32f1xx_hal_timebase_tim.o
    0x20000194        -       0x00000040   Zero   RW         3094    .bss                queue.o
    0x200001d4        -       0x000004c4   Zero   RW         3518    .bss                tasks.o
    0x20000698        -       0x00000118   Zero   RW         3849    .bss                timers.o
    0x200007b0        -       0x000006b8   Zero   RW         4074    .bss                cmsis_os2.o
    0x20000e68        -       0x00000c00   Zero   RW         4520    .bss                heap_4.o
    0x20001a68        -       0x00000094   Zero   RW         4803    .bss                data.o
    0x20001afc        -       0x00000400   Zero   RW         5719    .bss                u8g2_d_memory.o
    0x20001efc        -       0x00000020   Zero   RW         8678    .bss                u8x8_byte.o
    0x20001f1c        -       0x00000060   Zero   RW         9659    .bss                c_w.l(libspace.o)
    0x20001f7c   0x08008065   0x00000004   PAD
    0x20001f80        -       0x00000200   Zero   RW            2    HEAP                startup_stm32f103xb.o
    0x20002180        -       0x00000400   Zero   RW            1    STACK               startup_stm32f103xb.o


==============================================================================

Image component sizes


      Code (inc. data)   RO Data    RW Data    ZI Data      Debug   Object Name

      1356          8          0          0          0       9703   bmp280.o
       326         22          0          4       1720      58447   cmsis_os2.o
        68         22          0          0        148       2545   data.o
         0          0          0          0          0      19576   event_groups.o
        76         32         48          8          0       1687   freertos.o
        76          6          0          0          0        819   gpio.o
       472         24          0         32       3072       4671   heap_4.o
       280         46          0          0        168       2182   i2c.o
       138          0          0          0          0       3302   list.o
       152          6          0          0          0     441460   main.o
       662         70          0         12          0      10525   port.o
      1514         20          0          0         64      16800   queue.o
       388         94          0          0          0     160585   showbmp280.o
        64         26        236          0       1536        792   startup_stm32f103xb.o
       100         18          0         12          0       5122   stm32f1xx_hal.o
       158         14          0          0          0      28110   stm32f1xx_hal_cortex.o
       480         34          0          0          0       2224   stm32f1xx_hal_gpio.o
      2838         72          0          0          0      14736   stm32f1xx_hal_i2c.o
        72         10          0          0          0        834   stm32f1xx_hal_msp.o
      1272         82         18          0          0       5070   stm32f1xx_hal_rcc.o
       612         24          0          0          0       6992   stm32f1xx_hal_tim.o
         4          0          0          0          0       1525   stm32f1xx_hal_tim_ex.o
       152         20          0          0         72       1423   stm32f1xx_hal_timebase_tim.o
        24          6          0          0          0       2895   stm32f1xx_it.o
         0          0          0          0          0        424   stream_buffer.o
         2          0         24          4          0       1059   system_stm32f1xx.o
      2084        168          0         60       1220      25736   tasks.o
       972         80          0         20        280      31767   timers.o
       232          0          0          0          0       3884   u8g2_buffer.o
        30          0          0          0          0        524   u8g2_cleardisplay.o
        12          4          0          0       1024        756   u8g2_d_memory.o
        80         14          0          0          0       1684   u8g2_d_setup.o
      1212         10          0          0          0      12968   u8g2_font.o
         0          0       1994          0          0     145299   u8g2_fonts.o
       250          0          0          0          0       2299   u8g2_hvline.o
        72          0          0          0          0       1763   u8g2_intersection.o
       144          0          0          0          0       1310   u8g2_ll_hvline.o
       328          0         12          0          0     146379   u8g2_setup.o
        22          0          0          0          0       1697   u8x8_8x8.o
       146         12          0          3         32       5015   u8x8_byte.o
       416         12          0          6          0       8248   u8x8_cad.o
       260         12        344          0          0       2931   u8x8_d_ssd1306_128x64_noname.o
       200          0          0          0          0       3974   u8x8_display.o
        12          0          0          0          0        541   u8x8_gpio.o
        74          4          0          0          0       1610   u8x8_setup.o

    ----------------------------------------------------------------------
     17874        972       2708        164       9336    1201893   Object Totals
         0          0         32          0          0          0   (incl. Generated)
        42          0          0          3          0          0   (incl. Padding)

    ----------------------------------------------------------------------

      Code (inc. data)   RO Data    RW Data    ZI Data      Debug   Library Member Name

         8          0          0          0          0         68   __main.o
       284          0          0          0          0        156   __printf_wp.o
         0          0          0          0          0          0   __rtentry.o
        12          0          0          0          0          0   __rtentry2.o
         6          0          0          0          0          0   __rtentry4.o
        52          8          0          0          0          0   __scatter.o
        26          0          0          0          0          0   __scatter_copy.o
        28          0          0          0          0          0   __scatter_zi.o
        48          6          0          0          0         96   _printf_char_common.o
         6          0          0          0          0          0   _printf_f.o
      1054          0          0          0          0        216   _printf_fp_dec.o
       128         16          0          0          0         84   _printf_fp_infnan.o
         0          0          0          0          0          0   _printf_percent.o
         4          0          0          0          0          0   _printf_percent_end.o
        22          0          0          0          0        100   _rserrno.o
        10          0          0          0          0         68   _sputc.o
        16          0          0          0          0         68   aeabi_memset.o
       228          4        148          0          0         96   bigflt0.o
      1936        128          0          0          0        672   btod.o
        18          0          0          0          0         80   exit.o
         6          0          0          0          0        152   heapauxi.o
         0          0          0          0          0          0   indicate_semi.o
        44         10         28          0          0         76   lc_numeric_c.o
         2          0          0          0          0          0   libinit.o
        18          0          0          0          0          0   libinit2.o
         2          0          0          0          0          0   libshutdown.o
         2          0          0          0          0          0   libshutdown2.o
         8          4          0          0         96         68   libspace.o
        72          0          0          0          0         76   llsdiv.o
       138          0          0          0          0         80   lludiv10.o
       238          0          0          0          0        100   lludivv7m.o
        40          6          0          0          0         84   noretval__2sprintf.o
         8          4          0          0          0         68   rt_errno_addr_intlibspace.o
         8          4          0          0          0         68   rt_locale_intlibspace.o
        68          0          0          0          0         68   rt_memclr.o
        78          0          0          0          0         80   rt_memclr_w.o
       138          0          0          0          0         68   rt_memcpy_v6.o
       100          0          0          0          0         80   rt_memcpy_w.o
         2          0          0          0          0          0   rtexit.o
        10          0          0          0          0          0   rtexit2.o
       128          0          0          0          0         68   strcmpv7m.o
        12          4          0          0          0         68   sys_exit.o
        74          0          0          0          0         80   sys_stackheap_outer.o
         2          0          0          0          0         68   use_no_semi.o
       826         16          0          0          0        348   daddsub_clz.o
        16          4          0          0          0         68   dcheck1.o
        24          0          0          0          0         68   dcmpi.o
       688        140          0          0          0        208   ddiv.o
        46          0          0          0          0         68   dflt_clz.o
       120          4          0          0          0         92   dleqf.o
       340         12          0          0          0        104   dmul.o
       156          4          0          0          0         92   dnaninf.o
        12          0          0          0          0         68   dretinf.o
       108          0          0          0          0         80   drleqf.o
       460         56          0          0          0        120   dsqrt_noumaal.o
        86          4          0          0          0         84   f2d.o
        12          4          0          0          0         68   fcheck1.o
       388         76          0          0          0         96   fdiv.o
        86          0          0          0          0        136   fflt_clz.o
       140          4          0          0          0         84   fnaninf.o
        10          0          0          0          0         68   fretinf.o
         4          0          0          0          0         68   printf1.o
       100          0          0          0          0         68   retnan.o
        92          0          0          0          0         68   scalbn.o
        76          0          0          0          0         68   scalbnf.o
        48          0          0          0          0         68   trapv.o
         0          0          0          0          0          0   usenofp.o
        62         10          0          0          0        340   dunder.o
        40          0          0          0          0         68   fpclassify.o
       170          0          0          0          0         96   poly.o
      2520        190        136          0          0        324   pow.o
         0          0          8          0          0          0   qnan.o
        76          0          0          0          0         84   sqrt.o

    ----------------------------------------------------------------------
     11806        718        320          0        100       6160   Library Totals
        16          0          0          0          4          0   (incl. Padding)

    ----------------------------------------------------------------------

      Code (inc. data)   RO Data    RW Data    ZI Data      Debug   Library Name

      5084        194        176          0         96       3056   c_w.l
      3838        324          0          0          0       2192   fz_ws.l
      2868        200        144          0          0        912   m_ws.l

    ----------------------------------------------------------------------
     11806        718        320          0        100       6160   Library Totals

    ----------------------------------------------------------------------

==============================================================================


      Code (inc. data)   RO Data    RW Data    ZI Data      Debug   

     29680       1690       3028        164       9436    1194113   Grand Totals
     29680       1690       3028        164       9436    1194113   ELF Image Totals
     29680       1690       3028        164          0          0   ROM Totals

==============================================================================

    Total RO  Size (Code + RO Data)                32708 (  31.94kB)
    Total RW  Size (RW Data + ZI Data)              9600 (   9.38kB)
    Total ROM Size (Code + RO Data + RW Data)      32872 (  32.10kB)

==============================================================================

