Component: ARM Compiler 5.05 update 1 (build 106) Tool: armlink [4d0efa]

==============================================================================

Section Cross References

    startup_stm32f103xb.o(RESET) refers to startup_stm32f103xb.o(STACK) for __initial_sp
    startup_stm32f103xb.o(RESET) refers to startup_stm32f103xb.o(.text) for Reset_Handler
    startup_stm32f103xb.o(RESET) refers to stm32f1xx_it.o(i.NMI_Handler) for NMI_Handler
    startup_stm32f103xb.o(RESET) refers to stm32f1xx_it.o(i.HardFault_Handler) for HardFault_Handler
    startup_stm32f103xb.o(RESET) refers to stm32f1xx_it.o(i.MemManage_Handler) for MemManage_Handler
    startup_stm32f103xb.o(RESET) refers to stm32f1xx_it.o(i.BusFault_Handler) for BusFault_Handler
    startup_stm32f103xb.o(RESET) refers to stm32f1xx_it.o(i.UsageFault_Handler) for UsageFault_Handler
    startup_stm32f103xb.o(RESET) refers to port.o(.emb_text) for SVC_Handler
    startup_stm32f103xb.o(RESET) refers to stm32f1xx_it.o(i.DebugMon_Handler) for DebugMon_Handler
    startup_stm32f103xb.o(RESET) refers to port.o(i.SysTick_Handler) for SysTick_Handler
    startup_stm32f103xb.o(RESET) refers to stm32f1xx_it.o(i.EXTI0_IRQHandler) for EXTI0_IRQHandler
    startup_stm32f103xb.o(RESET) refers to stm32f1xx_it.o(i.EXTI1_IRQHandler) for EXTI1_IRQHandler
    startup_stm32f103xb.o(RESET) refers to stm32f1xx_it.o(i.TIM1_BRK_IRQHandler) for TIM1_BRK_IRQHandler
    startup_stm32f103xb.o(RESET) refers to stm32f1xx_it.o(i.TIM4_IRQHandler) for TIM4_IRQHandler
    startup_stm32f103xb.o(RESET) refers to stm32f1xx_it.o(i.EXTI15_10_IRQHandler) for EXTI15_10_IRQHandler
    startup_stm32f103xb.o(.text) refers to system_stm32f1xx.o(i.SystemInit) for SystemInit
    startup_stm32f103xb.o(.text) refers to entry.o(.ARM.Collect$$$$00000000) for __main
    stm32f1xx_hal.o(i.HAL_DeInit) refers to stm32f1xx_hal.o(i.HAL_MspDeInit) for HAL_MspDeInit
    stm32f1xx_hal.o(i.HAL_Delay) refers to stm32f1xx_hal.o(i.HAL_GetTick) for HAL_GetTick
    stm32f1xx_hal.o(i.HAL_Delay) refers to stm32f1xx_hal.o(.data) for uwTickFreq
    stm32f1xx_hal.o(i.HAL_GetTick) refers to stm32f1xx_hal.o(.data) for uwTick
    stm32f1xx_hal.o(i.HAL_GetTickFreq) refers to stm32f1xx_hal.o(.data) for uwTickFreq
    stm32f1xx_hal.o(i.HAL_GetTickPrio) refers to stm32f1xx_hal.o(.data) for uwTickPrio
    stm32f1xx_hal.o(i.HAL_IncTick) refers to stm32f1xx_hal.o(.data) for uwTick
    stm32f1xx_hal.o(i.HAL_Init) refers to stm32f1xx_hal_cortex.o(i.HAL_NVIC_SetPriorityGrouping) for HAL_NVIC_SetPriorityGrouping
    stm32f1xx_hal.o(i.HAL_Init) refers to stm32f1xx_hal_timebase_tim.o(i.HAL_InitTick) for HAL_InitTick
    stm32f1xx_hal.o(i.HAL_Init) refers to stm32f1xx_hal_msp.o(i.HAL_MspInit) for HAL_MspInit
    stm32f1xx_hal.o(i.HAL_InitTick) refers to stm32f1xx_hal_cortex.o(i.HAL_SYSTICK_Config) for HAL_SYSTICK_Config
    stm32f1xx_hal.o(i.HAL_InitTick) refers to stm32f1xx_hal_cortex.o(i.HAL_NVIC_SetPriority) for HAL_NVIC_SetPriority
    stm32f1xx_hal.o(i.HAL_InitTick) refers to stm32f1xx_hal.o(.data) for uwTickFreq
    stm32f1xx_hal.o(i.HAL_InitTick) refers to system_stm32f1xx.o(.data) for SystemCoreClock
    stm32f1xx_hal.o(i.HAL_SetTickFreq) refers to stm32f1xx_hal_timebase_tim.o(i.HAL_InitTick) for HAL_InitTick
    stm32f1xx_hal.o(i.HAL_SetTickFreq) refers to stm32f1xx_hal.o(.data) for uwTickFreq
    stm32f1xx_hal_rcc.o(i.HAL_RCC_ClockConfig) refers to stm32f1xx_hal.o(i.HAL_GetTick) for HAL_GetTick
    stm32f1xx_hal_rcc.o(i.HAL_RCC_ClockConfig) refers to stm32f1xx_hal_rcc.o(i.HAL_RCC_GetSysClockFreq) for HAL_RCC_GetSysClockFreq
    stm32f1xx_hal_rcc.o(i.HAL_RCC_ClockConfig) refers to stm32f1xx_hal_timebase_tim.o(i.HAL_InitTick) for HAL_InitTick
    stm32f1xx_hal_rcc.o(i.HAL_RCC_ClockConfig) refers to system_stm32f1xx.o(.constdata) for AHBPrescTable
    stm32f1xx_hal_rcc.o(i.HAL_RCC_ClockConfig) refers to system_stm32f1xx.o(.data) for SystemCoreClock
    stm32f1xx_hal_rcc.o(i.HAL_RCC_ClockConfig) refers to stm32f1xx_hal.o(.data) for uwTickPrio
    stm32f1xx_hal_rcc.o(i.HAL_RCC_DeInit) refers to stm32f1xx_hal.o(i.HAL_GetTick) for HAL_GetTick
    stm32f1xx_hal_rcc.o(i.HAL_RCC_DeInit) refers to stm32f1xx_hal_timebase_tim.o(i.HAL_InitTick) for HAL_InitTick
    stm32f1xx_hal_rcc.o(i.HAL_RCC_DeInit) refers to system_stm32f1xx.o(.data) for SystemCoreClock
    stm32f1xx_hal_rcc.o(i.HAL_RCC_DeInit) refers to stm32f1xx_hal.o(.data) for uwTickPrio
    stm32f1xx_hal_rcc.o(i.HAL_RCC_GetHCLKFreq) refers to system_stm32f1xx.o(.data) for SystemCoreClock
    stm32f1xx_hal_rcc.o(i.HAL_RCC_GetPCLK1Freq) refers to stm32f1xx_hal_rcc.o(i.HAL_RCC_GetHCLKFreq) for HAL_RCC_GetHCLKFreq
    stm32f1xx_hal_rcc.o(i.HAL_RCC_GetPCLK1Freq) refers to system_stm32f1xx.o(.constdata) for APBPrescTable
    stm32f1xx_hal_rcc.o(i.HAL_RCC_GetPCLK2Freq) refers to stm32f1xx_hal_rcc.o(i.HAL_RCC_GetHCLKFreq) for HAL_RCC_GetHCLKFreq
    stm32f1xx_hal_rcc.o(i.HAL_RCC_GetPCLK2Freq) refers to system_stm32f1xx.o(.constdata) for APBPrescTable
[...]
    pxDelayedTaskList                        0x20000058   Data           4  tasks.o(.data)
    pxOverflowDelayedTaskList                0x2000005c   Data           4  tasks.o(.data)
    uxDeletedTasksWaitingCleanUp             0x20000060   Data           4  tasks.o(.data)
    uxCurrentNumberOfTasks                   0x20000064   Data           4  tasks.o(.data)
    xTickCount                               0x20000068   Data           4  tasks.o(.data)
    uxTopReadyPriority                       0x2000006c   Data           4  tasks.o(.data)
    xSchedulerRunning                        0x20000070   Data           4  tasks.o(.data)
    uxPendedTicks                            0x20000074   Data           4  tasks.o(.data)
    xYieldPending                            0x20000078   Data           4  tasks.o(.data)
    xNumOfOverflows                          0x2000007c   Data           4  tasks.o(.data)
    uxTaskNumber                             0x20000080   Data           4  tasks.o(.data)
    xNextTaskUnblockTime                     0x20000084   Data           4  tasks.o(.data)
    xIdleTaskHandle                          0x20000088   Data           4  tasks.o(.data)
    uxSchedulerSuspended                     0x2000008c   Data           4  tasks.o(.data)
    .data                                    0x20000090   Section       20  timers.o(.data)
    pxCurrentTimerList                       0x20000090   Data           4  timers.o(.data)
    pxOverflowTimerList                      0x20000094   Data           4  timers.o(.data)
    xTimerQueue                              0x20000098   Data           4  timers.o(.data)
    xTimerTaskHandle                         0x2000009c   Data           4  timers.o(.data)
    xLastTime                                0x200000a0   Data           4  timers.o(.data)
    .data                                    0x200000a4   Section        4  cmsis_os2.o(.data)
    KernelState                              0x200000a4   Data           4  cmsis_os2.o(.data)
    .data                                    0x200000a8   Section       24  heap_4.o(.data)
    xStart                                   0x200000a8   Data           8  heap_4.o(.data)
    pxEnd                                    0x200000b0   Data           4  heap_4.o(.data)
    xFreeBytesRemaining                      0x200000b4   Data           4  heap_4.o(.data)
    xMinimumEverFreeBytesRemaining           0x200000b8   Data           4  heap_4.o(.data)
    xBlockAllocatedBit                       0x200000bc   Data           4  heap_4.o(.data)
    .data                                    0x200000c0   Section       12  port.o(.data)
    uxCriticalNesting                        0x200000c0   Data           4  port.o(.data)
    ucMaxSysCallPriority                     0x200000c4   Data           1  port.o(.data)
    ulMaxPRIGROUPValue                       0x200000c8   Data           4  port.o(.data)
    .data                                    0x200000cc   Section        4  driver_passive_buzzer.o(.data)
    g_HPWM_PassiveBuzzer                     0x200000cc   Data           4  driver_passive_buzzer.o(.data)
    .data                                    0x200000d0   Section        4  beep.o(.data)
    g_TimerSound                             0x200000d0   Data           4  beep.o(.data)
    .data                                    0x200000d4   Section       53  inv_mpu.o(.data)
    st                                       0x200000d4   Data          44  inv_mpu.o(.data)
    gyro_orientation                         0x20000100   Data           9  inv_mpu.o(.data)
    .data                                    0x2000010c   Section       72  showtimetask.o(.data)
    .data                                    0x20000154   Section      144  showmenu.o(.data)
    .data                                    0x200001e4   Section       52  showclock.o(.data)
    .data                                    0x20000218   Section      104  showsetting.o(.data)
    .data                                    0x20000280   Section       16  showsteptask.o(.data)
    step_cnt                                 0x20000280   Data           4  showsteptask.o(.data)
    sample_size                              0x2000028c   Data           4  showsteptask.o(.data)
    .data                                    0x20000290   Section       23  oled.o(.data)
    .data                                    0x200002a8   Section        4  stdout.o(.data)
    .bss                                     0x200002ac   Section       84  i2c.o(.bss)
    .bss                                     0x20000300   Section       72  tim.o(.bss)
    .bss                                     0x20000348   Section       72  stm32f1xx_hal_timebase_tim.o(.bss)
    .bss                                     0x20000390   Section       64  queue.o(.bss)
    .bss                                     0x200003d0   Section     1220  tasks.o(.bss)
    pxReadyTasksLists                        0x200003d0   Data        1120  tasks.o(.bss)
    xDelayedTaskList1                        0x20000830   Data          20  tasks.o(.bss)
    xDelayedTaskList2                        0x20000844   Data          20  tasks.o(.bss)
    xPendingReadyList                        0x20000858   Data          20  tasks.o(.bss)
    xTasksWaitingTermination                 0x2000086c   Data          20  tasks.o(.bss)
    xSuspendedTaskList                       0x20000880   Data          20  tasks.o(.bss)
    .bss                                     0x20000894   Section      280  timers.o(.bss)
    xActiveTimerList1                        0x20000894   Data          20  timers.o(.bss)
    xActiveTimerList2                        0x200008a8   Data          20  timers.o(.bss)
    xStaticTimerQueue                        0x200008bc   Data          80  timers.o(.bss)
    ucStaticTimerQueueStorage                0x2000090c   Data         160  timers.o(.bss)
    .bss                                     0x200009ac   Section     1720  cmsis_os2.o(.bss)
    Idle_TCB                                 0x200009ac   Data          92  cmsis_os2.o(.bss)
    Idle_Stack                               0x20000a08   Data         512  cmsis_os2.o(.bss)
    Timer_TCB                                0x20000c08   Data          92  cmsis_os2.o(.bss)
    Timer_Stack                              0x20000c64   Data        1024  cmsis_os2.o(.bss)
    .bss                                     0x20001064   Section     8192  heap_4.o(.bss)
    ucHeap                                   0x20001064   Data        8192  heap_4.o(.bss)
    .bss                                     0x20003064   Section       16  inv_mpu_dmp_motion_driver.o(.bss)
    dmp                                      0x20003064   Data          16  inv_mpu_dmp_motion_driver.o(.bss)
    .bss                                     0x20003074   Section       62  showsteptask.o(.bss)
    STACK                                    0x200030b8   Section     1024  startup_stm32f103xb.o(STACK)

    Global Symbols

    Symbol Name                              Value     Ov Type        Size  Object(Section)

    BuildAttributes$$THM_ISAv4$P$D$K$B$S$PE$A:L22UL41UL21$X:L11$S22US41US21$IEEE1$IW$USESV6$~STKCKD$USESV7$~SHL$OTIME$ROPI$IEEEX$EBA8$MICROLIB$REQ8$PRES8$EABIv2 0x00000000   Number         0  anon$$obj.o ABSOLUTE
    __ARM_use_no_argv                        0x00000000   Number         0  main.o ABSOLUTE
    _printf_a                                0x00000000   Number         0  stubs.o ABSOLUTE
    _printf_c                                0x00000000   Number         0  stubs.o ABSOLUTE
    _printf_charcount                        0x00000000   Number         0  stubs.o ABSOLUTE
    _printf_d                                0x00000000   Number         0  stubs.o ABSOLUTE
    _printf_e                                0x00000000   Number         0  stubs.o ABSOLUTE
    _printf_f                                0x00000000   Number         0  stubs.o ABSOLUTE
    _printf_flags                            0x00000000   Number         0  stubs.o ABSOLUTE
    _printf_fp_dec                           0x00000000   Number         0  stubs.o ABSOLUTE
    _printf_fp_hex                           0x00000000   Number         0  stubs.o ABSOLUTE
    _printf_g                                0x00000000   Number         0  stubs.o ABSOLUTE
    _printf_i                                0x00000000   Number         0  stubs.o ABSOLUTE
    _printf_int_dec                          0x00000000   Number         0  stubs.o ABSOLUTE
    _printf_l                                0x00000000   Number         0  stubs.o ABSOLUTE
    _printf_lc                               0x00000000   Number         0  stubs.o ABSOLUTE
    _printf_ll                               0x00000000   Number         0  stubs.o ABSOLUTE
    _printf_lld                              0x00000000   Number         0  stubs.o ABSOLUTE
    _printf_lli                              0x00000000   Number         0  stubs.o ABSOLUTE
    _printf_llo                              0x00000000   Number         0  stubs.o ABSOLUTE
    _printf_llu                              0x00000000   Number         0  stubs.o ABSOLUTE
    _printf_llx                              0x00000000   Number         0  stubs.o ABSOLUTE
    _printf_longlong_dec                     0x00000000   Number         0  stubs.o ABSOLUTE
    _printf_longlong_hex                     0x00000000   Number         0  stubs.o ABSOLUTE
    _printf_longlong_oct                     0x00000000   Number         0  stubs.o ABSOLUTE
    _printf_ls                               0x00000000   Number         0  stubs.o ABSOLUTE
    _printf_mbtowc                           0x00000000   Number         0  stubs.o ABSOLUTE
    _printf_n                                0x00000000   Number         0  stubs.o ABSOLUTE
    _printf_o                                0x00000000   Number         0  stubs.o ABSOLUTE
    _printf_p                                0x00000000   Number         0  stubs.o ABSOLUTE
    _printf_percent                          0x00000000   Number         0  stubs.o ABSOLUTE
    _printf_pre_padding                      0x00000000   Number         0  stubs.o ABSOLUTE
    _printf_return_value                     0x00000000   Number         0  stubs.o ABSOLUTE
    _printf_s                                0x00000000   Number         0  stubs.o ABSOLUTE
    _printf_sizespec                         0x00000000   Number         0  stubs.o ABSOLUTE
    _printf_str                              0x00000000   Number         0  stubs.o ABSOLUTE
    _printf_truncate_signed                  0x00000000   Number         0  stubs.o ABSOLUTE
    _printf_truncate_unsigned                0x00000000   Number         0  stubs.o ABSOLUTE
    _printf_u                                0x00000000   Number         0  stubs.o ABSOLUTE
    _printf_wc                               0x00000000   Number         0  stubs.o ABSOLUTE
    _printf_wctomb                           0x00000000   Number         0  stubs.o ABSOLUTE
    _printf_widthprec                        0x00000000   Number         0  stubs.o ABSOLUTE
    _printf_x                                0x00000000   Number         0  stubs.o ABSOLUTE
    __cpp_initialize__aeabi_                  - Undefined Weak Reference
    __cxa_finalize                            - Undefined Weak Reference
    _clock_init                               - Undefined Weak Reference
    _microlib_exit                            - Undefined Weak Reference
    __Vectors_Size                           0x000000ec   Number         0  startup_stm32f103xb.o ABSOLUTE
    __Vectors                                0x08000000   Data           4  startup_stm32f103xb.o(RESET)
    __Vectors_End                            0x080000ec   Data           0  startup_stm32f103xb.o(RESET)
    __main                                   0x080000ed   Thumb Code     0  entry.o(.ARM.Collect$$$$00000000)
    _main_stk                                0x080000ed   Thumb Code     0  entry2.o(.ARM.Collect$$$$00000001)
    _main_scatterload                        0x080000f1   Thumb Code     0  entry5.o(.ARM.Collect$$$$00000004)
    __main_after_scatterload                 0x080000f5   Thumb Code     0  entry5.o(.ARM.Collect$$$$00000004)
    _main_clock                              0x080000f5   Thumb Code     0  entry7b.o(.ARM.Collect$$$$00000008)
    _main_cpp_init                           0x080000f5   Thumb Code     0  entry8b.o(.ARM.Collect$$$$0000000A)
    _main_init                               0x080000f5   Thumb Code     0  entry9a.o(.ARM.Collect$$$$0000000B)
    __rt_final_cpp                           0x080000fd   Thumb Code     0  entry10a.o(.ARM.Collect$$$$0000000D)
    __rt_final_exit                          0x080000fd   Thumb Code     0  entry11a.o(.ARM.Collect$$$$0000000F)
    SVC_Handler                              0x08000101   Thumb Code    32  port.o(.emb_text)
    __asm___6_port_c_39a90d8d__prvStartFirstTask 0x08000125   Thumb Code    28  port.o(.emb_text)
    PendSV_Handler                           0x08000145   Thumb Code    72  port.o(.emb_text)
    vPortGetIPSR                             0x08000191   Thumb Code     6  port.o(.emb_text)
    Reset_Handler                            0x08000199   Thumb Code     8  startup_stm32f103xb.o(.text)
    ADC1_2_IRQHandler                        0x080001b3   Thumb Code     0  startup_stm32f103xb.o(.text)
    CAN1_RX1_IRQHandler                      0x080001b3   Thumb Code     0  startup_stm32f103xb.o(.text)
    CAN1_SCE_IRQHandler                      0x080001b3   Thumb Code     0  startup_stm32f103xb.o(.text)
    DMA1_Channel1_IRQHandler                 0x080001b3   Thumb Code     0  startup_stm32f103xb.o(.text)
    DMA1_Channel2_IRQHandler                 0x080001b3   Thumb Code     0  startup_stm32f103xb.o(.text)
    DMA1_Channel3_IRQHandler                 0x080001b3   Thumb Code     0  startup_stm32f103xb.o(.text)
    DMA1_Channel4_IRQHandler                 0x080001b3   Thumb Code     0  startup_stm32f103xb.o(.text)
    DMA1_Channel5_IRQHandler                 0x080001b3   Thumb Code     0  startup_stm32f103xb.o(.text)
    DMA1_Channel6_IRQHandler                 0x080001b3   Thumb Code     0  startup_stm32f103xb.o(.text)
    DMA1_Channel7_IRQHandler                 0x080001b3   Thumb Code     0  startup_stm32f103xb.o(.text)
    EXTI2_IRQHandler                         0x080001b3   Thumb Code     0  startup_stm32f103xb.o(.text)
    EXTI3_IRQHandler                         0x080001b3   Thumb Code     0  startup_stm32f103xb.o(.text)
    EXTI4_IRQHandler                         0x080001b3   Thumb Code     0  startup_stm32f103xb.o(.text)
    EXTI9_5_IRQHandler                       0x080001b3   Thumb Code     0  startup_stm32f103xb.o(.text)
    FLASH_IRQHandler                         0x080001b3   Thumb Code     0  startup_stm32f103xb.o(.text)
    I2C1_ER_IRQHandler                       0x080001b3   Thumb Code     0  startup_stm32f103xb.o(.text)
    I2C1_EV_IRQHandler                       0x080001b3   Thumb Code     0  startup_stm32f103xb.o(.text)
    I2C2_ER_IRQHandler                       0x080001b3   Thumb Code     0  startup_stm32f103xb.o(.text)
    I2C2_EV_IRQHandler                       0x080001b3   Thumb Code     0  startup_stm32f103xb.o(.text)
    PVD_IRQHandler                           0x080001b3   Thumb Code     0  startup_stm32f103xb.o(.text)
    RCC_IRQHandler                           0x080001b3   Thumb Code     0  startup_stm32f103xb.o(.text)
    RTC_Alarm_IRQHandler                     0x080001b3   Thumb Code     0  startup_stm32f103xb.o(.text)
    RTC_IRQHandler                           0x080001b3   Thumb Code     0  startup_stm32f103xb.o(.text)
    SPI1_IRQHandler                          0x080001b3   Thumb Code     0  startup_stm32f103xb.o(.text)
    SPI2_IRQHandler                          0x080001b3   Thumb Code     0  startup_stm32f103xb.o(.text)
    TAMPER_IRQHandler                        0x080001b3   Thumb Code     0  startup_stm32f103xb.o(.text)
    TIM1_CC_IRQHandler                       0x080001b3   Thumb Code     0  startup_stm32f103xb.o(.text)
    TIM1_TRG_COM_IRQHandler                  0x080001b3   Thumb Code     0  startup_stm32f103xb.o(.text)
    TIM1_UP_IRQHandler                       0x080001b3   Thumb Code     0  startup_stm32f103xb.o(.text)
    TIM2_IRQHandler                          0x080001b3   Thumb Code     0  startup_stm32f103xb.o(.text)
    TIM3_IRQHandler                          0x080001b3   Thumb Code     0  startup_stm32f103xb.o(.text)
    USART1_IRQHandler                        0x080001b3   Thumb Code     0  startup_stm32f103xb.o(.text)
    USART2_IRQHandler                        0x080001b3   Thumb Code     0  startup_stm32f103xb.o(.text)
    USART3_IRQHandler                        0x080001b3   Thumb Code     0  startup_stm32f103xb.o(.text)
    USBWakeUp_IRQHandler                     0x080001b3   Thumb Code     0  startup_stm32f103xb.o(.text)
    USB_HP_CAN1_TX_IRQHandler                0x080001b3   Thumb Code     0  startup_stm32f103xb.o(.text)
    USB_LP_CAN1_RX0_IRQHandler               0x080001b3   Thumb Code     0  startup_stm32f103xb.o(.text)
    WWDG_IRQHandler                          0x080001b3   Thumb Code     0  startup_stm32f103xb.o(.text)
    __aeabi_uldivmod                         0x080001bd   Thumb Code    98  uldiv.o(.text)
    __aeabi_ldivmod                          0x0800021f   Thumb Code    98  ldiv.o(.text)
    __aeabi_llsr                             0x08000281   Thumb Code    32  llushr.o(.text)
    _ll_ushift_r                             0x08000281   Thumb Code     0  llushr.o(.text)
    __aeabi_memcpy                           0x080002a1   Thumb Code    36  memcpya.o(.text)
    __aeabi_memcpy4                          0x080002a1   Thumb Code     0  memcpya.o(.text)
    __aeabi_memcpy8                          0x080002a1   Thumb Code     0  memcpya.o(.text)
    __aeabi_memset                           0x080002c5   Thumb Code    14  memseta.o(.text)
    __aeabi_memset4                          0x080002c5   Thumb Code     0  memseta.o(.text)
    __aeabi_memset8                          0x080002c5   Thumb Code     0  memseta.o(.text)
    __aeabi_memclr                           0x080002d3   Thumb Code     4  memseta.o(.text)
    __aeabi_memclr4                          0x080002d3   Thumb Code     0  memseta.o(.text)
    __aeabi_memclr8                          0x080002d3   Thumb Code     0  memseta.o(.text)
    memset                                   0x080002d7   Thumb Code    18  memseta.o(.text)
    memcmp                                   0x080002e9   Thumb Code    26  memcmp.o(.text)
    __aeabi_fadd                             0x08000303   Thumb Code   164  fadd.o(.text)
    __aeabi_fsub                             0x080003a7   Thumb Code     6  fadd.o(.text)
    __aeabi_frsub                            0x080003ad   Thumb Code     6  fadd.o(.text)
    __aeabi_fmul                             0x080003b3   Thumb Code   100  fmul.o(.text)
    __aeabi_fdiv                             0x08000417   Thumb Code   124  fdiv.o(.text)
    __aeabi_i2f                              0x08000493   Thumb Code    18  fflti.o(.text)
    __aeabi_ui2f                             0x080004a5   Thumb Code    10  ffltui.o(.text)
    __aeabi_f2iz                             0x080004af   Thumb Code    50  ffixi.o(.text)
    __aeabi_f2uiz                            0x080004e1   Thumb Code    40  ffixui.o(.text)
    __aeabi_cfcmpeq                          0x08000509   Thumb Code     0  cfcmple.o(.text)
    __aeabi_cfcmple                          0x08000509   Thumb Code    20  cfcmple.o(.text)
    __aeabi_cfrcmple                         0x0800051d   Thumb Code    20  cfrcmple.o(.text)
    __aeabi_llsl                             0x08000531   Thumb Code    30  llshl.o(.text)
    _ll_shift_l                              0x08000531   Thumb Code     0  llshl.o(.text)
    __I$use$fp                               0x0800054f   Thumb Code     0  iusefp.o(.text)
    _float_round                             0x0800054f   Thumb Code    18  fepilogue.o(.text)
    _float_epilogue                          0x08000561   Thumb Code    92  fepilogue.o(.text)
    __scatterload                            0x080005bd   Thumb Code    28  init.o(.text)
    __scatterload_rt2                        0x080005bd   Thumb Code     0  init.o(.text)
    __I$use$semihosting$fputc                0x080005e1   Thumb Code     0  iusesemip.o(.text)
    __decompress                             0x080005e1   Thumb Code     0  __dczerorl2.o(.text)
    __decompress1                            0x080005e1   Thumb Code    86  __dczerorl2.o(.text)
    __semihosting_library_function           0x080005e1   Thumb Code     0  semi.o(.text)
    BusFault_Handler                         0x08000637   Thumb Code     4  stm32f1xx_it.o(i.BusFault_Handler)
    ClockTimerCallBackFun                    0x0800063d   Thumb Code    94  showclock.o(i.ClockTimerCallBackFun)
    DebugMon_Handler                         0x080006a5   Thumb Code     2  stm32f1xx_it.o(i.DebugMon_Handler)
    EXTI0_IRQHandler                         0x080006a7   Thumb Code    10  stm32f1xx_it.o(i.EXTI0_IRQHandler)
    EXTI15_10_IRQHandler                     0x080006b1   Thumb Code    20  stm32f1xx_it.o(i.EXTI15_10_IRQHandler)
    EXTI1_IRQHandler                         0x080006c5   Thumb Code    10  stm32f1xx_it.o(i.EXTI1_IRQHandler)
    Error_Handler                            0x080006cf   Thumb Code     6  main.o(i.Error_Handler)
    HAL_Delay                                0x080006d5   Thumb Code    36  stm32f1xx_hal.o(i.HAL_Delay)
    HAL_GPIO_EXTI_Callback                   0x080006fd   Thumb Code   292  freertos.o(i.HAL_GPIO_EXTI_Callback)
    HAL_GPIO_EXTI_IRQHandler                 0x08000831   Thumb Code    24  stm32f1xx_hal_gpio.o(i.HAL_GPIO_EXTI_IRQHandler)
    HAL_GPIO_Init                            0x0800084d   Thumb Code   766  stm32f1xx_hal_gpio.o(i.HAL_GPIO_Init)
    HAL_GPIO_ReadPin                         0x08000b6d   Thumb Code    16  stm32f1xx_hal_gpio.o(i.HAL_GPIO_ReadPin)
    HAL_GPIO_WritePin                        0x08000b7d   Thumb Code    12  stm32f1xx_hal_gpio.o(i.HAL_GPIO_WritePin)
    HAL_GetTick                              0x08000b89   Thumb Code     6  stm32f1xx_hal.o(i.HAL_GetTick)
    HAL_I2C_Init                             0x08000b95   Thumb Code   446  stm32f1xx_hal_i2c.o(i.HAL_I2C_Init)
    HAL_I2C_Mem_Write                        0x08000d65   Thumb Code   348  stm32f1xx_hal_i2c.o(i.HAL_I2C_Mem_Write)
    HAL_I2C_MspInit                          0x08000ec9   Thumb Code   104  i2c.o(i.HAL_I2C_MspInit)
    HAL_IncTick                              0x08000f3d   Thumb Code    16  stm32f1xx_hal.o(i.HAL_IncTick)
    HAL_Init                                 0x08000f55   Thumb Code    34  stm32f1xx_hal.o(i.HAL_Init)
    HAL_InitTick                             0x08000f7d   Thumb Code   158  stm32f1xx_hal_timebase_tim.o(i.HAL_InitTick)
    HAL_MspInit                              0x08001031   Thumb Code    86  stm32f1xx_hal_msp.o(i.HAL_MspInit)
    HAL_NVIC_DisableIRQ                      0x08001091   Thumb Code    62  stm32f1xx_hal_cortex.o(i.HAL_NVIC_DisableIRQ)
    HAL_NVIC_EnableIRQ                       0x080010d5   Thumb Code    32  stm32f1xx_hal_cortex.o(i.HAL_NVIC_EnableIRQ)
    HAL_NVIC_SetPriority                     0x080010f5   Thumb Code   124  stm32f1xx_hal_cortex.o(i.HAL_NVIC_SetPriority)
    HAL_NVIC_SetPriorityGrouping             0x08001171   Thumb Code    32  stm32f1xx_hal_cortex.o(i.HAL_NVIC_SetPriorityGrouping)
    HAL_RCC_ClockConfig                      0x08001199   Thumb Code   376  stm32f1xx_hal_rcc.o(i.HAL_RCC_ClockConfig)
    HAL_RCC_GetClockConfig                   0x08001325   Thumb Code    58  stm32f1xx_hal_rcc.o(i.HAL_RCC_GetClockConfig)
    HAL_RCC_GetHCLKFreq                      0x08001369   Thumb Code     6  stm32f1xx_hal_rcc.o(i.HAL_RCC_GetHCLKFreq)
    HAL_RCC_GetPCLK1Freq                     0x08001375   Thumb Code    22  stm32f1xx_hal_rcc.o(i.HAL_RCC_GetPCLK1Freq)
    HAL_RCC_GetSysClockFreq                  0x08001395   Thumb Code    92  stm32f1xx_hal_rcc.o(i.HAL_RCC_GetSysClockFreq)
    HAL_RCC_OscConfig                        0x08001405   Thumb Code  1114  stm32f1xx_hal_rcc.o(i.HAL_RCC_OscConfig)
    HAL_TIMEx_BreakCallback                  0x08001869   Thumb Code     2  stm32f1xx_hal_tim_ex.o(i.HAL_TIMEx_BreakCallback)
    HAL_TIMEx_CommutCallback                 0x0800186b   Thumb Code     2  stm32f1xx_hal_tim_ex.o(i.HAL_TIMEx_CommutCallback)
    HAL_TIMEx_MasterConfigSynchronization    0x0800186d   Thumb Code   118  stm32f1xx_hal_tim_ex.o(i.HAL_TIMEx_MasterConfigSynchronization)
    HAL_TIM_Base_DeInit                      0x080018f1   Thumb Code   120  stm32f1xx_hal_tim.o(i.HAL_TIM_Base_DeInit)
    HAL_TIM_Base_Init                        0x08001969   Thumb Code   102  stm32f1xx_hal_tim.o(i.HAL_TIM_Base_Init)
    HAL_TIM_Base_MspDeInit                   0x080019d1   Thumb Code    32  tim.o(i.HAL_TIM_Base_MspDeInit)
    HAL_TIM_Base_MspInit                     0x080019f9   Thumb Code    58  tim.o(i.HAL_TIM_Base_MspInit)
    HAL_TIM_Base_Start_IT                    0x08001a3d   Thumb Code   106  stm32f1xx_hal_tim.o(i.HAL_TIM_Base_Start_IT)
    HAL_TIM_ConfigClockSource                0x08001ab5   Thumb Code   268  stm32f1xx_hal_tim.o(i.HAL_TIM_ConfigClockSource)
    HAL_TIM_IC_CaptureCallback               0x08001bc1   Thumb Code     2  stm32f1xx_hal_tim.o(i.HAL_TIM_IC_CaptureCallback)
    HAL_TIM_IRQHandler                       0x08001bc3   Thumb Code   406  stm32f1xx_hal_tim.o(i.HAL_TIM_IRQHandler)
    HAL_TIM_OC_DelayElapsedCallback          0x08001d59   Thumb Code     2  stm32f1xx_hal_tim.o(i.HAL_TIM_OC_DelayElapsedCallback)
    HAL_TIM_PWM_ConfigChannel                0x08001d5b   Thumb Code   260  stm32f1xx_hal_tim.o(i.HAL_TIM_PWM_ConfigChannel)
    HAL_TIM_PWM_PulseFinishedCallback        0x08001e5f   Thumb Code     2  stm32f1xx_hal_tim.o(i.HAL_TIM_PWM_PulseFinishedCallback)
    HAL_TIM_PWM_Start                        0x08001e61   Thumb Code   198  stm32f1xx_hal_tim.o(i.HAL_TIM_PWM_Start)
    HAL_TIM_PWM_Stop                         0x08001f35   Thumb Code   152  stm32f1xx_hal_tim.o(i.HAL_TIM_PWM_Stop)
    HAL_TIM_PeriodElapsedCallback            0x08001fd1   Thumb Code    18  main.o(i.HAL_TIM_PeriodElapsedCallback)
    HAL_TIM_TriggerCallback                  0x08001fe9   Thumb Code     2  stm32f1xx_hal_tim.o(i.HAL_TIM_TriggerCallback)
    HardFault_Handler                        0x08001feb   Thumb Code     4  stm32f1xx_it.o(i.HardFault_Handler)
    MPU_Get_Accelerometer                    0x08002391   Thumb Code    80  mpu6050.o(i.MPU_Get_Accelerometer)
    MPU_IIC_Ack                              0x080023e1   Thumb Code    66  mpu6050iic.o(i.MPU_IIC_Ack)
    MPU_IIC_Init                             0x08002429   Thumb Code    52  mpu6050iic.o(i.MPU_IIC_Init)
    MPU_IIC_NAck                             0x08002461   Thumb Code    64  mpu6050iic.o(i.MPU_IIC_NAck)
    MPU_IIC_Read_Byte                        0x080024a5   Thumb Code    92  mpu6050iic.o(i.MPU_IIC_Read_Byte)
    MPU_IIC_Send_Byte                        0x08002505   Thumb Code    84  mpu6050iic.o(i.MPU_IIC_Send_Byte)
    MPU_IIC_Start                            0x0800255d   Thumb Code    64  mpu6050iic.o(i.MPU_IIC_Start)
    MPU_IIC_Stop                             0x080025a1   Thumb Code    64  mpu6050iic.o(i.MPU_IIC_Stop)
    MPU_IIC_Wait_Ack                         0x080025e5   Thumb Code    88  mpu6050iic.o(i.MPU_IIC_Wait_Ack)
    MPU_Init                                 0x08002641   Thumb Code   122  mpu6050.o(i.MPU_Init)
    MPU_Read_Byte                            0x080026bb   Thumb Code    58  mpu6050.o(i.MPU_Read_Byte)
    MPU_Read_Len                             0x080026f5   Thumb Code   116  mpu6050.o(i.MPU_Read_Len)
    MPU_SDA_IN                               0x08002769   Thumb Code    38  mpu6050iic.o(i.MPU_SDA_IN)
    MPU_SDA_OUT                              0x08002795   Thumb Code    40  mpu6050iic.o(i.MPU_SDA_OUT)
    MPU_Set_Accel_Fsr                        0x080027c1   Thumb Code    16  mpu6050.o(i.MPU_Set_Accel_Fsr)
    MPU_Set_Gyro_Fsr                         0x080027d1   Thumb Code    16  mpu6050.o(i.MPU_Set_Gyro_Fsr)
    MPU_Set_LPF                              0x080027e1   Thumb Code    58  mpu6050.o(i.MPU_Set_LPF)
    MPU_Set_Rate                             0x0800281b   Thumb Code    58  mpu6050.o(i.MPU_Set_Rate)
    MPU_Write_Byte                           0x08002855   Thumb Code    68  mpu6050.o(i.MPU_Write_Byte)
    MPU_Write_Len                            0x08002899   Thumb Code    96  mpu6050.o(i.MPU_Write_Len)
    MX_FREERTOS_Init                         0x080028f9   Thumb Code   128  freertos.o(i.MX_FREERTOS_Init)
    MX_GPIO_Init                             0x080029ed   Thumb Code   266  gpio.o(i.MX_GPIO_Init)
    MX_I2C1_Init                             0x08002b0d   Thumb Code    48  i2c.o(i.MX_I2C1_Init)
    MX_TIM1_Init                             0x08002b49   Thumb Code   110  tim.o(i.MX_TIM1_Init)
    MemManage_Handler                        0x08002bc1   Thumb Code     4  stm32f1xx_it.o(i.MemManage_Handler)
    NMI_Handler                              0x08002bc5   Thumb Code     4  stm32f1xx_it.o(i.NMI_Handler)
    OLED_Clear                               0x08002bc9   Thumb Code    56  oled.o(i.OLED_Clear)
    OLED_Display_On                          0x08002c01   Thumb Code    22  oled.o(i.OLED_Display_On)
    OLED_Init                                0x08002c19   Thumb Code    32  oled.o(i.OLED_Init)
    OLED_Set_Pos                             0x08002c3d   Thumb Code    36  oled.o(i.OLED_Set_Pos)
    OLED_ShowChar                            0x08002c61   Thumb Code   218  oled.o(i.OLED_ShowChar)
    OLED_ShowNum                             0x08002d45   Thumb Code   148  oled.o(i.OLED_ShowNum)
    OLED_ShowString                          0x08002dd9   Thumb Code   104  oled.o(i.OLED_ShowString)
    OLED_WR_CMD                              0x08002e41   Thumb Code    34  oled.o(i.OLED_WR_CMD)
    OLED_WR_DATA                             0x08002e69   Thumb Code    34  oled.o(i.OLED_WR_DATA)
    PassiveBuzzer_Control                    0x08002e91   Thumb Code    30  driver_passive_buzzer.o(i.PassiveBuzzer_Control)
    PassiveBuzzer_Init                       0x08002eb5   Thumb Code   148  driver_passive_buzzer.o(i.PassiveBuzzer_Init)
    PassiveBuzzer_Set_Freq_Duty              0x08002f55   Thumb Code   158  driver_passive_buzzer.o(i.PassiveBuzzer_Set_Freq_Duty)
    ShowMenuTask                             0x08003029   Thumb Code   348  showmenu.o(i.ShowMenuTask)
    ShowStepTask                             0x080031b1   Thumb Code   206  showsteptask.o(i.ShowStepTask)
    ShowTimeTask                             0x080032b9   Thumb Code   436  showtimetask.o(i.ShowTimeTask)
    ShowUI                                   0x080034c1   Thumb Code   330  showmenu.o(i.ShowUI)
    StartDefaultTask                         0x0800365d   Thumb Code    42  freertos.o(i.StartDefaultTask)
    SysTick_Handler                          0x0800368d   Thumb Code    46  port.o(i.SysTick_Handler)
    SystemClock_Config                       0x080036c1   Thumb Code   102  main.o(i.SystemClock_Config)
    SystemInit                               0x08003727   Thumb Code     2  system_stm32f1xx.o(i.SystemInit)
    TIM1_BRK_IRQHandler                      0x08003735   Thumb Code    10  stm32f1xx_it.o(i.TIM1_BRK_IRQHandler)
    TIM4_IRQHandler                          0x08003745   Thumb Code    10  stm32f1xx_it.o(i.TIM4_IRQHandler)
    TIM_Base_SetConfig                       0x08003755   Thumb Code   104  stm32f1xx_hal_tim.o(i.TIM_Base_SetConfig)
    TIM_CCxChannelCmd                        0x080037c9   Thumb Code    34  stm32f1xx_hal_tim.o(i.TIM_CCxChannelCmd)
    TIM_ETR_SetConfig                        0x080037eb   Thumb Code    22  stm32f1xx_hal_tim.o(i.TIM_ETR_SetConfig)
    TIM_OC2_SetConfig                        0x08003875   Thumb Code   100  stm32f1xx_hal_tim.o(i.TIM_OC2_SetConfig)
    TimerCallBackFun                         0x080039dd   Thumb Code   130  showtimetask.o(i.TimerCallBackFun)
    UsageFault_Handler                       0x08003a79   Thumb Code     4  stm32f1xx_it.o(i.UsageFault_Handler)
    __0printf$8                              0x08003a7d   Thumb Code    22  printf8.o(i.__0printf$8)
    __1printf$8                              0x08003a7d   Thumb Code     0  printf8.o(i.__0printf$8)
    __2printf                                0x08003a7d   Thumb Code     0  printf8.o(i.__0printf$8)
    __scatterload_copy                       0x08003ae7   Thumb Code    14  handlers.o(i.__scatterload_copy)
    __scatterload_null                       0x08003af5   Thumb Code     2  handlers.o(i.__scatterload_null)
    __scatterload_zeroinit                   0x08003af7   Thumb Code    14  handlers.o(i.__scatterload_zeroinit)
    buzzer_buzz                              0x08003ffd   Thumb Code    40  beep.o(i.buzzer_buzz)
    buzzer_init                              0x0800402d   Thumb Code    28  beep.o(i.buzzer_init)
    dmp_enable_6x_lp_quat                    0x08004119   Thumb Code    60  inv_mpu_dmp_motion_driver.o(i.dmp_enable_6x_lp_quat)
    dmp_enable_feature                       0x08004155   Thumb Code   530  inv_mpu_dmp_motion_driver.o(i.dmp_enable_feature)
    dmp_enable_gyro_cal                      0x08004371   Thumb Code    62  inv_mpu_dmp_motion_driver.o(i.dmp_enable_gyro_cal)
    dmp_enable_lp_quat                       0x080043c9   Thumb Code    60  inv_mpu_dmp_motion_driver.o(i.dmp_enable_lp_quat)
    dmp_load_motion_driver_firmware          0x08004405   Thumb Code    20  inv_mpu_dmp_motion_driver.o(i.dmp_load_motion_driver_firmware)
    dmp_set_accel_bias                       0x0800441d   Thumb Code   300  inv_mpu_dmp_motion_driver.o(i.dmp_set_accel_bias)
    dmp_set_fifo_rate                        0x0800454d   Thumb Code    96  inv_mpu_dmp_motion_driver.o(i.dmp_set_fifo_rate)
    dmp_set_gyro_bias                        0x080045bd   Thumb Code   294  inv_mpu_dmp_motion_driver.o(i.dmp_set_gyro_bias)
    dmp_set_orientation                      0x080046ed   Thumb Code   290  inv_mpu_dmp_motion_driver.o(i.dmp_set_orientation)
    dmp_set_shake_reject_thresh              0x08004825   Thumb Code    56  inv_mpu_dmp_motion_driver.o(i.dmp_set_shake_reject_thresh)
    dmp_set_shake_reject_time                0x0800485d   Thumb Code    38  inv_mpu_dmp_motion_driver.o(i.dmp_set_shake_reject_time)
    dmp_set_shake_reject_timeout             0x08004883   Thumb Code    38  inv_mpu_dmp_motion_driver.o(i.dmp_set_shake_reject_timeout)
    dmp_set_tap_axes                         0x080048a9   Thumb Code    70  inv_mpu_dmp_motion_driver.o(i.dmp_set_tap_axes)
    dmp_set_tap_count                        0x080048ef   Thumb Code    38  inv_mpu_dmp_motion_driver.o(i.dmp_set_tap_count)
    dmp_set_tap_thresh                       0x08004915   Thumb Code   396  inv_mpu_dmp_motion_driver.o(i.dmp_set_tap_thresh)
    dmp_set_tap_time                         0x08004ab5   Thumb Code    38  inv_mpu_dmp_motion_driver.o(i.dmp_set_tap_time)
    dmp_set_tap_time_multi                   0x08004adb   Thumb Code    38  inv_mpu_dmp_motion_driver.o(i.dmp_set_tap_time_multi)
    fputc                                    0x08004bbd   Thumb Code    18  fputc.o(i.fputc)
    inv_orientation_matrix_to_scalar         0x08005205   Thumb Code    40  inv_mpu.o(i.inv_orientation_matrix_to_scalar)
    inv_row_2_scale                          0x0800522d   Thumb Code    78  inv_mpu.o(i.inv_row_2_scale)
    main                                     0x08005329   Thumb Code    36  main.o(i.main)
    mdelay                                   0x0800534d   Thumb Code    24  driver_timer.o(i.mdelay)
    mpu_configure_fifo                       0x08005365   Thumb Code   106  inv_mpu.o(i.mpu_configure_fifo)
    mpu_dmp_init                             0x080053d5   Thumb Code   154  inv_mpu.o(i.mpu_dmp_init)
    mpu_get_accel_fsr                        0x08005475   Thumb Code    72  inv_mpu.o(i.mpu_get_accel_fsr)
    mpu_get_accel_sens                       0x080054c1   Thumb Code    78  inv_mpu.o(i.mpu_get_accel_sens)
    mpu_get_fifo_config                      0x08005515   Thumb Code    12  inv_mpu.o(i.mpu_get_fifo_config)
    mpu_get_gyro_fsr                         0x08005525   Thumb Code    64  inv_mpu.o(i.mpu_get_gyro_fsr)
    mpu_get_gyro_sens                        0x08005569   Thumb Code    58  inv_mpu.o(i.mpu_get_gyro_sens)
    mpu_get_lpf                              0x080055b9   Thumb Code    74  inv_mpu.o(i.mpu_get_lpf)
    mpu_get_sample_rate                      0x08005609   Thumb Code    26  inv_mpu.o(i.mpu_get_sample_rate)
    mpu_init                                 0x08005629   Thumb Code   416  inv_mpu.o(i.mpu_init)
    mpu_load_firmware                        0x08005819   Thumb Code   180  inv_mpu.o(i.mpu_load_firmware)
    mpu_lp_accel_mode                        0x080058d1   Thumb Code   218  inv_mpu.o(i.mpu_lp_accel_mode)
    mpu_read_mem                             0x080059b1   Thumb Code   122  inv_mpu.o(i.mpu_read_mem)
    mpu_reset_fifo                           0x08005a31   Thumb Code   450  inv_mpu.o(i.mpu_reset_fifo)
    mpu_run_self_test                        0x08005bf9   Thumb Code   278  inv_mpu.o(i.mpu_run_self_test)
    mpu_set_accel_fsr                        0x08005d15   Thumb Code   126  inv_mpu.o(i.mpu_set_accel_fsr)
    mpu_set_bypass                           0x08005d99   Thumb Code   328  inv_mpu.o(i.mpu_set_bypass)
    mpu_set_dmp_state                        0x08005ee5   Thumb Code   138  inv_mpu.o(i.mpu_set_dmp_state)
    mpu_set_gyro_fsr                         0x08005f75   Thumb Code   132  inv_mpu.o(i.mpu_set_gyro_fsr)
    mpu_set_int_latched                      0x08005ffd   Thumb Code   102  inv_mpu.o(i.mpu_set_int_latched)
    mpu_set_lpf                              0x08006069   Thumb Code   126  inv_mpu.o(i.mpu_set_lpf)
    mpu_set_sample_rate                      0x080060ed   Thumb Code   152  inv_mpu.o(i.mpu_set_sample_rate)
    mpu_set_sensors                          0x08006189   Thumb Code   202  inv_mpu.o(i.mpu_set_sensors)
    mpu_write_mem                            0x08006259   Thumb Code   122  inv_mpu.o(i.mpu_write_mem)
    oled_pow                                 0x080062d9   Thumb Code    22  oled.o(i.oled_pow)
    osDelay                                  0x080062f1   Thumb Code    50  cmsis_os2.o(i.osDelay)
    osKernelInitialize                       0x08006329   Thumb Code    58  cmsis_os2.o(i.osKernelInitialize)
    osKernelStart                            0x08006369   Thumb Code    64  cmsis_os2.o(i.osKernelStart)
    osThreadNew                              0x080063ad   Thumb Code   216  cmsis_os2.o(i.osThreadNew)
    pvPortMalloc                             0x08006fb9   Thumb Code   296  heap_4.o(i.pvPortMalloc)
    pxPortInitialiseStack                    0x080070f5   Thumb Code    30  port.o(i.pxPortInitialiseStack)
    run_self_test                            0x08007119   Thumb Code   148  inv_mpu.o(i.run_self_test)
    simple_animation_left                    0x0800723d   Thumb Code    40  showmenu.o(i.simple_animation_left)
    simple_animation_right                   0x08007269   Thumb Code    40  showmenu.o(i.simple_animation_right)
    udelay                                   0x08007365   Thumb Code    68  driver_timer.o(i.udelay)
    uxListRemove                             0x080073ad   Thumb Code    40  list.o(i.uxListRemove)
    vApplicationGetIdleTaskMemory            0x080073d5   Thumb Code    14  cmsis_os2.o(i.vApplicationGetIdleTaskMemory)
    vApplicationGetTimerTaskMemory           0x080073ed   Thumb Code    16  cmsis_os2.o(i.vApplicationGetTimerTaskMemory)
    vListInitialise                          0x08007405   Thumb Code    26  list.o(i.vListInitialise)
    vListInitialiseItem                      0x0800741f   Thumb Code     6  list.o(i.vListInitialiseItem)
    vListInsert                              0x08007425   Thumb Code    52  list.o(i.vListInsert)
    vListInsertEnd                           0x08007459   Thumb Code    24  list.o(i.vListInsertEnd)
    vPortEnterCritical                       0x08007471   Thumb Code    76  port.o(i.vPortEnterCritical)
    vPortExitCritical                        0x080074c5   Thumb Code    56  port.o(i.vPortExitCritical)
    vPortFree                                0x08007501   Thumb Code   140  heap_4.o(i.vPortFree)
    vPortSetupTimerInterrupt                 0x08007595   Thumb Code    36  port.o(i.vPortSetupTimerInterrupt)
    vPortValidateInterruptPriority           0x080075bd   Thumb Code   106  port.o(i.vPortValidateInterruptPriority)
    vQueueAddToRegistry                      0x08007635   Thumb Code    38  queue.o(i.vQueueAddToRegistry)
    vQueueWaitForMessageRestricted           0x08007661   Thumb Code    74  queue.o(i.vQueueWaitForMessageRestricted)
    vTaskDelay                               0x080076ad   Thumb Code    82  tasks.o(i.vTaskDelay)
    vTaskInternalSetTimeOutState             0x08007709   Thumb Code    14  tasks.o(i.vTaskInternalSetTimeOutState)
    vTaskMissedYield                         0x08007721   Thumb Code     8  tasks.o(i.vTaskMissedYield)
    vTaskPlaceOnEventList                    0x0800772d   Thumb Code    52  tasks.o(i.vTaskPlaceOnEventList)
    vTaskPlaceOnEventListRestricted          0x08007765   Thumb Code    60  tasks.o(i.vTaskPlaceOnEventListRestricted)
    vTaskResume                              0x080077a5   Thumb Code   126  tasks.o(i.vTaskResume)
    vTaskStartScheduler                      0x08007835   Thumb Code   156  tasks.o(i.vTaskStartScheduler)
    vTaskSuspend                             0x080078ed   Thumb Code   176  tasks.o(i.vTaskSuspend)
    vTaskSuspendAll                          0x080079b5   Thumb Code    12  tasks.o(i.vTaskSuspendAll)
    vTaskSwitchContext                       0x080079c5   Thumb Code   122  tasks.o(i.vTaskSwitchContext)
    xPortStartScheduler                      0x08007a55   Thumb Code   228  port.o(i.xPortStartScheduler)
    xQueueGenericCreate                      0x08007b4d   Thumb Code    94  queue.o(i.xQueueGenericCreate)
    xQueueGenericCreateStatic                0x08007bab   Thumb Code   222  queue.o(i.xQueueGenericCreateStatic)
    xQueueGenericReset                       0x08007c89   Thumb Code   146  queue.o(i.xQueueGenericReset)
    xQueueGenericSend                        0x08007d21   Thumb Code   420  queue.o(i.xQueueGenericSend)
    xQueueGenericSendFromISR                 0x08007ec9   Thumb Code   248  queue.o(i.xQueueGenericSendFromISR)
    xQueueReceive                            0x08007fc1   Thumb Code   356  queue.o(i.xQueueReceive)
    xTaskCheckForTimeOut                     0x08008129   Thumb Code   132  tasks.o(i.xTaskCheckForTimeOut)
    xTaskCreate                              0x080081b5   Thumb Code   100  tasks.o(i.xTaskCreate)
    xTaskCreateStatic                        0x08008219   Thumb Code   184  tasks.o(i.xTaskCreateStatic)
    xTaskGetSchedulerState                   0x080082d1   Thumb Code    24  tasks.o(i.xTaskGetSchedulerState)
    xTaskGetTickCount                        0x080082f1   Thumb Code     6  tasks.o(i.xTaskGetTickCount)
    xTaskIncrementTick                       0x080082fd   Thumb Code   280  tasks.o(i.xTaskIncrementTick)
    xTaskPriorityDisinherit                  0x08008441   Thumb Code   152  tasks.o(i.xTaskPriorityDisinherit)
    xTaskRemoveFromEventList                 0x080084e5   Thumb Code   126  tasks.o(i.xTaskRemoveFromEventList)
    xTaskResumeAll                           0x0800857d   Thumb Code   222  tasks.o(i.xTaskResumeAll)
    xTimerCreate                             0x08008681   Thumb Code    54  timers.o(i.xTimerCreate)
    xTimerCreateTimerTask                    0x080086b9   Thumb Code   100  timers.o(i.xTimerCreateTimerTask)
    xTimerGenericCommand                     0x08008731   Thumb Code   128  timers.o(i.xTimerGenericCommand)
    AHBPrescTable                            0x080087c6   Data          16  system_stm32f1xx.o(.constdata)
    APBPrescTable                            0x080087d6   Data           8  system_stm32f1xx.o(.constdata)
    defaultTask_attributes                   0x080087e0   Data          36  freertos.o(.constdata)
    reg                                      0x08008804   Data          27  inv_mpu.o(.constdata)
    hw                                       0x08008820   Data          12  inv_mpu.o(.constdata)
    test                                     0x0800882c   Data          40  inv_mpu.o(.constdata)
    str                                      0x0800944a   Data          50  showmenu.o(.constdata)
    F6x8                                     0x0800947c   Data         552  oledfont.o(.constdata)
    F8X16                                    0x080096a4   Data        1504  oledfont.o(.constdata)
    Hzk                                      0x08009c84   Data         192  oledfont.o(.constdata)
    Region$$Table$$Base                      0x08009dc4   Number         0  anon$$obj.o(Region$$Table)
    Region$$Table$$Limit                     0x08009de4   Number         0  anon$$obj.o(Region$$Table)
    uwTick                                   0x20000000   Data           4  stm32f1xx_hal.o(.data)
    uwTickPrio                               0x20000004   Data           4  stm32f1xx_hal.o(.data)
    uwTickFreq                               0x20000008   Data           1  stm32f1xx_hal.o(.data)
    SystemCoreClock                          0x2000000c   Data           4  system_stm32f1xx.o(.data)
    g_Timer                                  0x20000010   Data           4  freertos.o(.data)
    g_Clock_Timer                            0x20000014   Data           4  freertos.o(.data)
    xRootTaskHandle                          0x20000018   Data           4  freertos.o(.data)
    xShowTimeTaskHandle                      0x2000001c   Data           4  freertos.o(.data)
    xShowMenuTaskHandle                      0x20000020   Data           4  freertos.o(.data)
    xShowCalendarTaskHandle                  0x20000024   Data           4  freertos.o(.data)
    xShowClockTaskHandle                     0x20000028   Data           4  freertos.o(.data)
    xShowFlashLightTaskHandle                0x2000002c   Data           4  freertos.o(.data)
    xShowSettingTaskHandle                   0x20000030   Data           4  freertos.o(.data)
    xShowWoodenFishTaskHandle                0x20000034   Data           4  freertos.o(.data)
    xShowDHT11TaskHandle                     0x20000038   Data           4  freertos.o(.data)
    xShowHRSPO2TaskHandle                    0x2000003c   Data           4  freertos.o(.data)
    xShowStepTaskHandle                      0x20000040   Data           4  freertos.o(.data)
    g_xQueueMenu                             0x20000044   Data           4  freertos.o(.data)
    key1_filter                              0x20000048   Data           2  freertos.o(.data)
    key2_filter                              0x2000004a   Data           2  freertos.o(.data)
    key3_filter                              0x2000004c   Data           2  freertos.o(.data)
    key4_filter                              0x2000004e   Data           2  freertos.o(.data)
    defaultTaskHandle                        0x20000050   Data           4  freertos.o(.data)
    pxCurrentTCB                             0x20000054   Data           4  tasks.o(.data)
    time_flag                                0x2000010c   Data           1  showtimetask.o(.data)
    sec_unit                                 0x2000010d   Data           1  showtimetask.o(.data)
    sec_decade                               0x2000010e   Data           1  showtimetask.o(.data)
    min_unit                                 0x2000010f   Data           1  showtimetask.o(.data)
    min_decade                               0x20000110   Data           1  showtimetask.o(.data)
    hour_unit                                0x20000111   Data           1  showtimetask.o(.data)
    hour_decade                              0x20000112   Data           1  showtimetask.o(.data)
    time                                     0x20000114   Data          32  showtimetask.o(.data)
    Box1                                     0x20000134   Data          16  showtimetask.o(.data)
    Box2                                     0x20000144   Data          16  showtimetask.o(.data)
    fly1                                     0x20000154   Data           8  showmenu.o(.data)
    dino1                                    0x2000015c   Data           8  showmenu.o(.data)
    test1                                    0x20000164   Data           8  showmenu.o(.data)
    block1                                   0x2000016c   Data           8  showmenu.o(.data)
    setting1                                 0x20000174   Data           8  showmenu.o(.data)
    Left                                     0x2000017c   Data          16  showmenu.o(.data)
    Right                                    0x2000018c   Data          16  showmenu.o(.data)
    String                                   0x2000019c   Data          16  showmenu.o(.data)
    Rec_select                               0x200001ac   Data          16  showmenu.o(.data)
    dock_pos                                 0x200001bc   Data           1  showmenu.o(.data)
    dock_status                              0x200001bd   Data           1  showmenu.o(.data)
    dock                                     0x200001be   Data           5  showmenu.o(.data)
    dock_y                                   0x200001c3   Data           1  showmenu.o(.data)
    dock_r                                   0x200001c4   Data           1  showmenu.o(.data)
    str_flag                                 0x200001c8   Data           4  showmenu.o(.data)
    R_move_pos                               0x200001cc   Data           5  showmenu.o(.data)
    select                                   0x200001d4   Data           4  showmenu.o(.data)
    queue_flag                               0x200001d8   Data           4  showmenu.o(.data)
    end_flag                                 0x200001dc   Data           4  showmenu.o(.data)
    seclect_end                              0x200001e0   Data           4  showmenu.o(.data)
    millisecond                              0x200001e4   Data           2  showclock.o(.data)
    len1                                     0x200001e6   Data           1  showclock.o(.data)
    len2                                     0x200001e7   Data           1  showclock.o(.data)
    clock_flag                               0x200001e8   Data           1  showclock.o(.data)
    seclect_flag                             0x200001e9   Data           1  showclock.o(.data)
    g_num_x                                  0x200001ea   Data          12  showclock.o(.data)
    g_num_y                                  0x200001f6   Data           4  showclock.o(.data)
    num_w                                    0x200001fa   Data           2  showclock.o(.data)
    num_h                                    0x200001fc   Data           2  showclock.o(.data)
    g_seclect_x                              0x200001fe   Data          10  showclock.o(.data)
    g_clock_num                              0x20000208   Data           8  showclock.o(.data)
    g_real_time                              0x20000210   Data           8  showclock.o(.data)
    str_x_pos                                0x20000218   Data           4  showsetting.o(.data)
    str_y_pos                                0x2000021c   Data          20  showsetting.o(.data)
    about_x_pos                              0x20000230   Data           4  showsetting.o(.data)
    about_y_pos                              0x20000234   Data          16  showsetting.o(.data)
    seclect                                  0x20000244   Data           4  showsetting.o(.data)
    seclect_h                                0x20000248   Data           4  showsetting.o(.data)
    seclect_y                                0x2000024c   Data          24  showsetting.o(.data)
    seclect_w                                0x20000264   Data          24  showsetting.o(.data)
    power_button                             0x2000027c   Data           4  showsetting.o(.data)
    sample                                   0x20000284   Data           6  showsteptask.o(.data)
    CMD_Data                                 0x20000290   Data          23  oled.o(.data)
    __stdout                                 0x200002a8   Data           4  stdout.o(.data)
    hi2c1                                    0x200002ac   Data          84  i2c.o(.bss)
    htim1                                    0x20000300   Data          72  tim.o(.bss)
    htim4                                    0x20000348   Data          72  stm32f1xx_hal_timebase_tim.o(.bss)
    xQueueRegistry                           0x20000390   Data          64  queue.o(.bss)
    filter                                   0x20003074   Data          26  showsteptask.o(.bss)
    peak                                     0x2000308e   Data          24  showsteptask.o(.bss)
    slid                                     0x200030a6   Data          12  showsteptask.o(.bss)
    __initial_sp                             0x200034b8   Data           0  startup_stm32f103xb.o(STACK)



==============================================================================

Memory Map of the image

  Image Entry point : 0x080000ed

  Load Region LR_IROM1 (Base: 0x08000000, Size: 0x0000a090, Max: 0x00010000, ABSOLUTE, COMPRESSED[0x00009eb8])

    Execution Region ER_IROM1 (Base: 0x08000000, Size: 0x00009de4, Max: 0x00010000, ABSOLUTE)

    Base Addr    Size         Type   Attr      Idx    E Section Name        Object

    0x08000000   0x000000ec   Data   RO            3    RESET               startup_stm32f103xb.o
    0x080000ec   0x00000000   Code   RO         6233  * .ARM.Collect$$$$00000000  mc_w.l(entry.o)
    0x080000ec   0x00000004   Code   RO         6580    .ARM.Collect$$$$00000001  mc_w.l(entry2.o)
    0x080000f0   0x00000004   Code   RO         6583    .ARM.Collect$$$$00000004  mc_w.l(entry5.o)
    0x080000f4   0x00000000   Code   RO         6585    .ARM.Collect$$$$00000008  mc_w.l(entry7b.o)
    0x080000f4   0x00000000   Code   RO         6587    .ARM.Collect$$$$0000000A  mc_w.l(entry8b.o)
    0x080000f4   0x00000008   Code   RO         6588    .ARM.Collect$$$$0000000B  mc_w.l(entry9a.o)
    0x080000fc   0x00000000   Code   RO         6590    .ARM.Collect$$$$0000000D  mc_w.l(entry10a.o)
    0x080000fc   0x00000000   Code   RO         6592    .ARM.Collect$$$$0000000F  mc_w.l(entry11a.o)
    0x080000fc   0x00000004   Code   RO         6581    .ARM.Collect$$$$00002712  mc_w.l(entry2.o)
    0x08000100   0x00000096   Code   RO         4647    .emb_text           port.o
    0x08000196   0x00000002   PAD
    0x08000198   0x00000024   Code   RO            4    .text               startup_stm32f103xb.o
    0x080001bc   0x00000062   Code   RO         6236    .text               mc_w.l(uldiv.o)
    0x0800021e   0x00000062   Code   RO         6238    .text               mc_w.l(ldiv.o)
    0x08000280   0x00000020   Code   RO         6240    .text               mc_w.l(llushr.o)
    0x080002a0   0x00000024   Code   RO         6242    .text               mc_w.l(memcpya.o)
    0x080002c4   0x00000024   Code   RO         6246    .text               mc_w.l(memseta.o)
    0x080002e8   0x0000001a   Code   RO         6248    .text               mc_w.l(memcmp.o)
    0x08000302   0x000000b0   Code   RO         6513    .text               mf_w.l(fadd.o)
    0x080003b2   0x00000064   Code   RO         6515    .text               mf_w.l(fmul.o)
    0x08000416   0x0000007c   Code   RO         6517    .text               mf_w.l(fdiv.o)
    0x08000492   0x00000012   Code   RO         6525    .text               mf_w.l(fflti.o)
    0x080004a4   0x0000000a   Code   RO         6527    .text               mf_w.l(ffltui.o)
    0x080004ae   0x00000032   Code   RO         6531    .text               mf_w.l(ffixi.o)
    0x080004e0   0x00000028   Code   RO         6533    .text               mf_w.l(ffixui.o)
    0x08000508   0x00000014   Code   RO         6539    .text               mf_w.l(cfcmple.o)
    0x0800051c   0x00000014   Code   RO         6541    .text               mf_w.l(cfrcmple.o)
    0x08000530   0x0000001e   Code   RO         6599    .text               mc_w.l(llshl.o)
    0x0800054e   0x00000000   Code   RO         6610    .text               mc_w.l(iusefp.o)
    0x0800054e   0x0000006e   Code   RO         6611    .text               mf_w.l(fepilogue.o)
    0x080005bc   0x00000024   Code   RO         6621    .text               mc_w.l(init.o)
    0x080005e0   0x00000000   Code   RO         6623    .text               mc_w.l(semi.o)
    0x080005e0   0x00000000   Code   RO         6624    .text               mc_w.l(iusesemip.o)
    0x080005e0   0x00000056   Code   RO         6637    .text               mc_w.l(__dczerorl2.o)
    0x08000636   0x00000004   Code   RO         2917    i.BusFault_Handler  stm32f1xx_it.o
    0x0800063a   0x00000002   PAD
    0x0800063c   0x00000068   Code   RO         5852    i.ClockTimerCallBackFun  showclock.o
    0x080006a4   0x00000002   Code   RO         2918    i.DebugMon_Handler  stm32f1xx_it.o
    0x080006a6   0x0000000a   Code   RO         2919    i.EXTI0_IRQHandler  stm32f1xx_it.o
    0x080006b0   0x00000014   Code   RO         2920    i.EXTI15_10_IRQHandler  stm32f1xx_it.o
    0x080006c4   0x0000000a   Code   RO         2921    i.EXTI1_IRQHandler  stm32f1xx_it.o
    0x080006ce   0x00000006   Code   RO         2640    i.Error_Handler     main.o
    0x080006d4   0x00000028   Code   RO          141    i.HAL_Delay         stm32f1xx_hal.o
    0x080006fc   0x00000134   Code   RO         2747    i.HAL_GPIO_EXTI_Callback  freertos.o
    0x08000830   0x0000001c   Code   RO          455    i.HAL_GPIO_EXTI_IRQHandler  stm32f1xx_hal_gpio.o
    0x0800084c   0x00000320   Code   RO          456    i.HAL_GPIO_Init     stm32f1xx_hal_gpio.o
    0x08000b6c   0x00000010   Code   RO          458    i.HAL_GPIO_ReadPin  stm32f1xx_hal_gpio.o
    0x08000b7c   0x0000000c   Code   RO          460    i.HAL_GPIO_WritePin  stm32f1xx_hal_gpio.o
    0x08000b88   0x0000000c   Code   RO          145    i.HAL_GetTick       stm32f1xx_hal.o
    0x08000b94   0x000001d0   Code   RO         1153    i.HAL_I2C_Init      stm32f1xx_hal_i2c.o
    0x08000d64   0x00000164   Code   RO         1174    i.HAL_I2C_Mem_Write  stm32f1xx_hal_i2c.o
    0x08000ec8   0x00000074   Code   RO         2834    i.HAL_I2C_MspInit   i2c.o
    0x08000f3c   0x00000018   Code   RO          151    i.HAL_IncTick       stm32f1xx_hal.o
    0x08000f54   0x00000028   Code   RO          152    i.HAL_Init          stm32f1xx_hal.o
    0x08000f7c   0x000000b4   Code   RO         3029    i.HAL_InitTick      stm32f1xx_hal_timebase_tim.o
    0x08001030   0x00000060   Code   RO         3005    i.HAL_MspInit       stm32f1xx_hal_msp.o
    0x08001090   0x00000044   Code   RO          615    i.HAL_NVIC_DisableIRQ  stm32f1xx_hal_cortex.o
    0x080010d4   0x00000020   Code   RO          616    i.HAL_NVIC_EnableIRQ  stm32f1xx_hal_cortex.o
    0x080010f4   0x0000007c   Code   RO          622    i.HAL_NVIC_SetPriority  stm32f1xx_hal_cortex.o
    0x08001170   0x00000028   Code   RO          623    i.HAL_NVIC_SetPriorityGrouping  stm32f1xx_hal_cortex.o
    0x08001198   0x0000018c   Code   RO          309    i.HAL_RCC_ClockConfig  stm32f1xx_hal_rcc.o
    0x08001324   0x00000044   Code   RO          313    i.HAL_RCC_GetClockConfig  stm32f1xx_hal_rcc.o
    0x08001368   0x0000000c   Code   RO          314    i.HAL_RCC_GetHCLKFreq  stm32f1xx_hal_rcc.o
    0x08001374   0x00000020   Code   RO          316    i.HAL_RCC_GetPCLK1Freq  stm32f1xx_hal_rcc.o
    0x08001394   0x00000070   Code   RO          318    i.HAL_RCC_GetSysClockFreq  stm32f1xx_hal_rcc.o
    0x08001404   0x00000464   Code   RO          321    i.HAL_RCC_OscConfig  stm32f1xx_hal_rcc.o
    0x08001868   0x00000002   Code   RO         2336    i.HAL_TIMEx_BreakCallback  stm32f1xx_hal_tim_ex.o
    0x0800186a   0x00000002   Code   RO         2337    i.HAL_TIMEx_CommutCallback  stm32f1xx_hal_tim_ex.o
    0x0800186c   0x00000084   Code   RO         2355    i.HAL_TIMEx_MasterConfigSynchronization  stm32f1xx_hal_tim_ex.o
    0x080018f0   0x00000078   Code   RO         1619    i.HAL_TIM_Base_DeInit  stm32f1xx_hal_tim.o
    0x08001968   0x00000066   Code   RO         1621    i.HAL_TIM_Base_Init  stm32f1xx_hal_tim.o
    0x080019ce   0x00000002   PAD
    0x080019d0   0x00000028   Code   RO         2875    i.HAL_TIM_Base_MspDeInit  tim.o
    0x080019f8   0x00000044   Code   RO         2876    i.HAL_TIM_Base_MspInit  tim.o
    0x08001a3c   0x00000078   Code   RO         1626    i.HAL_TIM_Base_Start_IT  stm32f1xx_hal_tim.o
    0x08001ab4   0x0000010c   Code   RO         1630    i.HAL_TIM_ConfigClockSource  stm32f1xx_hal_tim.o
    0x08001bc0   0x00000002   Code   RO         1655    i.HAL_TIM_IC_CaptureCallback  stm32f1xx_hal_tim.o
    0x08001bc2   0x00000196   Code   RO         1669    i.HAL_TIM_IRQHandler  stm32f1xx_hal_tim.o
    0x08001d58   0x00000002   Code   RO         1672    i.HAL_TIM_OC_DelayElapsedCallback  stm32f1xx_hal_tim.o
    0x08001d5a   0x00000104   Code   RO         1693    i.HAL_TIM_PWM_ConfigChannel  stm32f1xx_hal_tim.o
    0x08001e5e   0x00000002   Code   RO         1699    i.HAL_TIM_PWM_PulseFinishedCallback  stm32f1xx_hal_tim.o
    0x08001e60   0x000000d4   Code   RO         1701    i.HAL_TIM_PWM_Start  stm32f1xx_hal_tim.o
    0x08001f34   0x0000009c   Code   RO         1704    i.HAL_TIM_PWM_Stop  stm32f1xx_hal_tim.o
    0x08001fd0   0x00000018   Code   RO         2641    i.HAL_TIM_PeriodElapsedCallback  main.o
    0x08001fe8   0x00000002   Code   RO         1712    i.HAL_TIM_TriggerCallback  stm32f1xx_hal_tim.o
    0x08001fea   0x00000004   Code   RO         2922    i.HardFault_Handler  stm32f1xx_it.o
    0x08001fee   0x0000003e   Code   RO         1197    i.I2C_IsAcknowledgeFailed  stm32f1xx_hal_i2c.o
    0x0800202c   0x000000e0   Code   RO         1209    i.I2C_RequestMemoryWrite  stm32f1xx_hal_i2c.o
    0x0800210c   0x00000066   Code   RO         1217    i.I2C_WaitOnBTFFlagUntilTimeout  stm32f1xx_hal_i2c.o
    0x08002172   0x000000be   Code   RO         1218    i.I2C_WaitOnFlagUntilTimeout  stm32f1xx_hal_i2c.o
    0x08002230   0x000000fa   Code   RO         1219    i.I2C_WaitOnMasterAddressFlagUntilTimeout  stm32f1xx_hal_i2c.o
    0x0800232a   0x00000066   Code   RO         1223    i.I2C_WaitOnTXEFlagUntilTimeout  stm32f1xx_hal_i2c.o
    0x08002390   0x00000050   Code   RO         5486    i.MPU_Get_Accelerometer  mpu6050.o
    0x080023e0   0x00000048   Code   RO         5576    i.MPU_IIC_Ack       mpu6050iic.o
    0x08002428   0x00000038   Code   RO         5577    i.MPU_IIC_Init      mpu6050iic.o
    0x08002460   0x00000044   Code   RO         5578    i.MPU_IIC_NAck      mpu6050iic.o
    0x080024a4   0x00000060   Code   RO         5579    i.MPU_IIC_Read_Byte  mpu6050iic.o
    0x08002504   0x00000058   Code   RO         5580    i.MPU_IIC_Send_Byte  mpu6050iic.o
    0x0800255c   0x00000044   Code   RO         5581    i.MPU_IIC_Start     mpu6050iic.o
    0x080025a0   0x00000044   Code   RO         5582    i.MPU_IIC_Stop      mpu6050iic.o
    0x080025e4   0x0000005c   Code   RO         5583    i.MPU_IIC_Wait_Ack  mpu6050iic.o
    0x08002640   0x0000007a   Code   RO         5489    i.MPU_Init          mpu6050.o
    0x080026ba   0x0000003a   Code   RO         5490    i.MPU_Read_Byte     mpu6050.o
    0x080026f4   0x00000074   Code   RO         5491    i.MPU_Read_Len      mpu6050.o
    0x08002768   0x0000002c   Code   RO         5584    i.MPU_SDA_IN        mpu6050iic.o
    0x08002794   0x0000002c   Code   RO         5585    i.MPU_SDA_OUT       mpu6050iic.o
    0x080027c0   0x00000010   Code   RO         5492    i.MPU_Set_Accel_Fsr  mpu6050.o
    0x080027d0   0x00000010   Code   RO         5493    i.MPU_Set_Gyro_Fsr  mpu6050.o
    0x080027e0   0x0000003a   Code   RO         5494    i.MPU_Set_LPF       mpu6050.o
    0x0800281a   0x0000003a   Code   RO         5495    i.MPU_Set_Rate      mpu6050.o
    0x08002854   0x00000044   Code   RO         5496    i.MPU_Write_Byte    mpu6050.o
    0x08002898   0x00000060   Code   RO         5497    i.MPU_Write_Len     mpu6050.o
    0x080028f8   0x000000f4   Code   RO         2748    i.MX_FREERTOS_Init  freertos.o
    0x080029ec   0x00000120   Code   RO         2723    i.MX_GPIO_Init      gpio.o
    0x08002b0c   0x0000003c   Code   RO         2835    i.MX_I2C1_Init      i2c.o
    0x08002b48   0x00000078   Code   RO         2877    i.MX_TIM1_Init      tim.o
    0x08002bc0   0x00000004   Code   RO         2923    i.MemManage_Handler  stm32f1xx_it.o
    0x08002bc4   0x00000004   Code   RO         2924    i.NMI_Handler       stm32f1xx_it.o
    0x08002bc8   0x00000038   Code   RO         6064    i.OLED_Clear        oled.o
    0x08002c00   0x00000016   Code   RO         6067    i.OLED_Display_On   oled.o
    0x08002c16   0x00000002   PAD
    0x08002c18   0x00000024   Code   RO         6070    i.OLED_Init         oled.o
    0x08002c3c   0x00000024   Code   RO         6073    i.OLED_Set_Pos      oled.o
    0x08002c60   0x000000e4   Code   RO         6075    i.OLED_ShowChar     oled.o
    0x08002d44   0x00000094   Code   RO         6076    i.OLED_ShowNum      oled.o
    0x08002dd8   0x00000068   Code   RO         6077    i.OLED_ShowString   oled.o
    0x08002e40   0x00000028   Code   RO         6081    i.OLED_WR_CMD       oled.o
    0x08002e68   0x00000028   Code   RO         6082    i.OLED_WR_DATA      oled.o
    0x08002e90   0x00000024   Code   RO         4809    i.PassiveBuzzer_Control  driver_passive_buzzer.o
    0x08002eb4   0x000000a0   Code   RO         4810    i.PassiveBuzzer_Init  driver_passive_buzzer.o
    0x08002f54   0x000000ac   Code   RO         4811    i.PassiveBuzzer_Set_Freq_Duty  driver_passive_buzzer.o
    0x08003000   0x00000028   Code   RO          322    i.RCC_Delay         stm32f1xx_hal_rcc.o
    0x08003028   0x00000188   Code   RO         5747    i.ShowMenuTask      showmenu.o
    0x080031b0   0x00000108   Code   RO         6007    i.ShowStepTask      showsteptask.o
    0x080032b8   0x00000208   Code   RO         5654    i.ShowTimeTask      showtimetask.o
    0x080034c0   0x0000019c   Code   RO         5748    i.ShowUI            showmenu.o
    0x0800365c   0x00000030   Code   RO         2749    i.StartDefaultTask  freertos.o
    0x0800368c   0x00000034   Code   RO         4648    i.SysTick_Handler   port.o
    0x080036c0   0x00000066   Code   RO         2642    i.SystemClock_Config  main.o
    0x08003726   0x00000002   Code   RO         2604    i.SystemInit        system_stm32f1xx.o
    0x08003728   0x0000000c   Code   RO         4890    i.SystemSoundTimer_Func  beep.o
    0x08003734   0x00000010   Code   RO         2925    i.TIM1_BRK_IRQHandler  stm32f1xx_it.o
    0x08003744   0x00000010   Code   RO         2926    i.TIM4_IRQHandler   stm32f1xx_it.o
    0x08003754   0x00000074   Code   RO         1714    i.TIM_Base_SetConfig  stm32f1xx_hal_tim.o
    0x080037c8   0x00000022   Code   RO         1715    i.TIM_CCxChannelCmd  stm32f1xx_hal_tim.o
    0x080037ea   0x00000016   Code   RO         1725    i.TIM_ETR_SetConfig  stm32f1xx_hal_tim.o
    0x08003800   0x00000012   Code   RO         1726    i.TIM_ITRx_SetConfig  stm32f1xx_hal_tim.o
    0x08003812   0x00000002   PAD
    0x08003814   0x00000060   Code   RO         1727    i.TIM_OC1_SetConfig  stm32f1xx_hal_tim.o
    0x08003874   0x00000068   Code   RO         1728    i.TIM_OC2_SetConfig  stm32f1xx_hal_tim.o
    0x080038dc   0x00000068   Code   RO         1729    i.TIM_OC3_SetConfig  stm32f1xx_hal_tim.o
    0x08003944   0x00000048   Code   RO         1730    i.TIM_OC4_SetConfig  stm32f1xx_hal_tim.o
    0x0800398c   0x00000026   Code   RO         1732    i.TIM_TI1_ConfigInputStage  stm32f1xx_hal_tim.o
    0x080039b2   0x00000028   Code   RO         1734    i.TIM_TI2_ConfigInputStage  stm32f1xx_hal_tim.o
    0x080039da   0x00000002   PAD
    0x080039dc   0x0000009c   Code   RO         5655    i.TimerCallBackFun  showtimetask.o
    0x08003a78   0x00000004   Code   RO         2927    i.UsageFault_Handler  stm32f1xx_it.o
    0x08003a7c   0x00000020   Code   RO         6459    i.__0printf$8       mc_w.l(printf8.o)
    0x08003a9c   0x00000010   Code   RO          629    i.__NVIC_GetPriorityGrouping  stm32f1xx_hal_cortex.o
    0x08003aac   0x00000028   Code   RO          630    i.__NVIC_SetPriority  stm32f1xx_hal_cortex.o
    0x08003ad4   0x00000006   Code   RO         4162    i.__get_BASEPRI     cmsis_os2.o
    0x08003ada   0x00000006   Code   RO         4163    i.__get_IPSR        cmsis_os2.o
    0x08003ae0   0x00000006   Code   RO         4164    i.__get_PRIMASK     cmsis_os2.o
    0x08003ae6   0x0000000e   Code   RO         6631    i.__scatterload_copy  mc_w.l(handlers.o)
    0x08003af4   0x00000002   Code   RO         6632    i.__scatterload_null  mc_w.l(handlers.o)
    0x08003af6   0x0000000e   Code   RO         6633    i.__scatterload_zeroinit  mc_w.l(handlers.o)
    0x08003b04   0x00000410   Code   RO         6466    i._printf_core      mc_w.l(printf8.o)
    0x08003f14   0x00000024   Code   RO         6467    i._printf_post_padding  mc_w.l(printf8.o)
    0x08003f38   0x0000002e   Code   RO         6468    i._printf_pre_padding  mc_w.l(printf8.o)
    0x08003f66   0x00000002   PAD
    0x08003f68   0x00000094   Code   RO         4926    i.accel_self_test   inv_mpu.o
    0x08003ffc   0x00000030   Code   RO         4891    i.buzzer_buzz       beep.o
    0x0800402c   0x00000030   Code   RO         4892    i.buzzer_init       beep.o
    0x0800405c   0x000000bc   Code   RO         6008    i.detect_step       showsteptask.o
    0x08004118   0x0000003c   Code   RO         5289    i.dmp_enable_6x_lp_quat  inv_mpu_dmp_motion_driver.o
    0x08004154   0x0000021c   Code   RO         5290    i.dmp_enable_feature  inv_mpu_dmp_motion_driver.o
    0x08004370   0x00000058   Code   RO         5291    i.dmp_enable_gyro_cal  inv_mpu_dmp_motion_driver.o
    0x080043c8   0x0000003c   Code   RO         5292    i.dmp_enable_lp_quat  inv_mpu_dmp_motion_driver.o
    0x08004404   0x00000018   Code   RO         5297    i.dmp_load_motion_driver_firmware  inv_mpu_dmp_motion_driver.o
    0x0800441c   0x00000130   Code   RO         5301    i.dmp_set_accel_bias  inv_mpu_dmp_motion_driver.o
    0x0800454c   0x00000070   Code   RO         5302    i.dmp_set_fifo_rate  inv_mpu_dmp_motion_driver.o
    0x080045bc   0x00000130   Code   RO         5303    i.dmp_set_gyro_bias  inv_mpu_dmp_motion_driver.o
    0x080046ec   0x00000138   Code   RO         5305    i.dmp_set_orientation  inv_mpu_dmp_motion_driver.o
    0x08004824   0x00000038   Code   RO         5308    i.dmp_set_shake_reject_thresh  inv_mpu_dmp_motion_driver.o
    0x0800485c   0x00000026   Code   RO         5309    i.dmp_set_shake_reject_time  inv_mpu_dmp_motion_driver.o
    0x08004882   0x00000026   Code   RO         5310    i.dmp_set_shake_reject_timeout  inv_mpu_dmp_motion_driver.o
    0x080048a8   0x00000046   Code   RO         5311    i.dmp_set_tap_axes  inv_mpu_dmp_motion_driver.o
    0x080048ee   0x00000026   Code   RO         5312    i.dmp_set_tap_count  inv_mpu_dmp_motion_driver.o
    0x08004914   0x000001a0   Code   RO         5313    i.dmp_set_tap_thresh  inv_mpu_dmp_motion_driver.o
    0x08004ab4   0x00000026   Code   RO         5314    i.dmp_set_tap_time  inv_mpu_dmp_motion_driver.o
    0x08004ada   0x00000026   Code   RO         5315    i.dmp_set_tap_time_multi  inv_mpu_dmp_motion_driver.o
    0x08004b00   0x000000bc   Code   RO         6009    i.filter_calculate  showsteptask.o
    0x08004bbc   0x00000012   Code   RO         6594    i.fputc             mc_w.l(fputc.o)
    0x08004bce   0x00000002   PAD
    0x08004bd0   0x000000b4   Code   RO         4927    i.get_accel_prod_shift  inv_mpu.o
    0x08004c84   0x00000470   Code   RO         4928    i.get_st_biases     inv_mpu.o
    0x080050f4   0x00000110   Code   RO         4929    i.gyro_self_test    inv_mpu.o
    0x08005204   0x00000028   Code   RO         4930    i.inv_orientation_matrix_to_scalar  inv_mpu.o
    0x0800522c   0x0000004e   Code   RO         4931    i.inv_row_2_scale   inv_mpu.o
    0x0800527a   0x000000ae   Code   RO         6010    i.is_most_active    showsteptask.o
    0x08005328   0x00000024   Code   RO         2643    i.main              main.o
    0x0800534c   0x00000018   Code   RO         4856    i.mdelay            driver_timer.o
    0x08005364   0x00000070   Code   RO         4933    i.mpu_configure_fifo  inv_mpu.o
    0x080053d4   0x000000a0   Code   RO         4935    i.mpu_dmp_init      inv_mpu.o
    0x08005474   0x0000004c   Code   RO         4936    i.mpu_get_accel_fsr  inv_mpu.o
    0x080054c0   0x00000054   Code   RO         4938    i.mpu_get_accel_sens  inv_mpu.o
    0x08005514   0x00000010   Code   RO         4943    i.mpu_get_fifo_config  inv_mpu.o
    0x08005524   0x00000044   Code   RO         4944    i.mpu_get_gyro_fsr  inv_mpu.o
    0x08005568   0x00000050   Code   RO         4946    i.mpu_get_gyro_sens  inv_mpu.o
    0x080055b8   0x00000050   Code   RO         4948    i.mpu_get_lpf       inv_mpu.o
    0x08005608   0x00000020   Code   RO         4950    i.mpu_get_sample_rate  inv_mpu.o
    0x08005628   0x000001f0   Code   RO         4952    i.mpu_init          inv_mpu.o
    0x08005818   0x000000b8   Code   RO         4953    i.mpu_load_firmware  inv_mpu.o
    0x080058d0   0x000000e0   Code   RO         4954    i.mpu_lp_accel_mode  inv_mpu.o
    0x080059b0   0x00000080   Code   RO         4958    i.mpu_read_mem      inv_mpu.o
    0x08005a30   0x000001c8   Code   RO         4961    i.mpu_reset_fifo    inv_mpu.o
    0x08005bf8   0x0000011c   Code   RO         4962    i.mpu_run_self_test  inv_mpu.o
    0x08005d14   0x00000084   Code   RO         4964    i.mpu_set_accel_fsr  inv_mpu.o
    0x08005d98   0x0000014c   Code   RO         4965    i.mpu_set_bypass    inv_mpu.o
    0x08005ee4   0x00000090   Code   RO         4967    i.mpu_set_dmp_state  inv_mpu.o
    0x08005f74   0x00000088   Code   RO         4968    i.mpu_set_gyro_fsr  inv_mpu.o
    0x08005ffc   0x0000006c   Code   RO         4969    i.mpu_set_int_latched  inv_mpu.o
    0x08006068   0x00000084   Code   RO         4971    i.mpu_set_lpf       inv_mpu.o
    0x080060ec   0x0000009c   Code   RO         4972    i.mpu_set_sample_rate  inv_mpu.o
    0x08006188   0x000000d0   Code   RO         4973    i.mpu_set_sensors   inv_mpu.o
    0x08006258   0x00000080   Code   RO         4974    i.mpu_write_mem     inv_mpu.o
    0x080062d8   0x00000016   Code   RO         6083    i.oled_pow          oled.o
    0x080062ee   0x00000002   PAD
    0x080062f0   0x00000038   Code   RO         4165    i.osDelay           cmsis_os2.o
    0x08006328   0x00000040   Code   RO         4179    i.osKernelInitialize  cmsis_os2.o
    0x08006368   0x00000044   Code   RO         4182    i.osKernelStart     cmsis_os2.o
    0x080063ac   0x000000dc   Code   RO         4216    i.osThreadNew       cmsis_os2.o
    0x08006488   0x000000c0   Code   RO         6011    i.peak_update       showsteptask.o
    0x08006548   0x0000007c   Code   RO         3637    i.prvAddCurrentTaskToDelayedList  tasks.o
    0x080065c4   0x000000b8   Code   RO         3638    i.prvAddNewTaskToReadyList  tasks.o
    0x0800667c   0x00000074   Code   RO         3998    i.prvCheckForValidListAndQueue  timers.o
    0x080066f0   0x00000048   Code   RO         3639    i.prvCheckTasksWaitingTermination  tasks.o
    0x08006738   0x0000002a   Code   RO         3233    i.prvCopyDataFromQueue  queue.o
    0x08006762   0x0000007c   Code   RO         3234    i.prvCopyDataToQueue  queue.o
    0x080067de   0x00000050   Code   RO         3640    i.prvDeleteTCB      tasks.o
    0x0800682e   0x00000002   PAD
    0x08006830   0x00000028   Code   RO         3999    i.prvGetNextExpireTime  timers.o
    0x08006858   0x0000007c   Code   RO         4598    i.prvHeapInit       heap_4.o
    0x080068d4   0x00000028   Code   RO         3641    i.prvIdleTask       tasks.o
    0x080068fc   0x0000002a   Code   RO         3237    i.prvInitialiseNewQueue  queue.o
    0x08006926   0x000000b4   Code   RO         3642    i.prvInitialiseNewTask  tasks.o
    0x080069da   0x0000004e   Code   RO         4000    i.prvInitialiseNewTimer  timers.o
    0x08006a28   0x00000068   Code   RO         3643    i.prvInitialiseTaskLists  tasks.o
    0x08006a90   0x00000068   Code   RO         4599    i.prvInsertBlockIntoFreeList  heap_4.o
    0x08006af8   0x00000058   Code   RO         4001    i.prvInsertTimerInActiveList  timers.o
    0x08006b50   0x0000001a   Code   RO         3238    i.prvIsQueueEmpty   queue.o
    0x08006b6a   0x0000001e   Code   RO         3239    i.prvIsQueueFull    queue.o
    0x08006b88   0x00000064   Code   RO         4002    i.prvProcessExpiredTimer  timers.o
    0x08006bec   0x00000128   Code   RO         4003    i.prvProcessReceivedCommands  timers.o
    0x08006d14   0x00000074   Code   RO         4004    i.prvProcessTimerOrBlockTask  timers.o
    0x08006d88   0x00000034   Code   RO         3645    i.prvResetNextTaskUnblockTime  tasks.o
    0x08006dbc   0x0000002c   Code   RO         4005    i.prvSampleTimeNow  timers.o
    0x08006de8   0x000000a0   Code   RO         4006    i.prvSwitchTimerLists  timers.o
    0x08006e88   0x00000040   Code   RO         4649    i.prvTaskExitError  port.o
    0x08006ec8   0x00000058   Code   RO         3647    i.prvTaskIsTaskSuspended  tasks.o
    0x08006f20   0x0000001a   Code   RO         4007    i.prvTimerTask      timers.o
    0x08006f3a   0x0000007e   Code   RO         3240    i.prvUnlockQueue    queue.o
    0x08006fb8   0x0000013c   Code   RO         4600    i.pvPortMalloc      heap_4.o
    0x080070f4   0x00000024   Code   RO         4650    i.pxPortInitialiseStack  port.o
    0x08007118   0x00000094   Code   RO         4975    i.run_self_test     inv_mpu.o
    0x080071ac   0x00000090   Code   RO         4976    i.set_int_enable    inv_mpu.o
    0x0800723c   0x0000002c   Code   RO         5749    i.simple_animation_left  showmenu.o
    0x08007268   0x0000002c   Code   RO         5750    i.simple_animation_right  showmenu.o
    0x08007294   0x000000ce   Code   RO         6012    i.slid_update       showsteptask.o
    0x08007362   0x00000002   PAD
    0x08007364   0x00000048   Code   RO         4858    i.udelay            driver_timer.o
    0x080073ac   0x00000028   Code   RO         3193    i.uxListRemove      list.o
    0x080073d4   0x00000018   Code   RO         4228    i.vApplicationGetIdleTaskMemory  cmsis_os2.o
    0x080073ec   0x00000018   Code   RO         4229    i.vApplicationGetTimerTaskMemory  cmsis_os2.o
    0x08007404   0x0000001a   Code   RO         3194    i.vListInitialise   list.o
    0x0800741e   0x00000006   Code   RO         3195    i.vListInitialiseItem  list.o
    0x08007424   0x00000034   Code   RO         3196    i.vListInsert       list.o
    0x08007458   0x00000018   Code   RO         3197    i.vListInsertEnd    list.o
    0x08007470   0x00000054   Code   RO         4652    i.vPortEnterCritical  port.o
    0x080074c4   0x0000003c   Code   RO         4653    i.vPortExitCritical  port.o
    0x08007500   0x00000094   Code   RO         4601    i.vPortFree         heap_4.o
    0x08007594   0x00000028   Code   RO         4654    i.vPortSetupTimerInterrupt  port.o
    0x080075bc   0x00000078   Code   RO         4655    i.vPortValidateInterruptPriority  port.o
    0x08007634   0x0000002c   Code   RO         3246    i.vQueueAddToRegistry  queue.o
    0x08007660   0x0000004a   Code   RO         3250    i.vQueueWaitForMessageRestricted  queue.o
    0x080076aa   0x00000002   PAD
    0x080076ac   0x0000005c   Code   RO         3657    i.vTaskDelay        tasks.o
    0x08007708   0x00000018   Code   RO         3662    i.vTaskInternalSetTimeOutState  tasks.o
    0x08007720   0x0000000c   Code   RO         3663    i.vTaskMissedYield  tasks.o
    0x0800772c   0x00000038   Code   RO         3665    i.vTaskPlaceOnEventList  tasks.o
    0x08007764   0x00000040   Code   RO         3666    i.vTaskPlaceOnEventListRestricted  tasks.o
    0x080077a4   0x00000090   Code   RO         3671    i.vTaskResume       tasks.o
    0x08007834   0x000000b8   Code   RO         3674    i.vTaskStartScheduler  tasks.o
    0x080078ec   0x000000c8   Code   RO         3675    i.vTaskSuspend      tasks.o
    0x080079b4   0x00000010   Code   RO         3676    i.vTaskSuspendAll   tasks.o
    0x080079c4   0x00000090   Code   RO         3677    i.vTaskSwitchContext  tasks.o
    0x08007a54   0x000000f8   Code   RO         4656    i.xPortStartScheduler  port.o
    0x08007b4c   0x0000005e   Code   RO         3255    i.xQueueGenericCreate  queue.o
    0x08007baa   0x000000de   Code   RO         3256    i.xQueueGenericCreateStatic  queue.o
    0x08007c88   0x00000098   Code   RO         3257    i.xQueueGenericReset  queue.o
    0x08007d20   0x000001a8   Code   RO         3258    i.xQueueGenericSend  queue.o
    0x08007ec8   0x000000f8   Code   RO         3259    i.xQueueGenericSendFromISR  queue.o
    0x08007fc0   0x00000168   Code   RO         3268    i.xQueueReceive     queue.o
    0x08008128   0x0000008c   Code   RO         3678    i.xTaskCheckForTimeOut  tasks.o
    0x080081b4   0x00000064   Code   RO         3679    i.xTaskCreate       tasks.o
    0x08008218   0x000000b8   Code   RO         3680    i.xTaskCreateStatic  tasks.o
    0x080082d0   0x00000020   Code   RO         3684    i.xTaskGetSchedulerState  tasks.o
    0x080082f0   0x0000000c   Code   RO         3685    i.xTaskGetTickCount  tasks.o
    0x080082fc   0x00000144   Code   RO         3687    i.xTaskIncrementTick  tasks.o
    0x08008440   0x000000a4   Code   RO         3690    i.xTaskPriorityDisinherit  tasks.o
    0x080084e4   0x00000098   Code   RO         3692    i.xTaskRemoveFromEventList  tasks.o
    0x0800857c   0x00000104   Code   RO         3693    i.xTaskResumeAll    tasks.o
    0x08008680   0x00000036   Code   RO         4012    i.xTimerCreate      timers.o
    0x080086b6   0x00000002   PAD
    0x080086b8   0x00000078   Code   RO         4014    i.xTimerCreateTimerTask  timers.o
    0x08008730   0x00000084   Code   RO         4015    i.xTimerGenericCommand  timers.o
    0x080087b4   0x00000012   Data   RO          323    .constdata          stm32f1xx_hal_rcc.o
    0x080087c6   0x00000018   Data   RO         2605    .constdata          system_stm32f1xx.o
    0x080087de   0x00000002   PAD
    0x080087e0   0x00000024   Data   RO         2750    .constdata          freertos.o
    0x08008804   0x00000050   Data   RO         4978    .constdata          inv_mpu.o
    0x08008854   0x00000bf6   Data   RO         5317    .constdata          inv_mpu_dmp_motion_driver.o
    0x0800944a   0x00000032   Data   RO         5751    .constdata          showmenu.o
    0x0800947c   0x000008c8   Data   RO         6202    .constdata          oledfont.o
    0x08009d44   0x0000000c   Data   RO         2751    .conststring        freertos.o
    0x08009d50   0x0000004d   Data   RO         4979    .conststring        inv_mpu.o
    0x08009d9d   0x00000003   PAD
    0x08009da0   0x00000024   Data   RO         5752    .conststring        showmenu.o
    0x08009dc4   0x00000020   Data   RO         6629    Region$$Table       anon$$obj.o


    Execution Region RW_IRAM1 (Base: 0x20000000, Size: 0x000034b8, Max: 0x00005000, ABSOLUTE, COMPRESSED[0x000000d4])

    Base Addr    Size         Type   Attr      Idx    E Section Name        Object

    0x20000000   0x00000009   Data   RW          159    .data               stm32f1xx_hal.o
    0x20000009   0x00000003   PAD
    0x2000000c   0x00000004   Data   RW         2606    .data               system_stm32f1xx.o
    0x20000010   0x00000044   Data   RW         2752    .data               freertos.o
    0x20000054   0x0000003c   Data   RW         3696    .data               tasks.o
    0x20000090   0x00000014   Data   RW         4023    .data               timers.o
    0x200000a4   0x00000004   Data   RW         4231    .data               cmsis_os2.o
    0x200000a8   0x00000018   Data   RW         4606    .data               heap_4.o
    0x200000c0   0x0000000c   Data   RW         4657    .data               port.o
    0x200000cc   0x00000004   Data   RW         4813    .data               driver_passive_buzzer.o
    0x200000d0   0x00000004   Data   RW         4893    .data               beep.o
    0x200000d4   0x00000035   Data   RW         4980    .data               inv_mpu.o
    0x20000109   0x00000003   PAD
    0x2000010c   0x00000048   Data   RW         5656    .data               showtimetask.o
    0x20000154   0x00000090   Data   RW         5753    .data               showmenu.o
    0x200001e4   0x00000034   Data   RW         5855    .data               showclock.o
    0x20000218   0x00000068   Data   RW         5921    .data               showsetting.o
    0x20000280   0x00000010   Data   RW         6014    .data               showsteptask.o
    0x20000290   0x00000017   Data   RW         6084    .data               oled.o
    0x200002a7   0x00000001   PAD
    0x200002a8   0x00000004   Data   RW         6596    .data               mc_w.l(stdout.o)
    0x200002ac   0x00000054   Zero   RW         2836    .bss                i2c.o
    0x20000300   0x00000048   Zero   RW         2878    .bss                tim.o
    0x20000348   0x00000048   Zero   RW         3032    .bss                stm32f1xx_hal_timebase_tim.o
    0x20000390   0x00000040   Zero   RW         3272    .bss                queue.o
    0x200003d0   0x000004c4   Zero   RW         3695    .bss                tasks.o
    0x20000894   0x00000118   Zero   RW         4022    .bss                timers.o
    0x200009ac   0x000006b8   Zero   RW         4230    .bss                cmsis_os2.o
    0x20001064   0x00002000   Zero   RW         4605    .bss                heap_4.o
    0x20003064   0x00000010   Zero   RW         5316    .bss                inv_mpu_dmp_motion_driver.o
    0x20003074   0x0000003e   Zero   RW         6013    .bss                showsteptask.o
    0x200030b2   0x00000006   PAD
    0x200030b8   0x00000400   Zero   RW            1    STACK               startup_stm32f103xb.o


==============================================================================

Image component sizes


      Code (inc. data)   RO Data    RW Data    ZI Data      Debug   Object Name

       108         28          0          4          0       1476   beep.o
       474         38          0          4       1720      14166   cmsis_os2.o
       368         32          0          4          0       2339   driver_passive_buzzer.o
        96          4          0          0          0       1498   driver_timer.o
         0          0          0          0          0      17576   event_groups.o
       600        138         48         68          0      15541   freertos.o
       288         22          0          0          0        943   gpio.o
       692         62          0         24       8192       4455   heap_4.o
       176         24          0          0         84       1469   i2c.o
      6102        282        157         53          0      26036   inv_mpu.o
      2536        112       3062          0         16      17322   inv_mpu_dmp_motion_driver.o
       148          0          0          0          0       3206   list.o
       168          6          0          0          0      10308   main.o
       688          0          0          0          0       6023   mpu6050.o
       696         44          0          0          0       4833   mpu6050iic.o
       732         26          0         23          0       5978   oled.o
         0          0       2248          0          0        574   oledfont.o
       854         78          0         12          0      10537   port.o
      2008         20          0          0         64      14398   queue.o
       104         10          0         52          0       1889   showclock.o
       892        140         86        144          0       4348   showmenu.o
         0          0          0        104          0       1348   showsetting.o
      1212         68          0         16         62       5612   showsteptask.o
       676        110          0         72          0       4197   showtimetask.o
        36          8        236          0       1024        772   startup_stm32f103xb.o
       116         24          0          9          0       5026   stm32f1xx_hal.o
       320         28          0          0          0      29116   stm32f1xx_hal_cortex.o
       856         38          0          0          0       3726   stm32f1xx_hal_gpio.o
         0          0          0          0          0     424576   stm32f1xx_hal_gpio_ex.o
      1750         30          0          0          0       7643   stm32f1xx_hal_i2c.o
        96         10          0          0          0        834   stm32f1xx_hal_msp.o
      1784         98         18          0          0       5758   stm32f1xx_hal_rcc.o
      2296         64          0          0          0      14884   stm32f1xx_hal_tim.o
       136         14          0          0          0       2281   stm32f1xx_hal_tim_ex.o
       180         22          0          0         72       1359   stm32f1xx_hal_timebase_tim.o
        94         12          0          0          0       4602   stm32f1xx_it.o
         0          0          0          0          0       8864   stream_buffer.o
         2          0         24          4          0       1023   system_stm32f1xx.o
      3228        396          0         60       1220      24883   tasks.o
       228         28          0          0         72       2003   tim.o
      1370        124          0         20        280      27650   timers.o

    ----------------------------------------------------------------------
     32132       2140       5916        680      12812     741072   Object Totals
         0          0         32          0          0          0   (incl. Generated)
        22          0          5          7          6          0   (incl. Padding)

    ----------------------------------------------------------------------

      Code (inc. data)   RO Data    RW Data    ZI Data      Debug   Library Member Name

        86          0          0          0          0          0   __dczerorl2.o
         0          0          0          0          0          0   entry.o
         0          0          0          0          0          0   entry10a.o
         0          0          0          0          0          0   entry11a.o
         8          4          0          0          0          0   entry2.o
         4          0          0          0          0          0   entry5.o
         0          0          0          0          0          0   entry7b.o
         0          0          0          0          0          0   entry8b.o
         8          4          0          0          0          0   entry9a.o
        18          0          0          0          0         80   fputc.o
        30          0          0          0          0          0   handlers.o
        36          8          0          0          0         68   init.o
         0          0          0          0          0          0   iusefp.o
         0          0          0          0          0          0   iusesemip.o
        98          0          0          0          0         84   ldiv.o
        30          0          0          0          0         68   llshl.o
        32          0          0          0          0         68   llushr.o
        26          0          0          0          0         80   memcmp.o
        36          0          0          0          0         68   memcpya.o
        36          0          0          0          0        108   memseta.o
      1154         54          0          0          0        352   printf8.o
         0          0          0          0          0          0   semi.o
         0          0          0          4          0          0   stdout.o
        98          0          0          0          0         92   uldiv.o
        20          0          0          0          0         68   cfcmple.o
        20          0          0          0          0         68   cfrcmple.o
       176          0          0          0          0        140   fadd.o
       124          0          0          0          0         88   fdiv.o
       110          0          0          0          0        168   fepilogue.o
        50          0          0          0          0         68   ffixi.o
        40          0          0          0          0         68   ffixui.o
        18          0          0          0          0         68   fflti.o
        10          0          0          0          0         68   ffltui.o
       100          0          0          0          0         76   fmul.o

    ----------------------------------------------------------------------
      2372         70          0          4          0       1948   Library Totals
         4          0          0          0          0          0   (incl. Padding)

    ----------------------------------------------------------------------

      Code (inc. data)   RO Data    RW Data    ZI Data      Debug   Library Name

      1700         70          0          4          0       1068   mc_w.l
       668          0          0          0          0        880   mf_w.l

    ----------------------------------------------------------------------
      2372         70          0          4          0       1948   Library Totals

    ----------------------------------------------------------------------

==============================================================================


      Code (inc. data)   RO Data    RW Data    ZI Data      Debug   

     34504       2210       5916        684      12812     728796   Grand Totals
     34504       2210       5916        212      12812     728796   ELF Image Totals (compressed)
     34504       2210       5916        212          0          0   ROM Totals

==============================================================================

    Total RO  Size (Code + RO Data)                40420 (  39.47kB)
    Total RW  Size (RW Data + ZI Data)             13496 (  13.18kB)
    Total ROM Size (Code + RO Data + RW Data)      40632 (  39.68kB)

==============================================================================

