<html>
<body>
<pre>
<h1>µVision Build Log</h1>
<h2>Tool Versions:</h2>
IDE-Version: ¦ÌVision V5.32.0.0
Copyright (C) 2020 ARM Ltd and ARM Germany GmbH. All rights reserved.
License Information: Wayson Chan, XXX, LIC=03C6R-KBLBU-CX0U6-DRF3K-ALN2W-J3C23
 
Tool Versions:
Toolchain:       MDK-ARM Plus  Version: 5.32.0.0
Toolchain Path:  C:\WaysonChan Files\Keil_v5\ARM\ARMCC\Bin
C Compiler:      Armcc.exe V5.06 update 7 (build 960)
Assembler:       Armasm.exe V5.06 update 7 (build 960)
Linker/Locator:  ArmLink.exe V5.06 update 7 (build 960)
Library Manager: ArmAr.exe V5.06 update 7 (build 960)
Hex Converter:   FromElf.exe V5.06 update 7 (build 960)
CPU DLL:         SARMCM3.DLL V5.32.0.0
Dialog DLL:      DCM.DLL V1.17.3.0
Target DLL:      STLink\ST-LINKIII-KEIL_SWO.dll V3.0.8.0
Dialog DLL:      TCM.DLL V1.46.0.0
 
<h2>Project:</h2>
C:\Users\30722\Desktop\Mo's Watch\MDK-ARM\hal_freertos_u8g2.uvprojx
Project File Date:  11/25/2025

<h2>Output:</h2>
*** Using Compiler 'V5.06 update 7 (build 960)', folder: 'C:\WaysonChan Files\Keil_v5\ARM\ARMCC\Bin'
Build target 'hal_freertos_u8g2'
assembling startup_stm32f103xb.s...
compiling stm32f1xx_hal_exti.c...
compiling stm32f1xx_hal_flash_ex.c...
compiling stm32f1xx_hal.c...
compiling stm32f1xx_hal_gpio.c...
compiling stm32f1xx_hal_dma.c...
compiling stm32f1xx_hal_pwr.c...
compiling stm32f1xx_hal_flash.c...
compiling stm32f1xx_hal_gpio_ex.c...
compiling stm32f1xx_hal_cortex.c...
compiling stm32f1xx_hal_rcc_ex.c...
compiling stm32f1xx_hal_rcc.c...
compiling stm32f1xx_hal_i2c.c...
compiling croutine.c...
compiling event_groups.c...
compiling list.c...
compiling queue.c...
compiling stream_buffer.c...
compiling tasks.c...
compiling stm32f1xx_it.c...
compiling timers.c...
compiling system_stm32f1xx.c...
compiling stm32f1xx_hal_timebase_tim.c...
compiling tim.c...
compiling heap_4.c...
compiling gpio.c...
compiling port.c...
compiling mui.c...
compiling u8g2_bitmap.c...
compiling stm32f1xx_hal_msp.c...
compiling u8g2_box.c...
compiling main.c...
compiling u8g2_button.c...
compiling u8g2_buffer.c...
compiling cmsis_os2.c...
compiling i2c.c...
compiling u8g2_cleardisplay.c...
compiling u8g2_d_memory.c...
compiling mui_u8g2.c...
compiling u8g2_circle.c...
compiling u8g2_d_setup.c...
..\u8g2\u8g2_d_setup.c(25): warning:  #223-D: function "HAL_Delay" declared implicitly
  		HAL_Delay(arg_int);//change it!
..\u8g2\u8g2_d_setup.c: 1 warning, 0 errors
compiling stm32f1xx_hal_tim_ex.c...
compiling u8g2_hvline.c...
compiling u8g2_input_value.c...
compiling u8g2_intersection.c...
compiling u8g2_kerning.c...
compiling u8g2_line.c...
compiling u8g2_font.c...
compiling u8g2_ll_hvline.c...
compiling u8g2_message.c...
compiling u8g2_polygon.c...
compiling u8g2_selection_list.c...
compiling freertos.c...
compiling u8log_u8x8.c...
compiling u8log.c...
compiling u8log_u8g2.c...
compiling u8g2_setup.c...
compiling u8x8_capture.c...
compiling u8x8_d_ssd1306_128x64_noname.c...
compiling u8x8_8x8.c...
compiling u8x8_debounce.c...
compiling u8x8_display.c...
compiling u8x8_cad.c...
compiling u8x8_gpio.c...
compiling u8x8_input_value.c...
compiling stm32f1xx_hal_tim.c...
compiling u8x8_fonts.c...
compiling u8x8_setup.c...
compiling u8x8_message.c...
compiling u8x8_selection_list.c...
compiling u8x8_u8toa.c...
compiling u8x8_string.c...
compiling u8x8_u16toa.c...
compiling beep.c...
compiling u8g2_fonts.c...
compiling driver_passive_buzzer.c...
compiling driver_timer.c...
compiling driver_dht11.c...
compiling u8x8_byte.c...
..\u8g2\u8x8_byte.c(468): warning:  #177-D: function "i2c_init"  was declared but never referenced
  static void i2c_init(u8x8_t *u8x8)
..\u8g2\u8x8_byte.c(503): warning:  #177-D: function "i2c_start"  was declared but never referenced
  static void i2c_start(u8x8_t *u8x8)
..\u8g2\u8x8_byte.c(521): warning:  #177-D: function "i2c_stop"  was declared but never referenced
  static void i2c_stop(u8x8_t *u8x8)
..\u8g2\u8x8_byte.c(561): warning:  #177-D: function "i2c_write_byte"  was declared but never referenced
  static void i2c_write_byte(u8x8_t *u8x8, uint8_t b)
..\u8g2\u8x8_byte.c: 4 warnings, 0 errors
compiling ShowSetting.c...
compiling Data.c...
compiling ShowTimeTask.c...
compiling ShowMenu.c...
..\mytasks\ShowMenu.c(49): warning:  #68-D: integer conversion resulted in a change of sign
  int8_t R_move_pos[5] = {-1, 9, 49, 89, 129};
..\mytasks\ShowMenu.c: 1 warning, 0 errors
compiling ShowCalendar.c...
..\mytasks\ShowCalendar.c(66): warning:  #940-D: missing return statement at end of non-void function "month_run" 
  }
..\mytasks\ShowCalendar.c(83): warning:  #940-D: missing return statement at end of non-void function "month_ping" 
  }
..\mytasks\ShowCalendar.c: 2 warnings, 0 errors
compiling ShowFlashLight.c...
compiling ShowClock.c...
compiling ShowWoodenFish.c...
compiling ShowDHT11.c...
linking...
Program Size: Code=26096 RO-data=33360 RW-data=1360 ZI-data=14560  
FromELF: creating hex file...
"hal_freertos_u8g2\hal_freertos_u8g2.axf" - 0 Error(s), 8 Warning(s).

<h2>Software Packages used:</h2>

Package Vendor: ARM
                http://www.keil.com/pack/ARM.CMSIS.5.7.0.pack
                ARM.CMSIS.5.7.0
                CMSIS (Cortex Microcontroller Software Interface Standard)
   * Component: CORE Version: 5.4.0

Package Vendor: Keil
                http://www.keil.com/pack/Keil.STM32F1xx_DFP.2.3.0.pack
                Keil.STM32F1xx_DFP.2.3.0
                STMicroelectronics STM32F1 Series Device Support, Drivers and Examples

<h2>Collection of Component include folders:</h2>
  .\RTE\_hal_freertos_u8g2
  C:\WaysonChan Files\Keil_v5\Arm\Packs\ARM\CMSIS\5.7.0\CMSIS\Core\Include
  C:\WaysonChan Files\Keil_v5\Arm\Packs\Keil\STM32F1xx_DFP\2.3.0\Device\Include

<h2>Collection of Component Files used:</h2>

   * Component: ARM::CMSIS:CORE:5.4.0
Build Time Elapsed:  00:00:10
</pre>
</body>
</html>
